Component: ARM Compiler 5.06 update 6 (build 750) Tool: armlink [4d35ed]

==============================================================================

Section Cross References

    delay.o(i.delay_ms) refers to delay.o(i.delay_us) for delay_us
    main.o(i.Start_Task) refers to port.o(i.vPortEnterCritical) for vPortEnterCritical
    main.o(i.Start_Task) refers to taskinit.o(i.TaskInit) for TaskInit
    main.o(i.Start_Task) refers to tasks.o(i.vTaskDelete) for vTaskDelete
    main.o(i.Start_Task) refers to port.o(i.vPortExitCritical) for vPortExitCritical
    main.o(i.Start_Task) refers to main.o(.data) for Start_Handler
    main.o(i.main) refers to hardwareinit.o(i.HardwareInit) for HardwareInit
    main.o(i.main) refers to tasks.o(i.xTaskCreate) for xTaskCreate
    main.o(i.main) refers to tasks.o(i.vTaskStartScheduler) for vTaskStartScheduler
    main.o(i.main) refers to main.o(.data) for Start_Handler
    main.o(i.main) refers to main.o(i.Start_Task) for Start_Task
    hardwareinit.o(i.HardwareInit) refers to hardwareinit.o(i.HardwareMapping) for HardwareMapping
    hardwareinit.o(i.HardwareInit) refers to hardwareinit.o(.bss) for Hardware
    hardwareinit.o(i.HardwareMapping) refers to gpio.o(i.SENSOR_Init) for SENSOR_Init
    hardwareinit.o(i.HardwareMapping) refers to hardwareinit.o(.bss) for Hardware
    hardwareinit.o(i.HardwareMapping) refers to gpio.o(i.Led_Init) for Led_Init
    hardwareinit.o(i.HardwareMapping) refers to tim.o(i.TIM3_Init) for TIM3_Init
    hardwareinit.o(i.HardwareMapping) refers to can.o(i.CAN1_Init_GPIOD_IO0_IO1) for CAN1_Init_GPIOD_IO0_IO1
    hardwareinit.o(i.HardwareMapping) refers to can.o(i.CAN2_Init_GPIOB_IO5_IO6) for CAN2_Init_GPIOB_IO5_IO6
    hardwareinit.o(i.HardwareMapping) refers to usart.o(i.USART1_RC_INIT_PA10_RX) for USART1_RC_INIT_PA10_RX
    hardwareinit.o(i.HardwareMapping) refers to usart.o(i.USART6_VL53L0_INIT_PC7_RX_PC6_TX) for USART6_VL53L0_INIT_PC7_RX_PC6_TX
    taskinit.o(i.TaskInit) refers to tasks.o(i.xTaskCreate) for xTaskCreate
    taskinit.o(i.TaskInit) refers to taskinit.o(.data) for Remote_Handler
    taskinit.o(i.TaskInit) refers to remote_task.o(i.Remote_Task) for Remote_Task
    taskinit.o(i.TaskInit) refers to detect_task.o(i.Detect_Task) for Detect_Task
    taskinit.o(i.TaskInit) refers to data_task.o(i.Data_Task) for Data_Task
    taskinit.o(i.TaskInit) refers to grasp_task.o(i.Grasp_Task) for Grasp_Task
    startup_stm32f40_41xxx.o(RESET) refers to startup_stm32f40_41xxx.o(STACK) for __initial_sp
    startup_stm32f40_41xxx.o(RESET) refers to startup_stm32f40_41xxx.o(.text) for Reset_Handler
    startup_stm32f40_41xxx.o(RESET) refers to stm32f4xx_it.o(i.NMI_Handler) for NMI_Handler
    startup_stm32f40_41xxx.o(RESET) refers to stm32f4xx_it.o(i.HardFault_Handler) for HardFault_Handler
    startup_stm32f40_41xxx.o(RESET) refers to stm32f4xx_it.o(i.MemManage_Handler) for MemManage_Handler
    startup_stm32f40_41xxx.o(RESET) refers to stm32f4xx_it.o(i.BusFault_Handler) for BusFault_Handler
    startup_stm32f40_41xxx.o(RESET) refers to stm32f4xx_it.o(i.UsageFault_Handler) for UsageFault_Handler
    startup_stm32f40_41xxx.o(RESET) refers to port.o(.emb_text) for SVC_Handler
    startup_stm32f40_41xxx.o(RESET) refers to stm32f4xx_it.o(i.DebugMon_Handler) for DebugMon_Handler
    startup_stm32f40_41xxx.o(RESET) refers to port.o(i.SysTick_Handler) for SysTick_Handler
    startup_stm32f40_41xxx.o(RESET) refers to can1_isr.o(i.CAN1_RX0_IRQHandler) for CAN1_RX0_IRQHandler
    startup_stm32f40_41xxx.o(RESET) refers to tim_isr.o(i.TIM3_IRQHandler) for TIM3_IRQHandler
    startup_stm32f40_41xxx.o(RESET) refers to remote_isr.o(i.DMA2_Stream1_IRQHandler) for DMA2_Stream1_IRQHandler
    startup_stm32f40_41xxx.o(RESET) refers to can2_isr.o(i.CAN2_RX0_IRQHandler) for CAN2_RX0_IRQHandler
    startup_stm32f40_41xxx.o(RESET) refers to remote_isr.o(i.DMA2_Stream5_IRQHandler) for DMA2_Stream5_IRQHandler
    startup_stm32f40_41xxx.o(RESET) refers to vl53l0.o(i.USART6_IRQHandler) for USART6_IRQHandler
    startup_stm32f40_41xxx.o(.text) refers to system_stm32f4xx.o(i.SystemInit) for SystemInit
    startup_stm32f40_41xxx.o(.text) refers to entry.o(.ARM.Collect$$$$00000000) for __main
    stm32f4xx_adc.o(i.ADC_DeInit) refers to stm32f4xx_rcc.o(i.RCC_APB2PeriphResetCmd) for RCC_APB2PeriphResetCmd
    stm32f4xx_can.o(i.CAN_DeInit) refers to stm32f4xx_rcc.o(i.RCC_APB1PeriphResetCmd) for RCC_APB1PeriphResetCmd
    stm32f4xx_can.o(i.CAN_GetITStatus) refers to stm32f4xx_can.o(i.CheckITStatus) for CheckITStatus
    stm32f4xx_cryp.o(i.CRYP_DeInit) refers to stm32f4xx_rcc.o(i.RCC_AHB2PeriphResetCmd) for RCC_AHB2PeriphResetCmd
    stm32f4xx_cryp_aes.o(i.CRYP_AES_CBC) refers to stm32f4xx_cryp.o(i.CRYP_KeyStructInit) for CRYP_KeyStructInit
    stm32f4xx_cryp_aes.o(i.CRYP_AES_CBC) refers to stm32f4xx_cryp.o(i.CRYP_FIFOFlush) for CRYP_FIFOFlush
    stm32f4xx_cryp_aes.o(i.CRYP_AES_CBC) refers to stm32f4xx_cryp.o(i.CRYP_Init) for CRYP_Init
[...]
    i.SENSOR_Init                            0x08003930   Section        0  gpio.o(i.SENSOR_Init)
    i.SetSysClock                            0x08003964   Section        0  system_stm32f4xx.o(i.SetSysClock)
    SetSysClock                              0x08003965   Thumb Code   220  system_stm32f4xx.o(i.SetSysClock)
    i.Start_Task                             0x08003a50   Section        0  main.o(i.Start_Task)
    Start_Task                               0x08003a51   Thumb Code    26  main.o(i.Start_Task)
    i.StateChange                            0x08003a70   Section        0  fms.o(i.StateChange)
    i.SysTick_Handler                        0x08003a80   Section        0  port.o(i.SysTick_Handler)
    i.SystemInit                             0x08003ab4   Section        0  system_stm32f4xx.o(i.SystemInit)
    i.TIM3_IRQHandler                        0x08003b1c   Section        0  tim_isr.o(i.TIM3_IRQHandler)
    i.TIM3_Init                              0x08003be8   Section        0  tim.o(i.TIM3_Init)
    i.TIM_ClearITPendingBit                  0x08003c44   Section        0  stm32f4xx_tim.o(i.TIM_ClearITPendingBit)
    i.TIM_Cmd                                0x08003c4a   Section        0  stm32f4xx_tim.o(i.TIM_Cmd)
    i.TIM_GetITStatus                        0x08003c62   Section        0  stm32f4xx_tim.o(i.TIM_GetITStatus)
    i.TIM_ITConfig                           0x08003c84   Section        0  stm32f4xx_tim.o(i.TIM_ITConfig)
    i.TIM_TimeBaseInit                       0x08003c98   Section        0  stm32f4xx_tim.o(i.TIM_TimeBaseInit)
    i.TaskInit                               0x08003d1c   Section        0  taskinit.o(i.TaskInit)
    i.Telescoping                            0x08003dc4   Section        0  motoraction.o(i.Telescoping)
    i.Translation                            0x08003ef0   Section        0  motoraction.o(i.Translation)
    i.USART1_RC_INIT_PA10_RX                 0x08003fd4   Section        0  usart.o(i.USART1_RC_INIT_PA10_RX)
    i.USART6_IRQHandler                      0x08004104   Section        0  vl53l0.o(i.USART6_IRQHandler)
    i.USART6_VL53L0_INIT_PC7_RX_PC6_TX       0x08004180   Section        0  usart.o(i.USART6_VL53L0_INIT_PC7_RX_PC6_TX)
    i.USART_Cmd                              0x0800429c   Section        0  stm32f4xx_usart.o(i.USART_Cmd)
    i.USART_DMACmd                           0x080042b4   Section        0  stm32f4xx_usart.o(i.USART_DMACmd)
    i.USART_DeInit                           0x080042c8   Section        0  stm32f4xx_usart.o(i.USART_DeInit)
    i.USART_GetITStatus                      0x080043b8   Section        0  stm32f4xx_usart.o(i.USART_GetITStatus)
    i.USART_ITConfig                         0x0800440c   Section        0  stm32f4xx_usart.o(i.USART_ITConfig)
    i.USART_Init                             0x08004458   Section        0  stm32f4xx_usart.o(i.USART_Init)
    i.UsageFault_Handler                     0x0800452c   Section        0  stm32f4xx_it.o(i.UsageFault_Handler)
    i.VL53L0_Data_Deal                       0x08004530   Section        0  vl53l0.o(i.VL53L0_Data_Deal)
    i.__scatterload_copy                     0x08004638   Section       14  handlers.o(i.__scatterload_copy)
    i.__scatterload_null                     0x08004646   Section        2  handlers.o(i.__scatterload_null)
    i.__scatterload_zeroinit                 0x08004648   Section       14  handlers.o(i.__scatterload_zeroinit)
    i.auto_grasp                             0x08004656   Section        0  robotaction.o(i.auto_grasp)
    i.clamp                                  0x080046ac   Section        0  motoraction.o(i.clamp)
    i.clip                                   0x080047ec   Section        0  motoraction.o(i.clip)
    i.flip2                                  0x080048f8   Section        0  motoraction.o(i.flip2)
    i.float_abs                              0x08004ae0   Section        0  mathlib.o(i.float_abs)
    i.int16_t_abs                            0x08004af4   Section        0  mathlib.o(i.int16_t_abs)
    i.main                                   0x08004b00   Section        0  main.o(i.main)
    i.pid_Cala                               0x08004b38   Section        0  graspmotor.o(i.pid_Cala)
    i.prvAddCurrentTaskToDelayedList         0x08004d88   Section        0  tasks.o(i.prvAddCurrentTaskToDelayedList)
    prvAddCurrentTaskToDelayedList           0x08004d89   Thumb Code   124  tasks.o(i.prvAddCurrentTaskToDelayedList)
    i.prvAddNewTaskToReadyList               0x08004e20   Section        0  tasks.o(i.prvAddNewTaskToReadyList)
    prvAddNewTaskToReadyList                 0x08004e21   Thumb Code   156  tasks.o(i.prvAddNewTaskToReadyList)
    i.prvCheckForValidListAndQueue           0x08004ed8   Section        0  timers.o(i.prvCheckForValidListAndQueue)
    prvCheckForValidListAndQueue             0x08004ed9   Thumb Code    72  timers.o(i.prvCheckForValidListAndQueue)
    i.prvCheckTasksWaitingTermination        0x08004f3c   Section        0  tasks.o(i.prvCheckTasksWaitingTermination)
    prvCheckTasksWaitingTermination          0x08004f3d   Thumb Code    86  tasks.o(i.prvCheckTasksWaitingTermination)
    i.prvCopyDataFromQueue                   0x08004fa0   Section        0  queue.o(i.prvCopyDataFromQueue)
    prvCopyDataFromQueue                     0x08004fa1   Thumb Code    42  queue.o(i.prvCopyDataFromQueue)
    i.prvCopyDataToQueue                     0x08004fca   Section        0  queue.o(i.prvCopyDataToQueue)
    prvCopyDataToQueue                       0x08004fcb   Thumb Code   124  queue.o(i.prvCopyDataToQueue)
    i.prvDeleteTCB                           0x08005046   Section        0  tasks.o(i.prvDeleteTCB)
    prvDeleteTCB                             0x08005047   Thumb Code    18  tasks.o(i.prvDeleteTCB)
    i.prvGetNextExpireTime                   0x08005058   Section        0  timers.o(i.prvGetNextExpireTime)
    prvGetNextExpireTime                     0x08005059   Thumb Code    36  timers.o(i.prvGetNextExpireTime)
    i.prvHeapInit                            0x08005080   Section        0  heap_4.o(i.prvHeapInit)
    prvHeapInit                              0x08005081   Thumb Code    98  heap_4.o(i.prvHeapInit)
    i.prvIdleTask                            0x080050fc   Section        0  tasks.o(i.prvIdleTask)
    prvIdleTask                              0x080050fd   Thumb Code    32  tasks.o(i.prvIdleTask)
    i.prvInitialiseNewQueue                  0x08005124   Section        0  queue.o(i.prvInitialiseNewQueue)
    prvInitialiseNewQueue                    0x08005125   Thumb Code    42  queue.o(i.prvInitialiseNewQueue)
    i.prvInitialiseNewTask                   0x0800514e   Section        0  tasks.o(i.prvInitialiseNewTask)
    prvInitialiseNewTask                     0x0800514f   Thumb Code   180  tasks.o(i.prvInitialiseNewTask)
    i.prvInitialiseTaskLists                 0x08005204   Section        0  tasks.o(i.prvInitialiseTaskLists)
    prvInitialiseTaskLists                   0x08005205   Thumb Code    70  tasks.o(i.prvInitialiseTaskLists)
    i.prvInsertBlockIntoFreeList             0x0800526c   Section        0  heap_4.o(i.prvInsertBlockIntoFreeList)
    prvInsertBlockIntoFreeList               0x0800526d   Thumb Code    96  heap_4.o(i.prvInsertBlockIntoFreeList)
    i.prvInsertTimerInActiveList             0x080052d4   Section        0  timers.o(i.prvInsertTimerInActiveList)
    prvInsertTimerInActiveList               0x080052d5   Thumb Code    80  timers.o(i.prvInsertTimerInActiveList)
    i.prvIsQueueEmpty                        0x0800532c   Section        0  queue.o(i.prvIsQueueEmpty)
    prvIsQueueEmpty                          0x0800532d   Thumb Code    26  queue.o(i.prvIsQueueEmpty)
    i.prvIsQueueFull                         0x08005346   Section        0  queue.o(i.prvIsQueueFull)
    prvIsQueueFull                           0x08005347   Thumb Code    30  queue.o(i.prvIsQueueFull)
    i.prvProcessExpiredTimer                 0x08005364   Section        0  timers.o(i.prvProcessExpiredTimer)
    prvProcessExpiredTimer                   0x08005365   Thumb Code    94  timers.o(i.prvProcessExpiredTimer)
    i.prvProcessReceivedCommands             0x080053c8   Section        0  timers.o(i.prvProcessReceivedCommands)
    prvProcessReceivedCommands               0x080053c9   Thumb Code   242  timers.o(i.prvProcessReceivedCommands)
    i.prvProcessTimerOrBlockTask             0x080054c0   Section        0  timers.o(i.prvProcessTimerOrBlockTask)
    prvProcessTimerOrBlockTask               0x080054c1   Thumb Code   102  timers.o(i.prvProcessTimerOrBlockTask)
    i.prvResetNextTaskUnblockTime            0x08005534   Section        0  tasks.o(i.prvResetNextTaskUnblockTime)
    prvResetNextTaskUnblockTime              0x08005535   Thumb Code    42  tasks.o(i.prvResetNextTaskUnblockTime)
    i.prvSampleTimeNow                       0x08005568   Section        0  timers.o(i.prvSampleTimeNow)
    prvSampleTimeNow                         0x08005569   Thumb Code    40  timers.o(i.prvSampleTimeNow)
    i.prvSwitchTimerLists                    0x08005594   Section        0  timers.o(i.prvSwitchTimerLists)
    prvSwitchTimerLists                      0x08005595   Thumb Code   150  timers.o(i.prvSwitchTimerLists)
    i.prvTaskExitError                       0x08005634   Section        0  port.o(i.prvTaskExitError)
    prvTaskExitError                         0x08005635   Thumb Code    60  port.o(i.prvTaskExitError)
    i.prvTimerTask                           0x08005674   Section        0  timers.o(i.prvTimerTask)
    prvTimerTask                             0x08005675   Thumb Code    26  timers.o(i.prvTimerTask)
    i.prvUnlockQueue                         0x0800568e   Section        0  queue.o(i.prvUnlockQueue)
    prvUnlockQueue                           0x0800568f   Thumb Code   126  queue.o(i.prvUnlockQueue)
    i.pvPortMalloc                           0x0800570c   Section        0  heap_4.o(i.pvPortMalloc)
    i.pvTaskIncrementMutexHeldCount          0x08005848   Section        0  tasks.o(i.pvTaskIncrementMutexHeldCount)
    i.pxPortInitialiseStack                  0x08005868   Section        0  port.o(i.pxPortInitialiseStack)
    i.uplift                                 0x08005894   Section        0  motoraction.o(i.uplift)
    i.uxListRemove                           0x080059b0   Section        0  list.o(i.uxListRemove)
    i.vListInitialise                        0x080059d8   Section        0  list.o(i.vListInitialise)
    i.vListInitialiseItem                    0x080059f2   Section        0  list.o(i.vListInitialiseItem)
    i.vListInsert                            0x080059f8   Section        0  list.o(i.vListInsert)
    i.vListInsertEnd                         0x08005a2c   Section        0  list.o(i.vListInsertEnd)
    i.vPortEnterCritical                     0x08005a44   Section        0  port.o(i.vPortEnterCritical)
    i.vPortExitCritical                      0x08005a98   Section        0  port.o(i.vPortExitCritical)
    i.vPortFree                              0x08005ad4   Section        0  heap_4.o(i.vPortFree)
    i.vPortSetupTimerInterrupt               0x08005b68   Section        0  port.o(i.vPortSetupTimerInterrupt)
    i.vPortValidateInterruptPriority         0x08005b88   Section        0  port.o(i.vPortValidateInterruptPriority)
    i.vQueueAddToRegistry                    0x08005c00   Section        0  queue.o(i.vQueueAddToRegistry)
    i.vQueueWaitForMessageRestricted         0x08005c2c   Section        0  queue.o(i.vQueueWaitForMessageRestricted)
    i.vTaskDelay                             0x08005c78   Section        0  tasks.o(i.vTaskDelay)
    i.vTaskDelete                            0x08005cd4   Section        0  tasks.o(i.vTaskDelete)
    i.vTaskMissedYield                       0x08005dc8   Section        0  tasks.o(i.vTaskMissedYield)
    i.vTaskPlaceOnEventList                  0x08005dd4   Section        0  tasks.o(i.vTaskPlaceOnEventList)
    i.vTaskPlaceOnEventListRestricted        0x08005e0c   Section        0  tasks.o(i.vTaskPlaceOnEventListRestricted)
    i.vTaskPriorityInherit                   0x08005e4c   Section        0  tasks.o(i.vTaskPriorityInherit)
    i.vTaskSetTimeOutState                   0x08005efc   Section        0  tasks.o(i.vTaskSetTimeOutState)
    i.vTaskStartScheduler                    0x08005f2c   Section        0  tasks.o(i.vTaskStartScheduler)
    i.vTaskSuspendAll                        0x08005fc0   Section        0  tasks.o(i.vTaskSuspendAll)
    i.vTaskSwitchContext                     0x08005fd0   Section        0  tasks.o(i.vTaskSwitchContext)
    i.xPortStartScheduler                    0x0800605c   Section        0  port.o(i.xPortStartScheduler)
    i.xQueueGenericCreate                    0x08006198   Section        0  queue.o(i.xQueueGenericCreate)
    i.xQueueGenericReceive                   0x080061f0   Section        0  queue.o(i.xQueueGenericReceive)
    i.xQueueGenericReset                     0x080063b4   Section        0  queue.o(i.xQueueGenericReset)
    i.xQueueGenericSend                      0x0800644c   Section        0  queue.o(i.xQueueGenericSend)
    i.xQueueGenericSendFromISR               0x080065f4   Section        0  queue.o(i.xQueueGenericSendFromISR)
    i.xTaskCheckForTimeOut                   0x080066ec   Section        0  tasks.o(i.xTaskCheckForTimeOut)
    i.xTaskCreate                            0x08006778   Section        0  tasks.o(i.xTaskCreate)
    i.xTaskGetSchedulerState                 0x080067d8   Section        0  tasks.o(i.xTaskGetSchedulerState)
    i.xTaskGetTickCount                      0x080067f8   Section        0  tasks.o(i.xTaskGetTickCount)
    i.xTaskIncrementTick                     0x08006804   Section        0  tasks.o(i.xTaskIncrementTick)
    i.xTaskPriorityDisinherit                0x0800694c   Section        0  tasks.o(i.xTaskPriorityDisinherit)
    i.xTaskRemoveFromEventList               0x08006a14   Section        0  tasks.o(i.xTaskRemoveFromEventList)
    i.xTaskResumeAll                         0x08006aac   Section        0  tasks.o(i.xTaskResumeAll)
    i.xTimerCreateTimerTask                  0x08006bb0   Section        0  timers.o(i.xTimerCreateTimerTask)
    i.xTimerGenericCommand                   0x08006c08   Section        0  timers.o(i.xTimerGenericCommand)
    .constdata                               0x08006c8c   Section      192  graspmotor.o(.constdata)
    .data                                    0x20000000   Section        4  main.o(.data)
    Start_Handler                            0x20000000   Data           4  main.o(.data)
    .data                                    0x20000004   Section       16  taskinit.o(.data)
    .data                                    0x20000014   Section       16  stm32f4xx_rcc.o(.data)
    APBAHBPrescTable                         0x20000014   Data          16  stm32f4xx_rcc.o(.data)
    .data                                    0x20000024   Section       20  system_stm32f4xx.o(.data)
    .data                                    0x20000038   Section       20  timers.o(.data)
    pxCurrentTimerList                       0x20000038   Data           4  timers.o(.data)
    pxOverflowTimerList                      0x2000003c   Data           4  timers.o(.data)
    xTimerQueue                              0x20000040   Data           4  timers.o(.data)
    xTimerTaskHandle                         0x20000044   Data           4  timers.o(.data)
    xLastTime                                0x20000048   Data           4  timers.o(.data)
    .data                                    0x2000004c   Section       60  tasks.o(.data)
    pxDelayedTaskList                        0x20000050   Data           4  tasks.o(.data)
    pxOverflowDelayedTaskList                0x20000054   Data           4  tasks.o(.data)
    uxDeletedTasksWaitingCleanUp             0x20000058   Data           4  tasks.o(.data)
    uxCurrentNumberOfTasks                   0x2000005c   Data           4  tasks.o(.data)
    xTickCount                               0x20000060   Data           4  tasks.o(.data)
    uxTopReadyPriority                       0x20000064   Data           4  tasks.o(.data)
    xSchedulerRunning                        0x20000068   Data           4  tasks.o(.data)
    uxPendedTicks                            0x2000006c   Data           4  tasks.o(.data)
    xYieldPending                            0x20000070   Data           4  tasks.o(.data)
    xNumOfOverflows                          0x20000074   Data           4  tasks.o(.data)
    uxTaskNumber                             0x20000078   Data           4  tasks.o(.data)
    xNextTaskUnblockTime                     0x2000007c   Data           4  tasks.o(.data)
    xIdleTaskHandle                          0x20000080   Data           4  tasks.o(.data)
    uxSchedulerSuspended                     0x20000084   Data           4  tasks.o(.data)
    .data                                    0x20000088   Section       24  heap_4.o(.data)
    xStart                                   0x20000088   Data           8  heap_4.o(.data)
    pxEnd                                    0x20000090   Data           4  heap_4.o(.data)
    xFreeBytesRemaining                      0x20000094   Data           4  heap_4.o(.data)
    xMinimumEverFreeBytesRemaining           0x20000098   Data           4  heap_4.o(.data)
    xBlockAllocatedBit                       0x2000009c   Data           4  heap_4.o(.data)
    .data                                    0x200000a0   Section       12  port.o(.data)
    uxCriticalNesting                        0x200000a0   Data           4  port.o(.data)
    ucMaxSysCallPriority                     0x200000a4   Data           1  port.o(.data)
    ulMaxPRIGROUPValue                       0x200000a8   Data           4  port.o(.data)
    .data                                    0x200000ac   Section       11  gpio_deal.o(.data)
    Smooth_L_I                               0x200000b0   Data           2  gpio_deal.o(.data)
    Smooth_L_Val                             0x200000b2   Data           1  gpio_deal.o(.data)
    Smooth_R_I                               0x200000b4   Data           2  gpio_deal.o(.data)
    Smooth_R_Val                             0x200000b6   Data           1  gpio_deal.o(.data)
    .data                                    0x200000b8   Section        7  tim_isr.o(.data)
    led                                      0x200000be   Data           1  tim_isr.o(.data)
    .data                                    0x200000bf   Section        1  vl53l0.o(.data)
    .data                                    0x200000c0   Section       13  boardcommuni.o(.data)
    clock                                    0x200000c8   Data           4  boardcommuni.o(.data)
    flag                                     0x200000cc   Data           1  boardcommuni.o(.data)
    .data                                    0x200000ce   Section        4  graspmotor.o(.data)
    clock                                    0x200000ce   Data           2  graspmotor.o(.data)
    dire                                     0x200000d0   Data           1  graspmotor.o(.data)
    lock                                     0x200000d1   Data           1  graspmotor.o(.data)
    .data                                    0x200000d4   Section       26  motoraction.o(.data)
    clock                                    0x200000d4   Data           2  motoraction.o(.data)
    clock                                    0x200000d6   Data           4  motoraction.o(.data)
    clock                                    0x200000da   Data           2  motoraction.o(.data)
    clock                                    0x200000dc   Data           2  motoraction.o(.data)
    last_dire                                0x200000de   Data           1  motoraction.o(.data)
    clock                                    0x200000e0   Data           2  motoraction.o(.data)
    last_dis                                 0x200000e4   Data           4  motoraction.o(.data)
    clock                                    0x200000e8   Data           1  motoraction.o(.data)
    lock                                     0x200000e9   Data           1  motoraction.o(.data)
    last_dire                                0x200000ea   Data           1  motoraction.o(.data)
    clock                                    0x200000eb   Data           1  motoraction.o(.data)
    lock                                     0x200000ec   Data           1  motoraction.o(.data)
    last_dire                                0x200000ed   Data           1  motoraction.o(.data)
    .data                                    0x200000ee   Section        2  grasp_fsm.o(.data)
    lock                                     0x200000ee   Data           1  grasp_fsm.o(.data)
    graspLock                                0x200000ef   Data           1  grasp_fsm.o(.data)
    .bss                                     0x200000f0   Section       32  hardwareinit.o(.bss)
    Hardware                                 0x200000f0   Data          32  hardwareinit.o(.bss)
    .bss                                     0x20000110   Section       40  timers.o(.bss)
    xActiveTimerList1                        0x20000110   Data          20  timers.o(.bss)
    xActiveTimerList2                        0x20000124   Data          20  timers.o(.bss)
    .bss                                     0x20000138   Section      420  tasks.o(.bss)
    pxReadyTasksLists                        0x20000138   Data         320  tasks.o(.bss)
    xDelayedTaskList1                        0x20000278   Data          20  tasks.o(.bss)
    xDelayedTaskList2                        0x2000028c   Data          20  tasks.o(.bss)
    xPendingReadyList                        0x200002a0   Data          20  tasks.o(.bss)
    xTasksWaitingTermination                 0x200002b4   Data          20  tasks.o(.bss)
    xSuspendedTaskList                       0x200002c8   Data          20  tasks.o(.bss)
    .bss                                     0x200002dc   Section       64  queue.o(.bss)
    .bss                                     0x2000031c   Section    76800  heap_4.o(.bss)
    ucHeap                                   0x2000031c   Data       76800  heap_4.o(.bss)
    .bss                                     0x20012f1c   Section      338  usart.o(.bss)
    .bss                                     0x2001306e   Section      344  can1_isr.o(.bss)
    .bss                                     0x200131c6   Section      362  can2_isr.o(.bss)
    .bss                                     0x20013330   Section       31  remote_isr.o(.bss)
    .bss                                     0x2001334f   Section       73  vl53l0.o(.bss)
    .bss                                     0x20013398   Section       36  boardcommuni.o(.bss)
    .bss                                     0x200133bc   Section     1569  grasp_task.o(.bss)
    .bss                                     0x200139dd   Section      208  grasp_fsm.o(.bss)
    STACK                                    0x20013ab0   Section     1024  startup_stm32f40_41xxx.o(STACK)

    Global Symbols

    Symbol Name                              Value     Ov Type        Size  Object(Section)

    BuildAttributes$$THM_ISAv4$E$P$D$K$B$S$7EM$VFPi3$EXTD16$VFPS$VFMA$PE$A:L22UL41UL21$X:L11$S22US41US21$IEEE1$IW$USESV6$~STKCKD$USESV7$~SHL$OTIME$ROPI$EBA8$MICROLIB$REQ8$PRES8$EABIv2 0x00000000   Number         0  anon$$obj.o ABSOLUTE
    __ARM_use_no_argv                        0x00000000   Number         0  main.o ABSOLUTE
    __cpp_initialize__aeabi_                  - Undefined Weak Reference
    __cxa_finalize                            - Undefined Weak Reference
    __decompress                              - Undefined Weak Reference
    _clock_init                               - Undefined Weak Reference
    _microlib_exit                            - Undefined Weak Reference
    __Vectors_Size                           0x00000188   Number         0  startup_stm32f40_41xxx.o ABSOLUTE
    __Vectors                                0x08000000   Data           4  startup_stm32f40_41xxx.o(RESET)
    __Vectors_End                            0x08000188   Data           0  startup_stm32f40_41xxx.o(RESET)
    __main                                   0x08000189   Thumb Code     0  entry.o(.ARM.Collect$$$$00000000)
    _main_stk                                0x08000189   Thumb Code     0  entry2.o(.ARM.Collect$$$$00000001)
    _main_scatterload                        0x0800018d   Thumb Code     0  entry5.o(.ARM.Collect$$$$00000004)
    __main_after_scatterload                 0x08000191   Thumb Code     0  entry5.o(.ARM.Collect$$$$00000004)
    _main_clock                              0x08000191   Thumb Code     0  entry7b.o(.ARM.Collect$$$$00000008)
    _main_cpp_init                           0x08000191   Thumb Code     0  entry8b.o(.ARM.Collect$$$$0000000A)
    _main_init                               0x08000191   Thumb Code     0  entry9a.o(.ARM.Collect$$$$0000000B)
    __rt_final_cpp                           0x08000199   Thumb Code     0  entry10a.o(.ARM.Collect$$$$0000000D)
    __rt_final_exit                          0x08000199   Thumb Code     0  entry11a.o(.ARM.Collect$$$$0000000F)
    SVC_Handler                              0x0800019d   Thumb Code    28  port.o(.emb_text)
    __asm___6_port_c_39a90d8d__prvStartFirstTask 0x080001bd   Thumb Code    28  port.o(.emb_text)
    __asm___6_port_c_39a90d8d__prvEnableVFP  0x080001dd   Thumb Code    16  port.o(.emb_text)
    PendSV_Handler                           0x080001f1   Thumb Code    88  port.o(.emb_text)
    vPortGetIPSR                             0x0800024d   Thumb Code     6  port.o(.emb_text)
    Reset_Handler                            0x08000255   Thumb Code     8  startup_stm32f40_41xxx.o(.text)
    ADC_IRQHandler                           0x0800026f   Thumb Code     0  startup_stm32f40_41xxx.o(.text)
    CAN1_RX1_IRQHandler                      0x0800026f   Thumb Code     0  startup_stm32f40_41xxx.o(.text)
    CAN1_SCE_IRQHandler                      0x0800026f   Thumb Code     0  startup_stm32f40_41xxx.o(.text)
    CAN1_TX_IRQHandler                       0x0800026f   Thumb Code     0  startup_stm32f40_41xxx.o(.text)
    CAN2_RX1_IRQHandler                      0x0800026f   Thumb Code     0  startup_stm32f40_41xxx.o(.text)
    CAN2_SCE_IRQHandler                      0x0800026f   Thumb Code     0  startup_stm32f40_41xxx.o(.text)
    CAN2_TX_IRQHandler                       0x0800026f   Thumb Code     0  startup_stm32f40_41xxx.o(.text)
    CRYP_IRQHandler                          0x0800026f   Thumb Code     0  startup_stm32f40_41xxx.o(.text)
    DCMI_IRQHandler                          0x0800026f   Thumb Code     0  startup_stm32f40_41xxx.o(.text)
    DMA1_Stream0_IRQHandler                  0x0800026f   Thumb Code     0  startup_stm32f40_41xxx.o(.text)
    DMA1_Stream1_IRQHandler                  0x0800026f   Thumb Code     0  startup_stm32f40_41xxx.o(.text)
    DMA1_Stream2_IRQHandler                  0x0800026f   Thumb Code     0  startup_stm32f40_41xxx.o(.text)
    DMA1_Stream3_IRQHandler                  0x0800026f   Thumb Code     0  startup_stm32f40_41xxx.o(.text)
    DMA1_Stream4_IRQHandler                  0x0800026f   Thumb Code     0  startup_stm32f40_41xxx.o(.text)
    DMA1_Stream5_IRQHandler                  0x0800026f   Thumb Code     0  startup_stm32f40_41xxx.o(.text)
    DMA1_Stream6_IRQHandler                  0x0800026f   Thumb Code     0  startup_stm32f40_41xxx.o(.text)
    DMA1_Stream7_IRQHandler                  0x0800026f   Thumb Code     0  startup_stm32f40_41xxx.o(.text)
    DMA2_Stream0_IRQHandler                  0x0800026f   Thumb Code     0  startup_stm32f40_41xxx.o(.text)
    DMA2_Stream2_IRQHandler                  0x0800026f   Thumb Code     0  startup_stm32f40_41xxx.o(.text)
    DMA2_Stream3_IRQHandler                  0x0800026f   Thumb Code     0  startup_stm32f40_41xxx.o(.text)
    DMA2_Stream4_IRQHandler                  0x0800026f   Thumb Code     0  startup_stm32f40_41xxx.o(.text)
    DMA2_Stream6_IRQHandler                  0x0800026f   Thumb Code     0  startup_stm32f40_41xxx.o(.text)
    DMA2_Stream7_IRQHandler                  0x0800026f   Thumb Code     0  startup_stm32f40_41xxx.o(.text)
    ETH_IRQHandler                           0x0800026f   Thumb Code     0  startup_stm32f40_41xxx.o(.text)
    ETH_WKUP_IRQHandler                      0x0800026f   Thumb Code     0  startup_stm32f40_41xxx.o(.text)
    EXTI0_IRQHandler                         0x0800026f   Thumb Code     0  startup_stm32f40_41xxx.o(.text)
    EXTI15_10_IRQHandler                     0x0800026f   Thumb Code     0  startup_stm32f40_41xxx.o(.text)
    EXTI1_IRQHandler                         0x0800026f   Thumb Code     0  startup_stm32f40_41xxx.o(.text)
    EXTI2_IRQHandler                         0x0800026f   Thumb Code     0  startup_stm32f40_41xxx.o(.text)
    EXTI3_IRQHandler                         0x0800026f   Thumb Code     0  startup_stm32f40_41xxx.o(.text)
    EXTI4_IRQHandler                         0x0800026f   Thumb Code     0  startup_stm32f40_41xxx.o(.text)
    EXTI9_5_IRQHandler                       0x0800026f   Thumb Code     0  startup_stm32f40_41xxx.o(.text)
    FLASH_IRQHandler                         0x0800026f   Thumb Code     0  startup_stm32f40_41xxx.o(.text)
    FPU_IRQHandler                           0x0800026f   Thumb Code     0  startup_stm32f40_41xxx.o(.text)
    FSMC_IRQHandler                          0x0800026f   Thumb Code     0  startup_stm32f40_41xxx.o(.text)
    HASH_RNG_IRQHandler                      0x0800026f   Thumb Code     0  startup_stm32f40_41xxx.o(.text)
    I2C1_ER_IRQHandler                       0x0800026f   Thumb Code     0  startup_stm32f40_41xxx.o(.text)
    I2C1_EV_IRQHandler                       0x0800026f   Thumb Code     0  startup_stm32f40_41xxx.o(.text)
    I2C2_ER_IRQHandler                       0x0800026f   Thumb Code     0  startup_stm32f40_41xxx.o(.text)
    I2C2_EV_IRQHandler                       0x0800026f   Thumb Code     0  startup_stm32f40_41xxx.o(.text)
    I2C3_ER_IRQHandler                       0x0800026f   Thumb Code     0  startup_stm32f40_41xxx.o(.text)
    I2C3_EV_IRQHandler                       0x0800026f   Thumb Code     0  startup_stm32f40_41xxx.o(.text)
    OTG_FS_IRQHandler                        0x0800026f   Thumb Code     0  startup_stm32f40_41xxx.o(.text)
    OTG_FS_WKUP_IRQHandler                   0x0800026f   Thumb Code     0  startup_stm32f40_41xxx.o(.text)
    OTG_HS_EP1_IN_IRQHandler                 0x0800026f   Thumb Code     0  startup_stm32f40_41xxx.o(.text)
    OTG_HS_EP1_OUT_IRQHandler                0x0800026f   Thumb Code     0  startup_stm32f40_41xxx.o(.text)
    OTG_HS_IRQHandler                        0x0800026f   Thumb Code     0  startup_stm32f40_41xxx.o(.text)
    OTG_HS_WKUP_IRQHandler                   0x0800026f   Thumb Code     0  startup_stm32f40_41xxx.o(.text)
    PVD_IRQHandler                           0x0800026f   Thumb Code     0  startup_stm32f40_41xxx.o(.text)
    RCC_IRQHandler                           0x0800026f   Thumb Code     0  startup_stm32f40_41xxx.o(.text)
    RTC_Alarm_IRQHandler                     0x0800026f   Thumb Code     0  startup_stm32f40_41xxx.o(.text)
    RTC_WKUP_IRQHandler                      0x0800026f   Thumb Code     0  startup_stm32f40_41xxx.o(.text)
    SDIO_IRQHandler                          0x0800026f   Thumb Code     0  startup_stm32f40_41xxx.o(.text)
    SPI1_IRQHandler                          0x0800026f   Thumb Code     0  startup_stm32f40_41xxx.o(.text)
    SPI2_IRQHandler                          0x0800026f   Thumb Code     0  startup_stm32f40_41xxx.o(.text)
    SPI3_IRQHandler                          0x0800026f   Thumb Code     0  startup_stm32f40_41xxx.o(.text)
    TAMP_STAMP_IRQHandler                    0x0800026f   Thumb Code     0  startup_stm32f40_41xxx.o(.text)
    TIM1_BRK_TIM9_IRQHandler                 0x0800026f   Thumb Code     0  startup_stm32f40_41xxx.o(.text)
    TIM1_CC_IRQHandler                       0x0800026f   Thumb Code     0  startup_stm32f40_41xxx.o(.text)
    TIM1_TRG_COM_TIM11_IRQHandler            0x0800026f   Thumb Code     0  startup_stm32f40_41xxx.o(.text)
    TIM1_UP_TIM10_IRQHandler                 0x0800026f   Thumb Code     0  startup_stm32f40_41xxx.o(.text)
    TIM2_IRQHandler                          0x0800026f   Thumb Code     0  startup_stm32f40_41xxx.o(.text)
    TIM4_IRQHandler                          0x0800026f   Thumb Code     0  startup_stm32f40_41xxx.o(.text)
    TIM5_IRQHandler                          0x0800026f   Thumb Code     0  startup_stm32f40_41xxx.o(.text)
    TIM6_DAC_IRQHandler                      0x0800026f   Thumb Code     0  startup_stm32f40_41xxx.o(.text)
    TIM7_IRQHandler                          0x0800026f   Thumb Code     0  startup_stm32f40_41xxx.o(.text)
    TIM8_BRK_TIM12_IRQHandler                0x0800026f   Thumb Code     0  startup_stm32f40_41xxx.o(.text)
    TIM8_CC_IRQHandler                       0x0800026f   Thumb Code     0  startup_stm32f40_41xxx.o(.text)
    TIM8_TRG_COM_TIM14_IRQHandler            0x0800026f   Thumb Code     0  startup_stm32f40_41xxx.o(.text)
    TIM8_UP_TIM13_IRQHandler                 0x0800026f   Thumb Code     0  startup_stm32f40_41xxx.o(.text)
    UART4_IRQHandler                         0x0800026f   Thumb Code     0  startup_stm32f40_41xxx.o(.text)
    UART5_IRQHandler                         0x0800026f   Thumb Code     0  startup_stm32f40_41xxx.o(.text)
    USART1_IRQHandler                        0x0800026f   Thumb Code     0  startup_stm32f40_41xxx.o(.text)
    USART2_IRQHandler                        0x0800026f   Thumb Code     0  startup_stm32f40_41xxx.o(.text)
    USART3_IRQHandler                        0x0800026f   Thumb Code     0  startup_stm32f40_41xxx.o(.text)
    WWDG_IRQHandler                          0x0800026f   Thumb Code     0  startup_stm32f40_41xxx.o(.text)
    __aeabi_memcpy                           0x08000279   Thumb Code    36  memcpya.o(.text)
    __aeabi_memcpy4                          0x08000279   Thumb Code     0  memcpya.o(.text)
    __aeabi_memcpy8                          0x08000279   Thumb Code     0  memcpya.o(.text)
    __aeabi_memset                           0x0800029d   Thumb Code    14  memseta.o(.text)
    __aeabi_memset4                          0x0800029d   Thumb Code     0  memseta.o(.text)
    __aeabi_memset8                          0x0800029d   Thumb Code     0  memseta.o(.text)
    __aeabi_memclr                           0x080002ab   Thumb Code     4  memseta.o(.text)
    __aeabi_memclr4                          0x080002ab   Thumb Code     0  memseta.o(.text)
    __aeabi_memclr8                          0x080002ab   Thumb Code     0  memseta.o(.text)
    _memset$wrapper                          0x080002af   Thumb Code    18  memseta.o(.text)
    __aeabi_dadd                             0x080002c1   Thumb Code   322  dadd.o(.text)
    __aeabi_dsub                             0x08000403   Thumb Code     6  dadd.o(.text)
    __aeabi_drsub                            0x08000409   Thumb Code     6  dadd.o(.text)
    __aeabi_dmul                             0x0800040f   Thumb Code   228  dmul.o(.text)
    __aeabi_ddiv                             0x080004f3   Thumb Code   222  ddiv.o(.text)
    __aeabi_i2d                              0x080005d1   Thumb Code    34  dflti.o(.text)
    __aeabi_f2d                              0x080005f3   Thumb Code    38  f2d.o(.text)
    __aeabi_d2f                              0x08000619   Thumb Code    56  d2f.o(.text)
    __aeabi_llsl                             0x08000651   Thumb Code    30  llshl.o(.text)
    _ll_shift_l                              0x08000651   Thumb Code     0  llshl.o(.text)
    __aeabi_lasr                             0x0800066f   Thumb Code    36  llsshr.o(.text)
    _ll_sshift_r                             0x0800066f   Thumb Code     0  llsshr.o(.text)
    __I$use$fp                               0x08000693   Thumb Code     0  iusefp.o(.text)
    _float_round                             0x08000693   Thumb Code    18  fepilogue.o(.text)
    _float_epilogue                          0x080006a5   Thumb Code    92  fepilogue.o(.text)
    _double_round                            0x08000701   Thumb Code    30  depilogue.o(.text)
    _double_epilogue                         0x0800071f   Thumb Code   156  depilogue.o(.text)
    __scatterload                            0x080007bd   Thumb Code    28  init.o(.text)
    __scatterload_rt2                        0x080007bd   Thumb Code     0  init.o(.text)
    __aeabi_llsr                             0x080007e1   Thumb Code    32  llushr.o(.text)
    _ll_ushift_r                             0x080007e1   Thumb Code     0  llushr.o(.text)
    Board_Communi_Init                       0x08000801   Thumb Code    14  boardcommuni.o(i.Board_Communi_Init)
    Board_Communi_Updata                     0x08000815   Thumb Code   468  boardcommuni.o(i.Board_Communi_Updata)
    BusFault_Handler                         0x080009f1   Thumb Code     4  stm32f4xx_it.o(i.BusFault_Handler)
    CAN1_201_To_204_SEND                     0x080009f5   Thumb Code   134  can1_isr.o(i.CAN1_201_To_204_SEND)
    CAN1_205_To_208_SEND                     0x08000a81   Thumb Code   134  can1_isr.o(i.CAN1_205_To_208_SEND)
    CAN1_Init_GPIOD_IO0_IO1                  0x08000b0d   Thumb Code   252  can.o(i.CAN1_Init_GPIOD_IO0_IO1)
    CAN1_RX0_IRQHandler                      0x08000c11   Thumb Code   564  can1_isr.o(i.CAN1_RX0_IRQHandler)
    CAN2_Init_GPIOB_IO5_IO6                  0x08000e71   Thumb Code   250  can.o(i.CAN2_Init_GPIOB_IO5_IO6)
    CAN2_RX0_IRQHandler                      0x08000f75   Thumb Code   286  can2_isr.o(i.CAN2_RX0_IRQHandler)
    CAN_ClearFlag                            0x080010a5   Thumb Code    52  stm32f4xx_can.o(i.CAN_ClearFlag)
    CAN_ClearITPendingBit                    0x080010dd   Thumb Code   162  stm32f4xx_can.o(i.CAN_ClearITPendingBit)
    CAN_DATA_Encoder_Deal                    0x08001185   Thumb Code   482  encoder.o(i.CAN_DATA_Encoder_Deal)
    CAN_DeInit                               0x08001375   Thumb Code    50  stm32f4xx_can.o(i.CAN_DeInit)
    CAN_FilterInit                           0x080013ad   Thumb Code   258  stm32f4xx_can.o(i.CAN_FilterInit)
    CAN_GetITStatus                          0x080014b5   Thumb Code   284  stm32f4xx_can.o(i.CAN_GetITStatus)
    CAN_ITConfig                             0x080015d5   Thumb Code    18  stm32f4xx_can.o(i.CAN_ITConfig)
    CAN_Init                                 0x080015e7   Thumb Code   276  stm32f4xx_can.o(i.CAN_Init)
    CAN_Receive                              0x080016fb   Thumb Code   240  stm32f4xx_can.o(i.CAN_Receive)
    CAN_StructInit                           0x080017eb   Thumb Code    32  stm32f4xx_can.o(i.CAN_StructInit)
    CAN_Transmit                             0x0800180b   Thumb Code   294  stm32f4xx_can.o(i.CAN_Transmit)
    CAN_TransmitStatus                       0x08001931   Thumb Code   138  stm32f4xx_can.o(i.CAN_TransmitStatus)
    Chassis_FSM_Init                         0x080019d1   Thumb Code   348  grasp_fsm.o(i.Chassis_FSM_Init)
    DMA2_Stream1_IRQHandler                  0x08001b8d   Thumb Code    40  remote_isr.o(i.DMA2_Stream1_IRQHandler)
    DMA2_Stream5_IRQHandler                  0x08001bc5   Thumb Code    40  remote_isr.o(i.DMA2_Stream5_IRQHandler)
    DMA_ClearFlag                            0x08001bfd   Thumb Code    38  stm32f4xx_dma.o(i.DMA_ClearFlag)
    DMA_ClearITPendingBit                    0x08001c31   Thumb Code    38  stm32f4xx_dma.o(i.DMA_ClearITPendingBit)
    DMA_Cmd                                  0x08001c65   Thumb Code    22  stm32f4xx_dma.o(i.DMA_Cmd)
    DMA_DeInit                               0x08001c7d   Thumb Code   324  stm32f4xx_dma.o(i.DMA_DeInit)
    DMA_GetCmdStatus                         0x08001dd5   Thumb Code    20  stm32f4xx_dma.o(i.DMA_GetCmdStatus)
    DMA_GetCurrDataCounter                   0x08001de9   Thumb Code     8  stm32f4xx_dma.o(i.DMA_GetCurrDataCounter)
    DMA_GetFlagStatus                        0x08001df1   Thumb Code    54  stm32f4xx_dma.o(i.DMA_GetFlagStatus)
    DMA_ITConfig                             0x08001e35   Thumb Code    58  stm32f4xx_dma.o(i.DMA_ITConfig)
    DMA_Init                                 0x08001e71   Thumb Code    82  stm32f4xx_dma.o(i.DMA_Init)
    DMA_SetCurrDataCounter                   0x08001ec9   Thumb Code     4  stm32f4xx_dma.o(i.DMA_SetCurrDataCounter)
    Data_Task                                0x08001ecd   Thumb Code    34  data_task.o(i.Data_Task)
    DebugMon_Handler                         0x08001eef   Thumb Code     2  stm32f4xx_it.o(i.DebugMon_Handler)
    Detect_Task                              0x08001ef1   Thumb Code    26  detect_task.o(i.Detect_Task)
    EncoderValZero                           0x08001f11   Thumb Code    60  encoder.o(i.EncoderValZero)
    FSM_Deal                                 0x08001f51   Thumb Code    86  fms.o(i.FSM_Deal)
    GPIO_Init                                0x08001fa7   Thumb Code   144  stm32f4xx_gpio.o(i.GPIO_Init)
    GPIO_PinAFConfig                         0x08002037   Thumb Code    70  stm32f4xx_gpio.o(i.GPIO_PinAFConfig)
    GPIO_ReadInputDataBit                    0x0800207d   Thumb Code    18  stm32f4xx_gpio.o(i.GPIO_ReadInputDataBit)
    GPIO_SetBits                             0x0800208f   Thumb Code     4  stm32f4xx_gpio.o(i.GPIO_SetBits)
    GPIO_ToggleBits                          0x08002093   Thumb Code     8  stm32f4xx_gpio.o(i.GPIO_ToggleBits)
    Get_Sensor_Val                           0x0800209d   Thumb Code    20  gpio_deal.o(i.Get_Sensor_Val)
    Grasp_Motor_Init                         0x0800228d   Thumb Code   638  graspmotor.o(i.Grasp_Motor_Init)
    Grasp_Task                               0x08002695   Thumb Code    48  grasp_task.o(i.Grasp_Task)
    HardFault_Handler                        0x0800284d   Thumb Code     4  stm32f4xx_it.o(i.HardFault_Handler)
    HardwareInit                             0x08002851   Thumb Code    68  hardwareinit.o(i.HardwareInit)
    Led_Init                                 0x08002a7d   Thumb Code    84  gpio.o(i.Led_Init)
    MemManage_Handler                        0x08002ad9   Thumb Code     4  stm32f4xx_it.o(i.MemManage_Handler)
    MotorValZero                             0x08002add   Thumb Code   104  motor.o(i.MotorValZero)
    NMI_Handler                              0x08002b49   Thumb Code     2  stm32f4xx_it.o(i.NMI_Handler)
    NVIC_Init                                0x08002b4d   Thumb Code   106  misc.o(i.NVIC_Init)
    PID_DEAL                                 0x08002bf9   Thumb Code   348  pid.o(i.PID_DEAL)
    PID_INIT                                 0x08002d59   Thumb Code    98  pid.o(i.PID_INIT)
    Poweroff_Ctrl                            0x08002de7   Thumb Code     2  graspmotor.o(i.Poweroff_Ctrl)
    RCC_AHB1PeriphClockCmd                   0x08002de9   Thumb Code    26  stm32f4xx_rcc.o(i.RCC_AHB1PeriphClockCmd)
    RCC_APB1PeriphClockCmd                   0x08002e09   Thumb Code    26  stm32f4xx_rcc.o(i.RCC_APB1PeriphClockCmd)
    RCC_APB1PeriphResetCmd                   0x08002e29   Thumb Code    26  stm32f4xx_rcc.o(i.RCC_APB1PeriphResetCmd)
    RCC_APB2PeriphClockCmd                   0x08002e49   Thumb Code    26  stm32f4xx_rcc.o(i.RCC_APB2PeriphClockCmd)
    RCC_APB2PeriphResetCmd                   0x08002e69   Thumb Code    26  stm32f4xx_rcc.o(i.RCC_APB2PeriphResetCmd)
    RCC_GetClocksFreq                        0x08002e89   Thumb Code   214  stm32f4xx_rcc.o(i.RCC_GetClocksFreq)
    RC_Ctrl                                  0x08002f6d   Thumb Code  1332  graspmotor.o(i.RC_Ctrl)
    Remote_Task                              0x080035d1   Thumb Code    28  remote_task.o(i.Remote_Task)
    Reset                                    0x08003605   Thumb Code   174  robotaction.o(i.Reset)
    Reset_Grasp                              0x080036b5   Thumb Code   170  graspmotor.o(i.Reset_Grasp)
    Return_Board_Communi                     0x08003769   Thumb Code     4  boardcommuni.o(i.Return_Board_Communi)
    Return_CAN2_Board_Data                   0x08003771   Thumb Code     4  can2_isr.o(i.Return_CAN2_Board_Data)
    Return_Can1_201_208_Encoder              0x08003779   Thumb Code    60  can1_isr.o(i.Return_Can1_201_208_Encoder)
    Return_Can2_201_208_Encoder              0x080037d5   Thumb Code    60  can2_isr.o(i.Return_Can2_201_208_Encoder)
    Return_Chassis_Fsm                       0x08003831   Thumb Code     4  grasp_fsm.o(i.Return_Chassis_Fsm)
    Return_Sensor_t                          0x08003839   Thumb Code     4  gpio_deal.o(i.Return_Sensor_t)
    Return_VL53L0_t                          0x08003929   Thumb Code     4  vl53l0.o(i.Return_VL53L0_t)
    SENSOR_Init                              0x08003931   Thumb Code    46  gpio.o(i.SENSOR_Init)
    StateChange                              0x08003a71   Thumb Code    14  fms.o(i.StateChange)
    SysTick_Handler                          0x08003a81   Thumb Code    46  port.o(i.SysTick_Handler)
    SystemInit                               0x08003ab5   Thumb Code    88  system_stm32f4xx.o(i.SystemInit)
    TIM3_IRQHandler                          0x08003b1d   Thumb Code   176  tim_isr.o(i.TIM3_IRQHandler)
    TIM3_Init                                0x08003be9   Thumb Code    88  tim.o(i.TIM3_Init)
    TIM_ClearITPendingBit                    0x08003c45   Thumb Code     6  stm32f4xx_tim.o(i.TIM_ClearITPendingBit)
    TIM_Cmd                                  0x08003c4b   Thumb Code    24  stm32f4xx_tim.o(i.TIM_Cmd)
    TIM_GetITStatus                          0x08003c63   Thumb Code    34  stm32f4xx_tim.o(i.TIM_GetITStatus)
    TIM_ITConfig                             0x08003c85   Thumb Code    18  stm32f4xx_tim.o(i.TIM_ITConfig)
    TIM_TimeBaseInit                         0x08003c99   Thumb Code   104  stm32f4xx_tim.o(i.TIM_TimeBaseInit)
    TaskInit                                 0x08003d1d   Thumb Code    88  taskinit.o(i.TaskInit)
    Telescoping                              0x08003dc5   Thumb Code   288  motoraction.o(i.Telescoping)
    Translation                              0x08003ef1   Thumb Code   212  motoraction.o(i.Translation)
    USART1_RC_INIT_PA10_RX                   0x08003fd5   Thumb Code   278  usart.o(i.USART1_RC_INIT_PA10_RX)
    USART6_IRQHandler                        0x08004105   Thumb Code   106  vl53l0.o(i.USART6_IRQHandler)
    USART6_VL53L0_INIT_PC7_RX_PC6_TX         0x08004181   Thumb Code   264  usart.o(i.USART6_VL53L0_INIT_PC7_RX_PC6_TX)
    USART_Cmd                                0x0800429d   Thumb Code    24  stm32f4xx_usart.o(i.USART_Cmd)
    USART_DMACmd                             0x080042b5   Thumb Code    18  stm32f4xx_usart.o(i.USART_DMACmd)
    USART_DeInit                             0x080042c9   Thumb Code   206  stm32f4xx_usart.o(i.USART_DeInit)
    USART_GetITStatus                        0x080043b9   Thumb Code    84  stm32f4xx_usart.o(i.USART_GetITStatus)
    USART_ITConfig                           0x0800440d   Thumb Code    74  stm32f4xx_usart.o(i.USART_ITConfig)
    USART_Init                               0x08004459   Thumb Code   204  stm32f4xx_usart.o(i.USART_Init)
    UsageFault_Handler                       0x0800452d   Thumb Code     4  stm32f4xx_it.o(i.UsageFault_Handler)
    VL53L0_Data_Deal                         0x08004531   Thumb Code   248  vl53l0.o(i.VL53L0_Data_Deal)
    __scatterload_copy                       0x08004639   Thumb Code    14  handlers.o(i.__scatterload_copy)
    __scatterload_null                       0x08004647   Thumb Code     2  handlers.o(i.__scatterload_null)
    __scatterload_zeroinit                   0x08004649   Thumb Code    14  handlers.o(i.__scatterload_zeroinit)
    auto_grasp                               0x08004657   Thumb Code    86  robotaction.o(i.auto_grasp)
    clamp                                    0x080046ad   Thumb Code   298  motoraction.o(i.clamp)
    clip                                     0x080047ed   Thumb Code   258  motoraction.o(i.clip)
    flip2                                    0x080048f9   Thumb Code   476  motoraction.o(i.flip2)
    float_abs                                0x08004ae1   Thumb Code    20  mathlib.o(i.float_abs)
    int16_t_abs                              0x08004af5   Thumb Code    10  mathlib.o(i.int16_t_abs)
    main                                     0x08004b01   Thumb Code    34  main.o(i.main)
    pid_Cala                                 0x08004b39   Thumb Code   588  graspmotor.o(i.pid_Cala)
    pvPortMalloc                             0x0800570d   Thumb Code   296  heap_4.o(i.pvPortMalloc)
    pvTaskIncrementMutexHeldCount            0x08005849   Thumb Code    26  tasks.o(i.pvTaskIncrementMutexHeldCount)
    pxPortInitialiseStack                    0x08005869   Thumb Code    38  port.o(i.pxPortInitialiseStack)
    uplift                                   0x08005895   Thumb Code   276  motoraction.o(i.uplift)
    uxListRemove                             0x080059b1   Thumb Code    40  list.o(i.uxListRemove)
    vListInitialise                          0x080059d9   Thumb Code    26  list.o(i.vListInitialise)
    vListInitialiseItem                      0x080059f3   Thumb Code     6  list.o(i.vListInitialiseItem)
    vListInsert                              0x080059f9   Thumb Code    52  list.o(i.vListInsert)
    vListInsertEnd                           0x08005a2d   Thumb Code    24  list.o(i.vListInsertEnd)
    vPortEnterCritical                       0x08005a45   Thumb Code    76  port.o(i.vPortEnterCritical)
    vPortExitCritical                        0x08005a99   Thumb Code    56  port.o(i.vPortExitCritical)
    vPortFree                                0x08005ad5   Thumb Code   140  heap_4.o(i.vPortFree)
    vPortSetupTimerInterrupt                 0x08005b69   Thumb Code    26  port.o(i.vPortSetupTimerInterrupt)
    vPortValidateInterruptPriority           0x08005b89   Thumb Code   106  port.o(i.vPortValidateInterruptPriority)
    vQueueAddToRegistry                      0x08005c01   Thumb Code    38  queue.o(i.vQueueAddToRegistry)
    vQueueWaitForMessageRestricted           0x08005c2d   Thumb Code    74  queue.o(i.vQueueWaitForMessageRestricted)
    vTaskDelay                               0x08005c79   Thumb Code    82  tasks.o(i.vTaskDelay)
    vTaskDelete                              0x08005cd5   Thumb Code   202  tasks.o(i.vTaskDelete)
    vTaskMissedYield                         0x08005dc9   Thumb Code     8  tasks.o(i.vTaskMissedYield)
    vTaskPlaceOnEventList                    0x08005dd5   Thumb Code    52  tasks.o(i.vTaskPlaceOnEventList)
    vTaskPlaceOnEventListRestricted          0x08005e0d   Thumb Code    60  tasks.o(i.vTaskPlaceOnEventListRestricted)
    vTaskPriorityInherit                     0x08005e4d   Thumb Code   164  tasks.o(i.vTaskPriorityInherit)
    vTaskSetTimeOutState                     0x08005efd   Thumb Code    38  tasks.o(i.vTaskSetTimeOutState)
    vTaskStartScheduler                      0x08005f2d   Thumb Code   118  tasks.o(i.vTaskStartScheduler)
    vTaskSuspendAll                          0x08005fc1   Thumb Code    12  tasks.o(i.vTaskSuspendAll)
    vTaskSwitchContext                       0x08005fd1   Thumb Code   118  tasks.o(i.vTaskSwitchContext)
    xPortStartScheduler                      0x0800605d   Thumb Code   288  port.o(i.xPortStartScheduler)
    xQueueGenericCreate                      0x08006199   Thumb Code    88  queue.o(i.xQueueGenericCreate)
    xQueueGenericReceive                     0x080061f1   Thumb Code   446  queue.o(i.xQueueGenericReceive)
    xQueueGenericReset                       0x080063b5   Thumb Code   146  queue.o(i.xQueueGenericReset)
    xQueueGenericSend                        0x0800644d   Thumb Code   420  queue.o(i.xQueueGenericSend)
    xQueueGenericSendFromISR                 0x080065f5   Thumb Code   248  queue.o(i.xQueueGenericSendFromISR)
    xTaskCheckForTimeOut                     0x080066ed   Thumb Code   132  tasks.o(i.xTaskCheckForTimeOut)
    xTaskCreate                              0x08006779   Thumb Code    96  tasks.o(i.xTaskCreate)
    xTaskGetSchedulerState                   0x080067d9   Thumb Code    24  tasks.o(i.xTaskGetSchedulerState)
    xTaskGetTickCount                        0x080067f9   Thumb Code     6  tasks.o(i.xTaskGetTickCount)
    xTaskIncrementTick                       0x08006805   Thumb Code   282  tasks.o(i.xTaskIncrementTick)
    xTaskPriorityDisinherit                  0x0800694d   Thumb Code   188  tasks.o(i.xTaskPriorityDisinherit)
    xTaskRemoveFromEventList                 0x08006a15   Thumb Code   128  tasks.o(i.xTaskRemoveFromEventList)
    xTaskResumeAll                           0x08006aad   Thumb Code   224  tasks.o(i.xTaskResumeAll)
    xTimerCreateTimerTask                    0x08006bb1   Thumb Code    66  timers.o(i.xTimerCreateTimerTask)
    xTimerGenericCommand                     0x08006c09   Thumb Code   126  timers.o(i.xTimerGenericCommand)
    Region$$Table$$Base                      0x08006d4c   Number         0  anon$$obj.o(Region$$Table)
    Region$$Table$$Limit                     0x08006d6c   Number         0  anon$$obj.o(Region$$Table)
    Remote_Handler                           0x20000004   Data           4  taskinit.o(.data)
    Detect_Handler                           0x20000008   Data           4  taskinit.o(.data)
    Grasp_Handler                            0x2000000c   Data           4  taskinit.o(.data)
    Data_Handler                             0x20000010   Data           4  taskinit.o(.data)
    SystemCoreClock                          0x20000024   Data           4  system_stm32f4xx.o(.data)
    AHBPrescTable                            0x20000028   Data          16  system_stm32f4xx.o(.data)
    pxCurrentTCB                             0x2000004c   Data           4  tasks.o(.data)
    Sensor                                   0x200000ac   Data           3  gpio_deal.o(.data)
    TIM3_I                                   0x200000b8   Data           2  tim_isr.o(.data)
    TIM3_sec                                 0x200000ba   Data           2  tim_isr.o(.data)
    TIM3_min                                 0x200000bc   Data           2  tim_isr.o(.data)
    init                                     0x200000bf   Data           1  vl53l0.o(.data)
    temp                                     0x200000c0   Data           8  boardcommuni.o(.data)
    xQueueRegistry                           0x200002dc   Data          64  queue.o(.bss)
    dbus_rx_buffer                           0x20012f1c   Data          25  usart.o(.bss)
    gyro_rx_buffer                           0x20012f35   Data          25  usart.o(.bss)
    referee_rx_buffer                        0x20012f4e   Data         128  usart.o(.bss)
    vision_rx_buffer                         0x20012fce   Data          32  usart.o(.bss)
    vL53L0_rx_buffer                         0x20012fee   Data         128  usart.o(.bss)
    can1_201_208_buffer                      0x2001306e   Data          32  can1_isr.o(.bss)
    can1_encoder_201                         0x2001308e   Data          39  can1_isr.o(.bss)
    can1_encoder_202                         0x200130b5   Data          39  can1_isr.o(.bss)
    can1_encoder_203                         0x200130dc   Data          39  can1_isr.o(.bss)
    can1_encoder_204                         0x20013103   Data          39  can1_isr.o(.bss)
    can1_encoder_205                         0x2001312a   Data          39  can1_isr.o(.bss)
    can1_encoder_206                         0x20013151   Data          39  can1_isr.o(.bss)
    can1_encoder_207                         0x20013178   Data          39  can1_isr.o(.bss)
    can1_encoder_208                         0x2001319f   Data          39  can1_isr.o(.bss)
    can2_board_buffer_first                  0x200131c6   Data          18  can2_isr.o(.bss)
    can2_201_208_buffer                      0x200131d8   Data          32  can2_isr.o(.bss)
    can2_encoder_201                         0x200131f8   Data          39  can2_isr.o(.bss)
    can2_encoder_202                         0x2001321f   Data          39  can2_isr.o(.bss)
    can2_encoder_203                         0x20013246   Data          39  can2_isr.o(.bss)
    can2_encoder_204                         0x2001326d   Data          39  can2_isr.o(.bss)
    can2_encoder_205                         0x20013294   Data          39  can2_isr.o(.bss)
    can2_encoder_206                         0x200132bb   Data          39  can2_isr.o(.bss)
    can2_encoder_207                         0x200132e2   Data          39  can2_isr.o(.bss)
    can2_encoder_208                         0x20013309   Data          39  can2_isr.o(.bss)
    RC                                       0x20013330   Data          31  remote_isr.o(.bss)
    VL53L0                                   0x2001334f   Data          73  vl53l0.o(.bss)
    Board_Communi                            0x20013398   Data          36  boardcommuni.o(.bss)
    Grasp                                    0x200133bc   Data        1569  grasp_task.o(.bss)
    Grasp_Fsm                                0x200139dd   Data          16  grasp_fsm.o(.bss)
    AUTOGRASP                                0x200139ed   Data          12  grasp_fsm.o(.bss)
    KEYBOARD                                 0x200139f9   Data          12  grasp_fsm.o(.bss)
    PICKGOLD                                 0x20013a05   Data          12  grasp_fsm.o(.bss)
    OFFLINE                                  0x20013a11   Data          12  grasp_fsm.o(.bss)
    GRASPRESET                               0x20013a1d   Data          12  grasp_fsm.o(.bss)
    REMOTEG                                  0x20013a29   Data          12  grasp_fsm.o(.bss)
    GETGOLD                                  0x20013a35   Data          12  grasp_fsm.o(.bss)
    Grasp_State_Table                        0x20013a41   Data         108  grasp_fsm.o(.bss)
    __initial_sp                             0x20013eb0   Data           0  startup_stm32f40_41xxx.o(STACK)



==============================================================================

Memory Map of the image

  Image Entry point : 0x08000189

  Load Region LR_IROM1 (Base: 0x08000000, Size: 0x00006e5c, Max: 0x00080000, ABSOLUTE)

    Execution Region ER_IROM1 (Exec base: 0x08000000, Load base: 0x08000000, Size: 0x00006d6c, Max: 0x00080000, ABSOLUTE)

    Exec Addr    Load Addr    Size         Type   Attr      Idx    E Section Name        Object

    0x08000000   0x08000000   0x00000188   Data   RO          471    RESET               startup_stm32f40_41xxx.o
    0x08000188   0x08000188   0x00000000   Code   RO         7437  * .ARM.Collect$$$$00000000  mc_w.l(entry.o)
    0x08000188   0x08000188   0x00000004   Code   RO         7458    .ARM.Collect$$$$00000001  mc_w.l(entry2.o)
    0x0800018c   0x0800018c   0x00000004   Code   RO         7461    .ARM.Collect$$$$00000004  mc_w.l(entry5.o)
    0x08000190   0x08000190   0x00000000   Code   RO         7463    .ARM.Collect$$$$00000008  mc_w.l(entry7b.o)
    0x08000190   0x08000190   0x00000000   Code   RO         7465    .ARM.Collect$$$$0000000A  mc_w.l(entry8b.o)
    0x08000190   0x08000190   0x00000008   Code   RO         7466    .ARM.Collect$$$$0000000B  mc_w.l(entry9a.o)
    0x08000198   0x08000198   0x00000000   Code   RO         7468    .ARM.Collect$$$$0000000D  mc_w.l(entry10a.o)
    0x08000198   0x08000198   0x00000000   Code   RO         7470    .ARM.Collect$$$$0000000F  mc_w.l(entry11a.o)
    0x08000198   0x08000198   0x00000004   Code   RO         7459    .ARM.Collect$$$$00002712  mc_w.l(entry2.o)
    0x0800019c   0x0800019c   0x000000b6   Code   RO         6164    .emb_text           port.o
    0x08000252   0x08000252   0x00000002   PAD
    0x08000254   0x08000254   0x00000024   Code   RO          472    .text               startup_stm32f40_41xxx.o
    0x08000278   0x08000278   0x00000024   Code   RO         7440    .text               mc_w.l(memcpya.o)
    0x0800029c   0x0800029c   0x00000024   Code   RO         7442    .text               mc_w.l(memseta.o)
    0x080002c0   0x080002c0   0x0000014e   Code   RO         7446    .text               mf_w.l(dadd.o)
    0x0800040e   0x0800040e   0x000000e4   Code   RO         7448    .text               mf_w.l(dmul.o)
    0x080004f2   0x080004f2   0x000000de   Code   RO         7450    .text               mf_w.l(ddiv.o)
    0x080005d0   0x080005d0   0x00000022   Code   RO         7452    .text               mf_w.l(dflti.o)
    0x080005f2   0x080005f2   0x00000026   Code   RO         7454    .text               mf_w.l(f2d.o)
    0x08000618   0x08000618   0x00000038   Code   RO         7456    .text               mf_w.l(d2f.o)
    0x08000650   0x08000650   0x0000001e   Code   RO         7472    .text               mc_w.l(llshl.o)
    0x0800066e   0x0800066e   0x00000024   Code   RO         7474    .text               mc_w.l(llsshr.o)
    0x08000692   0x08000692   0x00000000   Code   RO         7476    .text               mc_w.l(iusefp.o)
    0x08000692   0x08000692   0x0000006e   Code   RO         7477    .text               mf_w.l(fepilogue.o)
    0x08000700   0x08000700   0x000000ba   Code   RO         7479    .text               mf_w.l(depilogue.o)
    0x080007ba   0x080007ba   0x00000002   PAD
    0x080007bc   0x080007bc   0x00000024   Code   RO         7481    .text               mc_w.l(init.o)
    0x080007e0   0x080007e0   0x00000020   Code   RO         7483    .text               mc_w.l(llushr.o)
    0x08000800   0x08000800   0x00000014   Code   RO         6719    i.Board_Communi_Init  boardcommuni.o
    0x08000814   0x08000814   0x000001dc   Code   RO         6720    i.Board_Communi_Updata  boardcommuni.o
    0x080009f0   0x080009f0   0x00000004   Code   RO         5211    i.BusFault_Handler  stm32f4xx_it.o
    0x080009f4   0x080009f4   0x0000008c   Code   RO         6433    i.CAN1_201_To_204_SEND  can1_isr.o
    0x08000a80   0x08000a80   0x0000008c   Code   RO         6434    i.CAN1_205_To_208_SEND  can1_isr.o
    0x08000b0c   0x08000b0c   0x00000104   Code   RO         6244    i.CAN1_Init_GPIOD_IO0_IO1  can.o
    0x08000c10   0x08000c10   0x00000260   Code   RO         6435    i.CAN1_RX0_IRQHandler  can1_isr.o
    0x08000e70   0x08000e70   0x00000104   Code   RO         6246    i.CAN2_Init_GPIOB_IO5_IO6  can.o
    0x08000f74   0x08000f74   0x00000130   Code   RO         6481    i.CAN2_RX0_IRQHandler  can2_isr.o
    0x080010a4   0x080010a4   0x00000038   Code   RO          765    i.CAN_ClearFlag     stm32f4xx_can.o
    0x080010dc   0x080010dc   0x000000a8   Code   RO          766    i.CAN_ClearITPendingBit  stm32f4xx_can.o
    0x08001184   0x08001184   0x000001f0   Code   RO         6530    i.CAN_DATA_Encoder_Deal  encoder.o
    0x08001374   0x08001374   0x00000038   Code   RO          768    i.CAN_DeInit        stm32f4xx_can.o
    0x080013ac   0x080013ac   0x00000108   Code   RO          770    i.CAN_FilterInit    stm32f4xx_can.o
    0x080014b4   0x080014b4   0x00000120   Code   RO          772    i.CAN_GetITStatus   stm32f4xx_can.o
    0x080015d4   0x080015d4   0x00000012   Code   RO          776    i.CAN_ITConfig      stm32f4xx_can.o
    0x080015e6   0x080015e6   0x00000114   Code   RO          777    i.CAN_Init          stm32f4xx_can.o
    0x080016fa   0x080016fa   0x000000f0   Code   RO          780    i.CAN_Receive       stm32f4xx_can.o
    0x080017ea   0x080017ea   0x00000020   Code   RO          783    i.CAN_StructInit    stm32f4xx_can.o
    0x0800180a   0x0800180a   0x00000126   Code   RO          785    i.CAN_Transmit      stm32f4xx_can.o
    0x08001930   0x08001930   0x000000a0   Code   RO          786    i.CAN_TransmitStatus  stm32f4xx_can.o
    0x080019d0   0x080019d0   0x000001a8   Code   RO         7187    i.Chassis_FSM_Init  grasp_fsm.o
    0x08001b78   0x08001b78   0x00000012   Code   RO          788    i.CheckITStatus     stm32f4xx_can.o
    0x08001b8a   0x08001b8a   0x00000002   PAD
    0x08001b8c   0x08001b8c   0x00000038   Code   RO         6634    i.DMA2_Stream1_IRQHandler  remote_isr.o
    0x08001bc4   0x08001bc4   0x00000038   Code   RO         6635    i.DMA2_Stream5_IRQHandler  remote_isr.o
    0x08001bfc   0x08001bfc   0x00000034   Code   RO         1465    i.DMA_ClearFlag     stm32f4xx_dma.o
    0x08001c30   0x08001c30   0x00000034   Code   RO         1466    i.DMA_ClearITPendingBit  stm32f4xx_dma.o
    0x08001c64   0x08001c64   0x00000016   Code   RO         1467    i.DMA_Cmd           stm32f4xx_dma.o
    0x08001c7a   0x08001c7a   0x00000002   PAD
    0x08001c7c   0x08001c7c   0x00000158   Code   RO         1468    i.DMA_DeInit        stm32f4xx_dma.o
    0x08001dd4   0x08001dd4   0x00000014   Code   RO         1472    i.DMA_GetCmdStatus  stm32f4xx_dma.o
    0x08001de8   0x08001de8   0x00000008   Code   RO         1473    i.DMA_GetCurrDataCounter  stm32f4xx_dma.o
    0x08001df0   0x08001df0   0x00000044   Code   RO         1476    i.DMA_GetFlagStatus  stm32f4xx_dma.o
    0x08001e34   0x08001e34   0x0000003a   Code   RO         1478    i.DMA_ITConfig      stm32f4xx_dma.o
    0x08001e6e   0x08001e6e   0x00000002   PAD
    0x08001e70   0x08001e70   0x00000058   Code   RO         1479    i.DMA_Init          stm32f4xx_dma.o
    0x08001ec8   0x08001ec8   0x00000004   Code   RO         1482    i.DMA_SetCurrDataCounter  stm32f4xx_dma.o
    0x08001ecc   0x08001ecc   0x00000022   Code   RO         7167    i.Data_Task         data_task.o
    0x08001eee   0x08001eee   0x00000002   Code   RO         5212    i.DebugMon_Handler  stm32f4xx_it.o
    0x08001ef0   0x08001ef0   0x00000020   Code   RO         7089    i.Detect_Task       detect_task.o
    0x08001f10   0x08001f10   0x00000040   Code   RO         6531    i.EncoderValZero    encoder.o
    0x08001f50   0x08001f50   0x00000056   Code   RO         7291    i.FSM_Deal          fms.o
    0x08001fa6   0x08001fa6   0x00000090   Code   RO         2201    i.GPIO_Init         stm32f4xx_gpio.o
    0x08002036   0x08002036   0x00000046   Code   RO         2202    i.GPIO_PinAFConfig  stm32f4xx_gpio.o
    0x0800207c   0x0800207c   0x00000012   Code   RO         2205    i.GPIO_ReadInputDataBit  stm32f4xx_gpio.o
    0x0800208e   0x0800208e   0x00000004   Code   RO         2209    i.GPIO_SetBits      stm32f4xx_gpio.o
    0x08002092   0x08002092   0x00000008   Code   RO         2211    i.GPIO_ToggleBits   stm32f4xx_gpio.o
    0x0800209a   0x0800209a   0x00000002   PAD
    0x0800209c   0x0800209c   0x00000018   Code   RO         6556    i.Get_Sensor_Val    gpio_deal.o
    0x080020b4   0x080020b4   0x00000002   Code   RO         7188    i.Gold_Prepare      grasp_fsm.o
    0x080020b6   0x080020b6   0x00000002   PAD
    0x080020b8   0x080020b8   0x00000014   Code   RO         7189    i.Gold_State        grasp_fsm.o
    0x080020cc   0x080020cc   0x00000010   Code   RO         7190    i.Gold_bhv          grasp_fsm.o
    0x080020dc   0x080020dc   0x00000148   Code   RO         6948    i.Grasp_First       robotaction.o
    0x08002224   0x08002224   0x00000068   Code   RO         7109    i.Grasp_Init        grasp_task.o
    0x0800228c   0x0800228c   0x000002ac   Code   RO         6762    i.Grasp_Motor_Init  graspmotor.o
    0x08002538   0x08002538   0x0000015c   Code   RO         6949    i.Grasp_Second      robotaction.o
    0x08002694   0x08002694   0x00000034   Code   RO         7110    i.Grasp_Task        grasp_task.o
    0x080026c8   0x080026c8   0x000000d8   Code   RO         6950    i.Grasp_Third       robotaction.o
    0x080027a0   0x080027a0   0x000000ac   Code   RO         6951    i.Grasp_init        robotaction.o
    0x0800284c   0x0800284c   0x00000004   Code   RO         5213    i.HardFault_Handler  stm32f4xx_it.o
    0x08002850   0x08002850   0x00000048   Code   RO          208    i.HardwareInit      hardwareinit.o
    0x08002898   0x08002898   0x00000040   Code   RO          209    i.HardwareMapping   hardwareinit.o
    0x080028d8   0x080028d8   0x00000002   Code   RO         7191    i.KeyBoard_Prepare  grasp_fsm.o
    0x080028da   0x080028da   0x00000002   PAD
    0x080028dc   0x080028dc   0x00000014   Code   RO         7192    i.KeyBoard_State    grasp_fsm.o
    0x080028f0   0x080028f0   0x0000018c   Code   RO         7193    i.KeyBoard_bhv      grasp_fsm.o
    0x08002a7c   0x08002a7c   0x0000005c   Code   RO         6282    i.Led_Init          gpio.o
    0x08002ad8   0x08002ad8   0x00000004   Code   RO         5214    i.MemManage_Handler  stm32f4xx_it.o
    0x08002adc   0x08002adc   0x0000006c   Code   RO         6814    i.MotorValZero      motor.o
    0x08002b48   0x08002b48   0x00000002   Code   RO         5215    i.NMI_Handler       stm32f4xx_it.o
    0x08002b4a   0x08002b4a   0x00000002   PAD
    0x08002b4c   0x08002b4c   0x00000078   Code   RO          478    i.NVIC_Init         misc.o
    0x08002bc4   0x08002bc4   0x00000002   Code   RO         7194    i.Offline_Prepare   grasp_fsm.o
    0x08002bc6   0x08002bc6   0x00000002   PAD
    0x08002bc8   0x08002bc8   0x00000014   Code   RO         7195    i.Offline_State     grasp_fsm.o
    0x08002bdc   0x08002bdc   0x0000001c   Code   RO         7196    i.Offline_bhv       grasp_fsm.o
    0x08002bf8   0x08002bf8   0x00000160   Code   RO         6842    i.PID_DEAL          pid.o
    0x08002d58   0x08002d58   0x00000068   Code   RO         6846    i.PID_INIT          pid.o
    0x08002dc0   0x08002dc0   0x00000010   Code   RO         7197    i.Pick_Prepare      grasp_fsm.o
    0x08002dd0   0x08002dd0   0x00000014   Code   RO         7198    i.Pick_State        grasp_fsm.o
    0x08002de4   0x08002de4   0x00000002   Code   RO         7199    i.Pick_bhv          grasp_fsm.o
    0x08002de6   0x08002de6   0x00000002   Code   RO         6763    i.Poweroff_Ctrl     graspmotor.o
    0x08002de8   0x08002de8   0x00000020   Code   RO         3065    i.RCC_AHB1PeriphClockCmd  stm32f4xx_rcc.o
    0x08002e08   0x08002e08   0x00000020   Code   RO         3074    i.RCC_APB1PeriphClockCmd  stm32f4xx_rcc.o
    0x08002e28   0x08002e28   0x00000020   Code   RO         3076    i.RCC_APB1PeriphResetCmd  stm32f4xx_rcc.o
    0x08002e48   0x08002e48   0x00000020   Code   RO         3077    i.RCC_APB2PeriphClockCmd  stm32f4xx_rcc.o
    0x08002e68   0x08002e68   0x00000020   Code   RO         3079    i.RCC_APB2PeriphResetCmd  stm32f4xx_rcc.o
    0x08002e88   0x08002e88   0x000000e4   Code   RO         3086    i.RCC_GetClocksFreq  stm32f4xx_rcc.o
    0x08002f6c   0x08002f6c   0x00000534   Code   RO         6764    i.RC_Ctrl           graspmotor.o
    0x080034a0   0x080034a0   0x00000118   Code   RO         6636    i.RC_Deal           remote_isr.o
    0x080035b8   0x080035b8   0x00000002   Code   RO         7200    i.Remote_Prepare    grasp_fsm.o
    0x080035ba   0x080035ba   0x00000002   PAD
    0x080035bc   0x080035bc   0x00000014   Code   RO         7201    i.Remote_State      grasp_fsm.o
    0x080035d0   0x080035d0   0x00000020   Code   RO         7146    i.Remote_Task       remote_task.o
    0x080035f0   0x080035f0   0x00000014   Code   RO         7202    i.Remote_bhv        grasp_fsm.o
    0x08003604   0x08003604   0x000000ae   Code   RO         6953    i.Reset             robotaction.o
    0x080036b2   0x080036b2   0x00000002   PAD
    0x080036b4   0x080036b4   0x000000b4   Code   RO         6765    i.Reset_Grasp       graspmotor.o
    0x08003768   0x08003768   0x00000008   Code   RO         6721    i.Return_Board_Communi  boardcommuni.o
    0x08003770   0x08003770   0x00000008   Code   RO         6483    i.Return_CAN2_Board_Data  can2_isr.o
    0x08003778   0x08003778   0x0000005c   Code   RO         6437    i.Return_Can1_201_208_Encoder  can1_isr.o
    0x080037d4   0x080037d4   0x0000005c   Code   RO         6484    i.Return_Can2_201_208_Encoder  can2_isr.o
    0x08003830   0x08003830   0x00000008   Code   RO         7203    i.Return_Chassis_Fsm  grasp_fsm.o
    0x08003838   0x08003838   0x00000008   Code   RO         6557    i.Return_Sensor_t   gpio_deal.o
    0x08003840   0x08003840   0x00000074   Code   RO         6558    i.Return_Smooth_L_Val  gpio_deal.o
    0x080038b4   0x080038b4   0x00000074   Code   RO         6559    i.Return_Smooth_R_Val  gpio_deal.o
    0x08003928   0x08003928   0x00000008   Code   RO         6677    i.Return_VL53L0_t   vl53l0.o
    0x08003930   0x08003930   0x00000034   Code   RO         6283    i.SENSOR_Init       gpio.o
    0x08003964   0x08003964   0x000000ec   Code   RO         5264    i.SetSysClock       system_stm32f4xx.o
    0x08003a50   0x08003a50   0x00000020   Code   RO          139    i.Start_Task        main.o
    0x08003a70   0x08003a70   0x0000000e   Code   RO         7292    i.StateChange       fms.o
    0x08003a7e   0x08003a7e   0x00000002   PAD
    0x08003a80   0x08003a80   0x00000034   Code   RO         6165    i.SysTick_Handler   port.o
    0x08003ab4   0x08003ab4   0x00000068   Code   RO         5266    i.SystemInit        system_stm32f4xx.o
    0x08003b1c   0x08003b1c   0x000000cc   Code   RO         6608    i.TIM3_IRQHandler   tim_isr.o
    0x08003be8   0x08003be8   0x0000005c   Code   RO         6320    i.TIM3_Init         tim.o
    0x08003c44   0x08003c44   0x00000006   Code   RO         4407    i.TIM_ClearITPendingBit  stm32f4xx_tim.o
    0x08003c4a   0x08003c4a   0x00000018   Code   RO         4412    i.TIM_Cmd           stm32f4xx_tim.o
    0x08003c62   0x08003c62   0x00000022   Code   RO         4433    i.TIM_GetITStatus   stm32f4xx_tim.o
    0x08003c84   0x08003c84   0x00000012   Code   RO         4437    i.TIM_ITConfig      stm32f4xx_tim.o
    0x08003c96   0x08003c96   0x00000002   PAD
    0x08003c98   0x08003c98   0x00000084   Code   RO         4484    i.TIM_TimeBaseInit  stm32f4xx_tim.o
    0x08003d1c   0x08003d1c   0x000000a8   Code   RO          251    i.TaskInit          taskinit.o
    0x08003dc4   0x08003dc4   0x0000012c   Code   RO         7000    i.Telescoping       motoraction.o
    0x08003ef0   0x08003ef0   0x000000e4   Code   RO         7001    i.Translation       motoraction.o
    0x08003fd4   0x08003fd4   0x00000130   Code   RO         6345    i.USART1_RC_INIT_PA10_RX  usart.o
    0x08004104   0x08004104   0x0000007c   Code   RO         6678    i.USART6_IRQHandler  vl53l0.o
    0x08004180   0x08004180   0x0000011c   Code   RO         6350    i.USART6_VL53L0_INIT_PC7_RX_PC6_TX  usart.o
    0x0800429c   0x0800429c   0x00000018   Code   RO         4962    i.USART_Cmd         stm32f4xx_usart.o
    0x080042b4   0x080042b4   0x00000012   Code   RO         4963    i.USART_DMACmd      stm32f4xx_usart.o
    0x080042c6   0x080042c6   0x00000002   PAD
    0x080042c8   0x080042c8   0x000000f0   Code   RO         4964    i.USART_DeInit      stm32f4xx_usart.o
    0x080043b8   0x080043b8   0x00000054   Code   RO         4966    i.USART_GetITStatus  stm32f4xx_usart.o
    0x0800440c   0x0800440c   0x0000004a   Code   RO         4968    i.USART_ITConfig    stm32f4xx_usart.o
    0x08004456   0x08004456   0x00000002   PAD
    0x08004458   0x08004458   0x000000d4   Code   RO         4969    i.USART_Init        stm32f4xx_usart.o
    0x0800452c   0x0800452c   0x00000004   Code   RO         5216    i.UsageFault_Handler  stm32f4xx_it.o
    0x08004530   0x08004530   0x00000108   Code   RO         6679    i.VL53L0_Data_Deal  vl53l0.o
    0x08004638   0x08004638   0x0000000e   Code   RO         7487    i.__scatterload_copy  mc_w.l(handlers.o)
    0x08004646   0x08004646   0x00000002   Code   RO         7488    i.__scatterload_null  mc_w.l(handlers.o)
    0x08004648   0x08004648   0x0000000e   Code   RO         7489    i.__scatterload_zeroinit  mc_w.l(handlers.o)
    0x08004656   0x08004656   0x00000056   Code   RO         6954    i.auto_grasp        robotaction.o
    0x080046ac   0x080046ac   0x00000140   Code   RO         7002    i.clamp             motoraction.o
    0x080047ec   0x080047ec   0x0000010c   Code   RO         7003    i.clip              motoraction.o
    0x080048f8   0x080048f8   0x000001e8   Code   RO         7005    i.flip2             motoraction.o
    0x08004ae0   0x08004ae0   0x00000014   Code   RO         7347    i.float_abs         mathlib.o
    0x08004af4   0x08004af4   0x0000000a   Code   RO         7350    i.int16_t_abs       mathlib.o
    0x08004afe   0x08004afe   0x00000002   PAD
    0x08004b00   0x08004b00   0x00000038   Code   RO          140    i.main              main.o
    0x08004b38   0x08004b38   0x00000250   Code   RO         6767    i.pid_Cala          graspmotor.o
    0x08004d88   0x08004d88   0x00000098   Code   RO         5582    i.prvAddCurrentTaskToDelayedList  tasks.o
    0x08004e20   0x08004e20   0x000000b8   Code   RO         5583    i.prvAddNewTaskToReadyList  tasks.o
    0x08004ed8   0x08004ed8   0x00000064   Code   RO         5411    i.prvCheckForValidListAndQueue  timers.o
    0x08004f3c   0x08004f3c   0x00000064   Code   RO         5584    i.prvCheckTasksWaitingTermination  tasks.o
    0x08004fa0   0x08004fa0   0x0000002a   Code   RO         5922    i.prvCopyDataFromQueue  queue.o
    0x08004fca   0x08004fca   0x0000007c   Code   RO         5923    i.prvCopyDataToQueue  queue.o
    0x08005046   0x08005046   0x00000012   Code   RO         5585    i.prvDeleteTCB      tasks.o
    0x08005058   0x08005058   0x00000028   Code   RO         5412    i.prvGetNextExpireTime  timers.o
    0x08005080   0x08005080   0x0000007c   Code   RO         6115    i.prvHeapInit       heap_4.o
    0x080050fc   0x080050fc   0x00000028   Code   RO         5586    i.prvIdleTask       tasks.o
    0x08005124   0x08005124   0x0000002a   Code   RO         5925    i.prvInitialiseNewQueue  queue.o
    0x0800514e   0x0800514e   0x000000b4   Code   RO         5587    i.prvInitialiseNewTask  tasks.o
    0x08005202   0x08005202   0x00000002   PAD
    0x08005204   0x08005204   0x00000068   Code   RO         5588    i.prvInitialiseTaskLists  tasks.o
    0x0800526c   0x0800526c   0x00000068   Code   RO         6116    i.prvInsertBlockIntoFreeList  heap_4.o
    0x080052d4   0x080052d4   0x00000058   Code   RO         5414    i.prvInsertTimerInActiveList  timers.o
    0x0800532c   0x0800532c   0x0000001a   Code   RO         5926    i.prvIsQueueEmpty   queue.o
    0x08005346   0x08005346   0x0000001e   Code   RO         5927    i.prvIsQueueFull    queue.o
    0x08005364   0x08005364   0x00000064   Code   RO         5415    i.prvProcessExpiredTimer  timers.o
    0x080053c8   0x080053c8   0x000000f8   Code   RO         5416    i.prvProcessReceivedCommands  timers.o
    0x080054c0   0x080054c0   0x00000074   Code   RO         5417    i.prvProcessTimerOrBlockTask  timers.o
    0x08005534   0x08005534   0x00000034   Code   RO         5590    i.prvResetNextTaskUnblockTime  tasks.o
    0x08005568   0x08005568   0x0000002c   Code   RO         5418    i.prvSampleTimeNow  timers.o
    0x08005594   0x08005594   0x000000a0   Code   RO         5419    i.prvSwitchTimerLists  timers.o
    0x08005634   0x08005634   0x00000040   Code   RO         6166    i.prvTaskExitError  port.o
    0x08005674   0x08005674   0x0000001a   Code   RO         5420    i.prvTimerTask      timers.o
    0x0800568e   0x0800568e   0x0000007e   Code   RO         5928    i.prvUnlockQueue    queue.o
    0x0800570c   0x0800570c   0x0000013c   Code   RO         6117    i.pvPortMalloc      heap_4.o
    0x08005848   0x08005848   0x00000020   Code   RO         5593    i.pvTaskIncrementMutexHeldCount  tasks.o
    0x08005868   0x08005868   0x0000002c   Code   RO         6167    i.pxPortInitialiseStack  port.o
    0x08005894   0x08005894   0x0000011c   Code   RO         7008    i.uplift            motoraction.o
    0x080059b0   0x080059b0   0x00000028   Code   RO         5544    i.uxListRemove      list.o
    0x080059d8   0x080059d8   0x0000001a   Code   RO         5545    i.vListInitialise   list.o
    0x080059f2   0x080059f2   0x00000006   Code   RO         5546    i.vListInitialiseItem  list.o
    0x080059f8   0x080059f8   0x00000034   Code   RO         5547    i.vListInsert       list.o
    0x08005a2c   0x08005a2c   0x00000018   Code   RO         5548    i.vListInsertEnd    list.o
    0x08005a44   0x08005a44   0x00000054   Code   RO         6169    i.vPortEnterCritical  port.o
    0x08005a98   0x08005a98   0x0000003c   Code   RO         6170    i.vPortExitCritical  port.o
    0x08005ad4   0x08005ad4   0x00000094   Code   RO         6118    i.vPortFree         heap_4.o
    0x08005b68   0x08005b68   0x00000020   Code   RO         6171    i.vPortSetupTimerInterrupt  port.o
    0x08005b88   0x08005b88   0x00000078   Code   RO         6172    i.vPortValidateInterruptPriority  port.o
    0x08005c00   0x08005c00   0x0000002c   Code   RO         5934    i.vQueueAddToRegistry  queue.o
    0x08005c2c   0x08005c2c   0x0000004a   Code   RO         5938    i.vQueueWaitForMessageRestricted  queue.o
    0x08005c76   0x08005c76   0x00000002   PAD
    0x08005c78   0x08005c78   0x0000005c   Code   RO         5601    i.vTaskDelay        tasks.o
    0x08005cd4   0x08005cd4   0x000000f4   Code   RO         5603    i.vTaskDelete       tasks.o
    0x08005dc8   0x08005dc8   0x0000000c   Code   RO         5606    i.vTaskMissedYield  tasks.o
    0x08005dd4   0x08005dd4   0x00000038   Code   RO         5608    i.vTaskPlaceOnEventList  tasks.o
    0x08005e0c   0x08005e0c   0x00000040   Code   RO         5609    i.vTaskPlaceOnEventListRestricted  tasks.o
    0x08005e4c   0x08005e4c   0x000000b0   Code   RO         5611    i.vTaskPriorityInherit  tasks.o
    0x08005efc   0x08005efc   0x00000030   Code   RO         5615    i.vTaskSetTimeOutState  tasks.o
    0x08005f2c   0x08005f2c   0x00000094   Code   RO         5616    i.vTaskStartScheduler  tasks.o
    0x08005fc0   0x08005fc0   0x00000010   Code   RO         5618    i.vTaskSuspendAll   tasks.o
    0x08005fd0   0x08005fd0   0x0000008c   Code   RO         5619    i.vTaskSwitchContext  tasks.o
    0x0800605c   0x0800605c   0x0000013c   Code   RO         6173    i.xPortStartScheduler  port.o
    0x08006198   0x08006198   0x00000058   Code   RO         5941    i.xQueueGenericCreate  queue.o
    0x080061f0   0x080061f0   0x000001c4   Code   RO         5942    i.xQueueGenericReceive  queue.o
    0x080063b4   0x080063b4   0x00000098   Code   RO         5943    i.xQueueGenericReset  queue.o
    0x0800644c   0x0800644c   0x000001a8   Code   RO         5944    i.xQueueGenericSend  queue.o
    0x080065f4   0x080065f4   0x000000f8   Code   RO         5945    i.xQueueGenericSendFromISR  queue.o
    0x080066ec   0x080066ec   0x0000008c   Code   RO         5620    i.xTaskCheckForTimeOut  tasks.o
    0x08006778   0x08006778   0x00000060   Code   RO         5621    i.xTaskCreate       tasks.o
    0x080067d8   0x080067d8   0x00000020   Code   RO         5625    i.xTaskGetSchedulerState  tasks.o
    0x080067f8   0x080067f8   0x0000000c   Code   RO         5626    i.xTaskGetTickCount  tasks.o
    0x08006804   0x08006804   0x00000148   Code   RO         5628    i.xTaskIncrementTick  tasks.o
    0x0800694c   0x0800694c   0x000000c8   Code   RO         5631    i.xTaskPriorityDisinherit  tasks.o
    0x08006a14   0x08006a14   0x00000098   Code   RO         5632    i.xTaskRemoveFromEventList  tasks.o
    0x08006aac   0x08006aac   0x00000104   Code   RO         5634    i.xTaskResumeAll    tasks.o
    0x08006bb0   0x08006bb0   0x00000058   Code   RO         5424    i.xTimerCreateTimerTask  timers.o
    0x08006c08   0x08006c08   0x00000084   Code   RO         5425    i.xTimerGenericCommand  timers.o
    0x08006c8c   0x08006c8c   0x000000c0   Data   RO         6768    .constdata          graspmotor.o
    0x08006d4c   0x08006d4c   0x00000020   Data   RO         7485    Region$$Table       anon$$obj.o


    Execution Region RW_IRAM1 (Exec base: 0x20000000, Load base: 0x08006d6c, Size: 0x00013eb0, Max: 0x00020000, ABSOLUTE)

    Exec Addr    Load Addr    Size         Type   Attr      Idx    E Section Name        Object

    0x20000000   0x08006d6c   0x00000004   Data   RW          141    .data               main.o
    0x20000004   0x08006d70   0x00000010   Data   RW          252    .data               taskinit.o
    0x20000014   0x08006d80   0x00000010   Data   RW         3118    .data               stm32f4xx_rcc.o
    0x20000024   0x08006d90   0x00000014   Data   RW         5267    .data               system_stm32f4xx.o
    0x20000038   0x08006da4   0x00000014   Data   RW         5431    .data               timers.o
    0x2000004c   0x08006db8   0x0000003c   Data   RW         5637    .data               tasks.o
    0x20000088   0x08006df4   0x00000018   Data   RW         6123    .data               heap_4.o
    0x200000a0   0x08006e0c   0x0000000c   Data   RW         6174    .data               port.o
    0x200000ac   0x08006e18   0x0000000b   Data   RW         6561    .data               gpio_deal.o
    0x200000b7   0x08006e23   0x00000001   PAD
    0x200000b8   0x08006e24   0x00000007   Data   RW         6609    .data               tim_isr.o
    0x200000bf   0x08006e2b   0x00000001   Data   RW         6681    .data               vl53l0.o
    0x200000c0   0x08006e2c   0x0000000d   Data   RW         6724    .data               boardcommuni.o
    0x200000cd   0x08006e39   0x00000001   PAD
    0x200000ce   0x08006e3a   0x00000004   Data   RW         6769    .data               graspmotor.o
    0x200000d2   0x08006e3e   0x00000002   PAD
    0x200000d4   0x08006e40   0x0000001a   Data   RW         7009    .data               motoraction.o
    0x200000ee   0x08006e5a   0x00000002   Data   RW         7205    .data               grasp_fsm.o
    0x200000f0        -       0x00000020   Zero   RW          210    .bss                hardwareinit.o
    0x20000110        -       0x00000028   Zero   RW         5430    .bss                timers.o
    0x20000138        -       0x000001a4   Zero   RW         5636    .bss                tasks.o
    0x200002dc        -       0x00000040   Zero   RW         5953    .bss                queue.o
    0x2000031c        -       0x00012c00   Zero   RW         6122    .bss                heap_4.o
    0x20012f1c        -       0x00000152   Zero   RW         6352    .bss                usart.o
    0x2001306e        -       0x00000158   Zero   RW         6438    .bss                can1_isr.o
    0x200131c6        -       0x0000016a   Zero   RW         6485    .bss                can2_isr.o
    0x20013330        -       0x0000001f   Zero   RW         6638    .bss                remote_isr.o
    0x2001334f        -       0x00000049   Zero   RW         6680    .bss                vl53l0.o
    0x20013398        -       0x00000024   Zero   RW         6723    .bss                boardcommuni.o
    0x200133bc        -       0x00000621   Zero   RW         7111    .bss                grasp_task.o
    0x200139dd        -       0x000000d0   Zero   RW         7204    .bss                grasp_fsm.o
    0x20013aad   0x08006e5c   0x00000003   PAD
    0x20013ab0        -       0x00000400   Zero   RW          469    STACK               startup_stm32f40_41xxx.o


==============================================================================

Image component sizes


      Code (inc. data)   RO Data    RW Data    ZI Data      Debug   Object Name

       504         18          0         13         36       2837   boardcommuni.o
       520         18          0          0          0       2224   can.o
       980         98          0          0        344       4592   can1_isr.o
       404         64          0          0        362       3287   can2_isr.o
        34          0          0          0          0        628   data_task.o
         0          0          0          0          0     302900   delay.o
        32          6          0          0          0        626   detect_task.o
       560         18          0          0          0       2145   encoder.o
         0          0          0          0          0      12080   event_groups.o
       100          0          0          0          0       2445   fms.o
       144         14          0          0          0       1257   gpio.o
       264         36          0         11          0       3368   gpio_deal.o
      1018        188          0          2        208      10417   grasp_fsm.o
       156         36          0          0       1569       3289   grasp_task.o
      2790         76        192          4          0       4542   graspmotor.o
       136         36          0          0         32       1419   hardwareinit.o
       692         62          0         24      76800       4767   heap_4.o
       148          0          0          0          0       3586   list.o
        88         28          0          4          0      13035   main.o
        30          0          0          0          0       1214   mathlib.o
       120         14          0          0          0       1116   misc.o
       108          4          0          0          0       2567   motor.o
      1888         80          0         26          0       7598   motoraction.o
       456         10          0          0          0       2046   pid.o
       954         92          0         12          0      12129   port.o
      1872         22          0          0         64      14421   queue.o
       392         36          0          0         31       3285   remote_isr.o
        32          4          0          0          0        630   remote_task.o
      1324         74          0          0          0       4806   robotaction.o
        36          8        392          0       1024        900   startup_stm32f40_41xxx.o
      1870         48          0          0          0       9673   stm32f4xx_can.o
       716         68          0          0          0       8162   stm32f4xx_dma.o
       244          0          0          0          0       3876   stm32f4xx_gpio.o
        20          0          0          0          0       3177   stm32f4xx_it.o
       388         44          0         16          0       6265   stm32f4xx_rcc.o
       214         28          0          0          0       4022   stm32f4xx_tim.o
       652         42          0          0          0       5392   stm32f4xx_usart.o
       340         32          0         20          0       2061   system_stm32f4xx.o
       168         80          0         16          0     243154   taskinit.o
      3078        410          0         60        420      24871   tasks.o
        92          4          0          0          0        744   tim.o
       204         28          0          7          0       1033   tim_isr.o
      1142        118          0         20         40      20763   timers.o
       588         46          0          0        338       2800   usart.o
       396         38          0          1         73       3355   vl53l0.o

    ----------------------------------------------------------------------
     25930       2028        616        240      81344     769504   Object Totals
         0          0         32          0          0          0   (incl. Generated)
        36          0          0          4          3          0   (incl. Padding)

    ----------------------------------------------------------------------

      Code (inc. data)   RO Data    RW Data    ZI Data      Debug   Library Member Name

         0          0          0          0          0          0   entry.o
         0          0          0          0          0          0   entry10a.o
         0          0          0          0          0          0   entry11a.o
         8          4          0          0          0          0   entry2.o
         4          0          0          0          0          0   entry5.o
         0          0          0          0          0          0   entry7b.o
         0          0          0          0          0          0   entry8b.o
         8          4          0          0          0          0   entry9a.o
        30          0          0          0          0          0   handlers.o
        36          8          0          0          0         68   init.o
         0          0          0          0          0          0   iusefp.o
        30          0          0          0          0         68   llshl.o
        36          0          0          0          0         68   llsshr.o
        32          0          0          0          0         68   llushr.o
        36          0          0          0          0         68   memcpya.o
        36          0          0          0          0        108   memseta.o
        56          0          0          0          0         88   d2f.o
       334          0          0          0          0        148   dadd.o
       222          0          0          0          0        100   ddiv.o
       186          0          0          0          0        176   depilogue.o
        34          0          0          0          0         76   dflti.o
       228          0          0          0          0         96   dmul.o
        38          0          0          0          0         68   f2d.o
       110          0          0          0          0        168   fepilogue.o

    ----------------------------------------------------------------------
      1466         16          0          0          0       1368   Library Totals
         2          0          0          0          0          0   (incl. Padding)

    ----------------------------------------------------------------------

      Code (inc. data)   RO Data    RW Data    ZI Data      Debug   Library Name

       256         16          0          0          0        448   mc_w.l
      1208          0          0          0          0        920   mf_w.l

    ----------------------------------------------------------------------
      1466         16          0          0          0       1368   Library Totals

    ----------------------------------------------------------------------

==============================================================================


      Code (inc. data)   RO Data    RW Data    ZI Data      Debug   

     27396       2044        616        240      81344     751204   Grand Totals
     27396       2044        616        240      81344     751204   ELF Image Totals
     27396       2044        616        240          0          0   ROM Totals

==============================================================================

    Total RO  Size (Code + RO Data)                28012 (  27.36kB)
    Total RW  Size (RW Data + ZI Data)             81584 (  79.67kB)
    Total ROM Size (Code + RO Data + RW Data)      28252 (  27.59kB)

==============================================================================

