Component: ARM Compiler 5.06 update 6 (build 750) Tool: armlink [4d35ed]

==============================================================================

Section Cross References

    startup_stm32f40_41xxx.o(STACK) refers (Special) to heapauxi.o(.text) for __use_two_region_memory
    startup_stm32f40_41xxx.o(HEAP) refers (Special) to heapauxi.o(.text) for __use_two_region_memory
    startup_stm32f40_41xxx.o(RESET) refers (Special) to heapauxi.o(.text) for __use_two_region_memory
    startup_stm32f40_41xxx.o(RESET) refers to startup_stm32f40_41xxx.o(STACK) for __initial_sp
    startup_stm32f40_41xxx.o(RESET) refers to startup_stm32f40_41xxx.o(.text) for Reset_Handler
    startup_stm32f40_41xxx.o(RESET) refers to stm32f4xx_it.o(i.NMI_Handler) for NMI_Handler
    startup_stm32f40_41xxx.o(RESET) refers to stm32f4xx_it.o(i.HardFault_Handler) for HardFault_Handler
    startup_stm32f40_41xxx.o(RESET) refers to stm32f4xx_it.o(i.MemManage_Handler) for MemManage_Handler
    startup_stm32f40_41xxx.o(RESET) refers to stm32f4xx_it.o(i.BusFault_Handler) for BusFault_Handler
    startup_stm32f40_41xxx.o(RESET) refers to stm32f4xx_it.o(i.UsageFault_Handler) for UsageFault_Handler
    startup_stm32f40_41xxx.o(RESET) refers to port.o(.emb_text) for SVC_Handler
    startup_stm32f40_41xxx.o(RESET) refers to stm32f4xx_it.o(i.DebugMon_Handler) for DebugMon_Handler
    startup_stm32f40_41xxx.o(RESET) refers to delay.o(i.SysTick_Handler) for SysTick_Handler
    startup_stm32f40_41xxx.o(RESET) refers to usart3.o(i.DMA1_Stream3_IRQHandler) for DMA1_Stream3_IRQHandler
    startup_stm32f40_41xxx.o(RESET) refers to uart4.o(i.DMA1_Stream4_IRQHandler) for DMA1_Stream4_IRQHandler
    startup_stm32f40_41xxx.o(RESET) refers to can_1_receive.o(i.CAN1_RX0_IRQHandler) for CAN1_RX0_IRQHandler
    startup_stm32f40_41xxx.o(RESET) refers to time.o(i.TIM2_IRQHandler) for TIM2_IRQHandler
    startup_stm32f40_41xxx.o(RESET) refers to usart1.o(i.USART1_IRQHandler) for USART1_IRQHandler
    startup_stm32f40_41xxx.o(RESET) refers to usart2.o(i.USART2_IRQHandler) for USART2_IRQHandler
    startup_stm32f40_41xxx.o(RESET) refers to usart3.o(i.USART3_IRQHandler) for USART3_IRQHandler
    startup_stm32f40_41xxx.o(RESET) refers to imu.o(i.UART4_IRQHandler) for UART4_IRQHandler
    startup_stm32f40_41xxx.o(RESET) refers to time.o(i.TIM6_DAC_IRQHandler) for TIM6_DAC_IRQHandler
    startup_stm32f40_41xxx.o(RESET) refers to can_2_receive.o(i.CAN2_RX0_IRQHandler) for CAN2_RX0_IRQHandler
    startup_stm32f40_41xxx.o(RESET) refers to usart1.o(i.DMA2_Stream5_IRQHandler) for DMA2_Stream5_IRQHandler
    startup_stm32f40_41xxx.o(RESET) refers to usart6.o(i.DMA2_Stream6_IRQHandler) for DMA2_Stream6_IRQHandler
    startup_stm32f40_41xxx.o(RESET) refers to usart1.o(i.DMA2_Stream7_IRQHandler) for DMA2_Stream7_IRQHandler
    startup_stm32f40_41xxx.o(RESET) refers to vl53l0.o(i.USART6_IRQHandler) for USART6_IRQHandler
    startup_stm32f40_41xxx.o(.text) refers (Special) to heapauxi.o(.text) for __use_two_region_memory
    startup_stm32f40_41xxx.o(.text) refers to system_stm32f4xx.o(i.SystemInit) for SystemInit
    startup_stm32f40_41xxx.o(.text) refers to __main.o(!!!main) for __main
    startup_stm32f40_41xxx.o(.text) refers to startup_stm32f40_41xxx.o(HEAP) for Heap_Mem
    startup_stm32f40_41xxx.o(.text) refers to startup_stm32f40_41xxx.o(STACK) for Stack_Mem
    main.o(i.main) refers to init.o(i.start_task) for start_task
    main.o(i.main) refers to tasks.o(i.vTaskStartScheduler) for vTaskStartScheduler
    system_stm32f4xx.o(i.SystemCoreClockUpdate) refers to system_stm32f4xx.o(.data) for .data
    system_stm32f4xx.o(i.SystemInit) refers to system_stm32f4xx.o(i.SetSysClock) for SetSysClock
    stm32f4xx_adc.o(i.ADC_DeInit) refers to stm32f4xx_rcc.o(i.RCC_APB2PeriphResetCmd) for RCC_APB2PeriphResetCmd
    stm32f4xx_can.o(i.CAN_DeInit) refers to stm32f4xx_rcc.o(i.RCC_APB1PeriphResetCmd) for RCC_APB1PeriphResetCmd
    stm32f4xx_can.o(i.CAN_GetITStatus) refers to stm32f4xx_can.o(i.CheckITStatus) for CheckITStatus
    stm32f4xx_cryp.o(i.CRYP_DeInit) refers to stm32f4xx_rcc.o(i.RCC_AHB2PeriphResetCmd) for RCC_AHB2PeriphResetCmd
    stm32f4xx_cryp_aes.o(i.CRYP_AES_CBC) refers to stm32f4xx_cryp.o(i.CRYP_KeyStructInit) for CRYP_KeyStructInit
    stm32f4xx_cryp_aes.o(i.CRYP_AES_CBC) refers to stm32f4xx_cryp.o(i.CRYP_KeyInit) for CRYP_KeyInit
    stm32f4xx_cryp_aes.o(i.CRYP_AES_CBC) refers to stm32f4xx_cryp.o(i.CRYP_Init) for CRYP_Init
    stm32f4xx_cryp_aes.o(i.CRYP_AES_CBC) refers to stm32f4xx_cryp.o(i.CRYP_IVInit) for CRYP_IVInit
    stm32f4xx_cryp_aes.o(i.CRYP_AES_CBC) refers to stm32f4xx_cryp.o(i.CRYP_FIFOFlush) for CRYP_FIFOFlush
    stm32f4xx_cryp_aes.o(i.CRYP_AES_CBC) refers to stm32f4xx_cryp.o(i.CRYP_Cmd) for CRYP_Cmd
    stm32f4xx_cryp_aes.o(i.CRYP_AES_CBC) refers to stm32f4xx_cryp.o(i.CRYP_GetCmdStatus) for CRYP_GetCmdStatus
    stm32f4xx_cryp_aes.o(i.CRYP_AES_CBC) refers to stm32f4xx_cryp.o(i.CRYP_GetFlagStatus) for CRYP_GetFlagStatus
[...]
    get_yaw_receive_measure_point            0x08004b25   Thumb Code     4  can_2_receive.o(i.get_yaw_receive_measure_point)
    gimbal_app_init                          0x08004b2d   Thumb Code   114  gimbal_app.o(i.gimbal_app_init)
    gimbal_automatic_work                    0x08004cf5   Thumb Code   326  gimbal_task.o(i.gimbal_automatic_work)
    gimbal_behaviour_mode_set                0x08004e45   Thumb Code   166  gimbal_behaviour.o(i.gimbal_behaviour_mode_set)
    gimbal_can1_callback                     0x08004ef1   Thumb Code   292  can_1_receive.o(i.gimbal_can1_callback)
    gimbal_can2_callback                     0x08005019   Thumb Code   242  can_2_receive.o(i.gimbal_can2_callback)
    gimbal_ch_retain                         0x08005119   Thumb Code    44  gimbal_behaviour.o(i.gimbal_ch_retain)
    gimbal_ch_set0                           0x0800514d   Thumb Code    16  gimbal_behaviour.o(i.gimbal_ch_set0)
    gimbal_change_pid                        0x08005165   Thumb Code   572  gimbal_task.o(i.gimbal_change_pid)
    gimbal_manual_work                       0x0800586d   Thumb Code   250  gimbal_task.o(i.gimbal_manual_work)
    gimbal_rc_lost_time                      0x08005a0d   Thumb Code     6  can_2_receive.o(i.gimbal_rc_lost_time)
    gimbal_task                              0x08005a1d   Thumb Code   178  gimbal_task.o(i.gimbal_task)
    gimbal_task_off                          0x08005b89   Thumb Code   138  gimbal_task.o(i.gimbal_task_off)
    gyro_usart_iwdg                          0x08005fc5   Thumb Code    16  imu.o(i.gyro_usart_iwdg)
    hex2Float                                0x08005fd5   Thumb Code    48  visual.o(i.hex2Float)
    hw_init                                  0x0800600d   Thumb Code    68  init.o(i.hw_init)
    imu_control_init                         0x08006055   Thumb Code     8  imu.o(i.imu_control_init)
    imu_data_reception                       0x0800605d   Thumb Code   236  imu.o(i.imu_data_reception)
    increment_pid                            0x08006155   Thumb Code   150  pid.o(i.increment_pid)
    int16_t_abs                              0x080061eb   Thumb Code    10  maths.o(i.int16_t_abs)
    int32_limit                              0x080061f5   Thumb Code    16  maths.o(i.int32_limit)
    iwdg_feed                                0x08006205   Thumb Code     4  iwdg.o(i.iwdg_feed)
    iwdg_init                                0x08006209   Thumb Code    38  iwdg.o(i.iwdg_init)
    laser_init                               0x08006231   Thumb Code    48  led.o(i.laser_init)
    laser_off                                0x08006265   Thumb Code    10  led.o(i.laser_off)
    laser_on                                 0x08006275   Thumb Code    10  led.o(i.laser_on)
    led_init                                 0x08006285   Thumb Code   248  led.o(i.led_init)
    location_pid_int32                       0x08006385   Thumb Code   168  pid.o(i.location_pid_int32)
    loop_fp32_constrain                      0x08006431   Thumb Code    70  maths.o(i.loop_fp32_constrain)
    main                                     0x08006477   Thumb Code    10  main.o(i.main)
    motor_actual_position                    0x08006675   Thumb Code    58  rm_motor.o(i.motor_actual_position)
    motor_position_Stepping                  0x080066af   Thumb Code    82  rm_motor.o(i.motor_position_Stepping)
    motor_position_speed_control             0x08006701   Thumb Code    72  rm_motor.o(i.motor_position_speed_control)
    motor_speed_control                      0x08006749   Thumb Code    80  rm_motor.o(i.motor_speed_control)
    normal_control                           0x08006799   Thumb Code    36  init.o(i.normal_control)
    out_of_control                           0x080067c1   Thumb Code    36  init.o(i.out_of_control)
    outctl_task                              0x080067e9   Thumb Code    18  security_task.o(i.outctl_task)
    pid_clear                                0x080067fd   Thumb Code    58  pid.o(i.pid_clear)
    pid_init                                 0x0800683d   Thumb Code    70  pid.o(i.pid_init)
    pid_regulator                            0x08006889   Thumb Code   190  pid.o(i.pid_regulator)
    pvPortMalloc                             0x08007179   Thumb Code   208  heap_4.o(i.pvPortMalloc)
    pvTaskIncrementMutexHeldCount            0x0800724d   Thumb Code    20  tasks.o(i.pvTaskIncrementMutexHeldCount)
    pxPortInitialiseStack                    0x08007265   Thumb Code    30  port.o(i.pxPortInitialiseStack)
    rc_data_is_error                         0x08007289   Thumb Code    96  rc.o(i.rc_data_is_error)
    rc_deadline_limit                        0x080072ed   Thumb Code    14  rc.o(i.rc_deadline_limit)
    re_can2_shooter_heat0_speed_limit        0x08007311   Thumb Code    14  can_2_receive.o(i.re_can2_shooter_heat0_speed_limit)
    re_chassis_gimbal_sensorL                0x08007325   Thumb Code     6  can_2_receive.o(i.re_chassis_gimbal_sensorL)
    re_chassis_gimbal_sensorR                0x08007331   Thumb Code     6  can_2_receive.o(i.re_chassis_gimbal_sensorR)
    referee_chassis_power_limit              0x0800733d   Thumb Code     8  referee_deal.o(i.referee_chassis_power_limit)
    referee_read_data                        0x08007349   Thumb Code   302  referee_deal.o(i.referee_read_data)
    referee_shooter_id1_17mm_cooling_heat    0x08007481   Thumb Code     8  referee_deal.o(i.referee_shooter_id1_17mm_cooling_heat)
    referee_shooter_id1_17mm_cooling_limit   0x0800748d   Thumb Code     8  referee_deal.o(i.referee_shooter_id1_17mm_cooling_limit)
    referee_shooter_id1_17mm_speed_limit     0x08007499   Thumb Code     8  referee_deal.o(i.referee_shooter_id1_17mm_speed_limit)
    remote_control_init                      0x080074a5   Thumb Code     8  rc.o(i.remote_control_init)
    remote_reload                            0x080074ad   Thumb Code    28  rc.o(i.remote_reload)
    rescue_set_remote                        0x08007539   Thumb Code    60  chassis_task.o(i.rescue_set_remote)
    return_vl53l0_distance                   0x08007575   Thumb Code    10  vl53l0.o(i.return_vl53l0_distance)
    return_vl53l0_initdistance               0x08007585   Thumb Code    10  vl53l0.o(i.return_vl53l0_initdistance)
    safecheck_task                           0x08007595   Thumb Code   126  security_task.o(i.safecheck_task)
    sensor_init                              0x08007625   Thumb Code    46  key.o(i.sensor_init)
    services_task                            0x08007659   Thumb Code    34  init.o(i.services_task)
    sgimbal_set_remote                       0x08007681   Thumb Code   182  chassis_task.o(i.sgimbal_set_remote)
    shoot_app_init                           0x08007745   Thumb Code    24  shoot_task.o(i.shoot_app_init)
    shoot_hot_limit                          0x08007771   Thumb Code    66  shoot_task.o(i.shoot_hot_limit)
    shoot_task                               0x080077bd   Thumb Code   202  shoot_task.o(i.shoot_task)
    sin_calculate                            0x08007891   Thumb Code    16  maths.o(i.sin_calculate)
    sliding_mean_filter                      0x080078a5   Thumb Code   112  maths.o(i.sliding_mean_filter)
    sliding_mean_filter_init                 0x08007915   Thumb Code    30  maths.o(i.sliding_mean_filter_init)
    start_task                               0x08007955   Thumb Code    24  init.o(i.start_task)
    step_in_processing                       0x08007985   Thumb Code   134  pid.o(i.step_in_processing)
    sys_task                                 0x08007a11   Thumb Code   104  init.o(i.sys_task)
    system_out_ctrl_protect                  0x08007ac5   Thumb Code    22  security_task.o(i.system_out_ctrl_protect)
    system_state_return                      0x08007ae5   Thumb Code     6  system_state.o(i.system_state_return)
    system_state_set                         0x08007af1   Thumb Code     6  system_state.o(i.system_state_set)
    task_init                                0x08007afd   Thumb Code    50  init.o(i.task_init)
    tim4_pwm_init                            0x08007bd1   Thumb Code   180  pwm.o(i.tim4_pwm_init)
    timer_receive_create                     0x08007c8d   Thumb Code    56  timer_task.o(i.timer_receive_create)
    timer_send_create                        0x08007cdd   Thumb Code    56  timer_task.o(i.timer_send_create)
    upper_machine_communication              0x08007e65   Thumb Code     6  upper_machine.o(i.upper_machine_communication)
    usart1_dma_send                          0x08007e6d   Thumb Code    76  usart1.o(i.usart1_dma_send)
    usart1_init                              0x08007ec5   Thumb Code   760  usart1.o(i.usart1_init)
    usart2_init                              0x080081d9   Thumb Code   388  usart2.o(i.usart2_init)
    usart3_dma_send                          0x08008375   Thumb Code    74  usart3.o(i.usart3_dma_send)
    usart3_init                              0x080083cd   Thumb Code   456  usart3.o(i.usart3_init)
    usart6_init                              0x080085ad   Thumb Code   448  usart6.o(i.usart6_init)
    uxListRemove                             0x08008785   Thumb Code    36  list.o(i.uxListRemove)
    vApplicationIdleHook                     0x080087a9   Thumb Code     2  detect_task.o(i.vApplicationIdleHook)
    vListInitialise                          0x080087ab   Thumb Code    22  list.o(i.vListInitialise)
    vListInitialiseItem                      0x080087c1   Thumb Code     6  list.o(i.vListInitialiseItem)
    vListInsert                              0x080087c7   Thumb Code    48  list.o(i.vListInsert)
    vListInsertEnd                           0x080087f7   Thumb Code    24  list.o(i.vListInsertEnd)
    vPortEnterCritical                       0x08008811   Thumb Code    54  port.o(i.vPortEnterCritical)
    vPortExitCritical                        0x08008851   Thumb Code    38  port.o(i.vPortExitCritical)
    vPortFree                                0x0800887d   Thumb Code    88  heap_4.o(i.vPortFree)
    vPortSetupTimerInterrupt                 0x080088d9   Thumb Code    26  port.o(i.vPortSetupTimerInterrupt)
    vPortValidateInterruptPriority           0x080088f9   Thumb Code    74  port.o(i.vPortValidateInterruptPriority)
    vQueueAddToRegistry                      0x0800894d   Thumb Code    32  queue.o(i.vQueueAddToRegistry)
    vQueueWaitForMessageRestricted           0x08008971   Thumb Code    70  queue.o(i.vQueueWaitForMessageRestricted)
    vTaskDelay                               0x080089b9   Thumb Code    70  tasks.o(i.vTaskDelay)
    vTaskDelayUntil                          0x08008a09   Thumb Code   142  tasks.o(i.vTaskDelayUntil)
    vTaskDelete                              0x08008aa1   Thumb Code   158  tasks.o(i.vTaskDelete)
    vTaskMissedYield                         0x08008b4d   Thumb Code     8  tasks.o(i.vTaskMissedYield)
    vTaskPlaceOnEventList                    0x08008b59   Thumb Code    46  tasks.o(i.vTaskPlaceOnEventList)
    vTaskPlaceOnEventListRestricted          0x08008b8d   Thumb Code    54  tasks.o(i.vTaskPlaceOnEventListRestricted)
    vTaskPriorityInherit                     0x08008bc9   Thumb Code   126  tasks.o(i.vTaskPriorityInherit)
    vTaskResume                              0x08008c51   Thumb Code   114  tasks.o(i.vTaskResume)
    vTaskSetTimeOutState                     0x08008cd1   Thumb Code    32  tasks.o(i.vTaskSetTimeOutState)
    vTaskStartScheduler                      0x08008cf5   Thumb Code    94  tasks.o(i.vTaskStartScheduler)
    vTaskSuspend                             0x08008d65   Thumb Code   162  tasks.o(i.vTaskSuspend)
    vTaskSuspendAll                          0x08008e15   Thumb Code    10  tasks.o(i.vTaskSuspendAll)
    vTaskSwitchContext                       0x08008e25   Thumb Code    86  tasks.o(i.vTaskSwitchContext)
    visual_data_reception                    0x08008ee9   Thumb Code   132  visual.o(i.visual_data_reception)
    visual_send_data                         0x08008f79   Thumb Code    36  visual.o(i.visual_send_data)
    xPortStartScheduler                      0x08008f9d   Thumb Code   204  port.o(i.xPortStartScheduler)
    xPortSysTickHandler                      0x0800907d   Thumb Code    38  port.o(i.xPortSysTickHandler)
    xQueueGenericCreate                      0x080090a9   Thumb Code    68  queue.o(i.xQueueGenericCreate)
    xQueueGenericReceive                     0x080090ed   Thumb Code   388  queue.o(i.xQueueGenericReceive)
    xQueueGenericReset                       0x08009275   Thumb Code   134  queue.o(i.xQueueGenericReset)
    xQueueGenericSend                        0x08009301   Thumb Code   352  queue.o(i.xQueueGenericSend)
    xQueueGenericSendFromISR                 0x08009465   Thumb Code   190  queue.o(i.xQueueGenericSendFromISR)
    xTaskCheckForTimeOut                     0x08009525   Thumb Code   112  tasks.o(i.xTaskCheckForTimeOut)
    xTaskCreate                              0x08009599   Thumb Code    96  tasks.o(i.xTaskCreate)
    xTaskGetSchedulerState                   0x080095f9   Thumb Code    24  tasks.o(i.xTaskGetSchedulerState)
    xTaskGetTickCount                        0x08009615   Thumb Code     6  tasks.o(i.xTaskGetTickCount)
    xTaskIncrementTick                       0x08009621   Thumb Code   196  tasks.o(i.xTaskIncrementTick)
    xTaskPriorityDisinherit                  0x080096ed   Thumb Code   144  tasks.o(i.xTaskPriorityDisinherit)
    xTaskRemoveFromEventList                 0x08009785   Thumb Code   114  tasks.o(i.xTaskRemoveFromEventList)
    xTaskResumeAll                           0x08009801   Thumb Code   192  tasks.o(i.xTaskResumeAll)
    xTimerCreate                             0x080098cd   Thumb Code    46  timers.o(i.xTimerCreate)
    xTimerCreateTimerTask                    0x080098fd   Thumb Code    62  timers.o(i.xTimerCreateTimerTask)
    xTimerGenericCommand                     0x0800994d   Thumb Code    98  timers.o(i.xTimerGenericCommand)
    yaw_two_zero_gpio_init                   0x080099b5   Thumb Code    42  photoelectric.o(i.yaw_two_zero_gpio_init)
    yaw_zero_gpio_init                       0x080099e5   Thumb Code    40  photoelectric.o(i.yaw_zero_gpio_init)
    yaw_zero_value                           0x08009a11   Thumb Code    20  photoelectric.o(i.yaw_zero_value)
    __aeabi_d2f                              0x08009a29   Thumb Code     0  d2f.o(x$fpl$d2f)
    _d2f                                     0x08009a29   Thumb Code    98  d2f.o(x$fpl$d2f)
    __aeabi_dadd                             0x08009a8d   Thumb Code     0  daddsub_clz.o(x$fpl$dadd)
    _dadd                                    0x08009a8d   Thumb Code   332  daddsub_clz.o(x$fpl$dadd)
    __fpl_dcmp_Inf                           0x08009bdd   Thumb Code    24  dcmpi.o(x$fpl$dcmpinf)
    __aeabi_ui2d                             0x08009bf5   Thumb Code     0  dflt_clz.o(x$fpl$dfltu)
    _dfltu                                   0x08009bf5   Thumb Code    38  dflt_clz.o(x$fpl$dfltu)
    __aeabi_cdcmple                          0x08009c1d   Thumb Code     0  dleqf.o(x$fpl$dleqf)
    _dcmple                                  0x08009c1d   Thumb Code   120  dleqf.o(x$fpl$dleqf)
    __fpl_dcmple_InfNaN                      0x08009c7f   Thumb Code     0  dleqf.o(x$fpl$dleqf)
    __aeabi_dmul                             0x08009c95   Thumb Code     0  dmul.o(x$fpl$dmul)
    _dmul                                    0x08009c95   Thumb Code   332  dmul.o(x$fpl$dmul)
    __fpl_dnaninf                            0x08009de9   Thumb Code   156  dnaninf.o(x$fpl$dnaninf)
    __fpl_dretinf                            0x08009e85   Thumb Code    12  dretinf.o(x$fpl$dretinf)
    __aeabi_dsub                             0x08009e91   Thumb Code     0  daddsub_clz.o(x$fpl$dsub)
    _dsub                                    0x08009e91   Thumb Code   464  daddsub_clz.o(x$fpl$dsub)
    __aeabi_f2d                              0x0800a065   Thumb Code     0  f2d.o(x$fpl$f2d)
    _f2d                                     0x0800a065   Thumb Code    86  f2d.o(x$fpl$f2d)
    __fpl_fnaninf                            0x0800a0bb   Thumb Code   140  fnaninf.o(x$fpl$fnaninf)
    _fp_init                                 0x0800a147   Thumb Code    10  fpinit.o(x$fpl$fpinit)
    __fplib_config_fpu_vfp                   0x0800a14f   Thumb Code     0  fpinit.o(x$fpl$fpinit)
    __fplib_config_pureend_doubles           0x0800a14f   Thumb Code     0  fpinit.o(x$fpl$fpinit)
    __fpl_fretinf                            0x0800a151   Thumb Code    10  fretinf.o(x$fpl$fretinf)
    CRC8_TAB                                 0x0800a15a   Data         256  crc.o(.constdata)
    __I$use$fp                               0x0800a15a   Number         0  usenofp.o(x$fpl$usenofp)
    wCRC_Table                               0x0800a25a   Data         512  crc.o(.constdata)
    Region$$Table$$Base                      0x0800ac78   Number         0  anon$$obj.o(Region$$Table)
    Region$$Table$$Limit                     0x0800ac98   Number         0  anon$$obj.o(Region$$Table)
    SystemCoreClock                          0x20000000   Data           4  system_stm32f4xx.o(.data)
    AHBPrescTable                            0x20000004   Data          16  system_stm32f4xx.o(.data)
    pxCurrentTCB                             0x20000024   Data           4  tasks.o(.data)
    DMA2_Stream7_working                     0x200000a0   Data           1  usart1.o(.data)
    pfifo_1                                  0x200000a4   Data           4  usart1.o(.data)
    rc_callback                              0x200000a8   Data           4  usart1.o(.data)
    usart6_callback                          0x200000ac   Data           4  usart6.o(.data)
    pfifo_2                                  0x200000b0   Data           4  usart2.o(.data)
    DMA1_Stream3_working                     0x200000b4   Data           1  usart3.o(.data)
    pfifo_3                                  0x200000b8   Data           4  usart3.o(.data)
    can1_callback                            0x200000bc   Data           4  can_1_receive.o(.data)
    can2_callback                            0x200000c8   Data           4  can_2_receive.o(.data)
    pfifo_imu                                0x200000cc   Data           4  imu.o(.data)
    RC_FLAG                                  0x200000d0   Data           4  rc.o(.data)
    pfifo_visual                             0x200000d8   Data           4  visual.o(.data)
    Sensor                                   0x200000e2   Data           3  gpio_deal.o(.data)
    init                                     0x200000e5   Data           1  vl53l0.o(.data)
    CRC_INIT                                 0x200000e6   Data           2  crc.o(.data)
    pfifo_referee                            0x200000e8   Data           4  referee_deal.o(.data)
    FrameHeader                              0x200000ec   Data           5  referee_deal.o(.data)
    rc_security                              0x2000011c   Data           4  security_task.o(.data)
    rc_lost_time                             0x20000120   Data           4  security_task.o(.data)
    Offline_time                             0x20000124   Data           4  security_task.o(.data)
    infantry_state                           0x2000012c   Data           1  system_state.o(.data)
    chassis_behaviour                        0x20000136   Data           1  chassis_behaviour.o(.data)
    rescue_behaviour                         0x20000137   Data           1  chassis_behaviour.o(.data)
    Chassis_ch0                              0x2000013c   Data           4  chassis_behaviour.o(.data)
    Chassis_ch1                              0x20000140   Data           4  chassis_behaviour.o(.data)
    Chassis_ch2                              0x20000144   Data           4  chassis_behaviour.o(.data)
    Chy                                      0x20000148   Data           4  chassis_behaviour.o(.data)
    Chx                                      0x2000014c   Data           4  chassis_behaviour.o(.data)
    rescuemotorspeed_set_value               0x20000150   Data           4  chassis_behaviour.o(.data)
    rescueclapspeed_set_value                0x20000154   Data           4  chassis_behaviour.o(.data)
    chassis_cos_calculate_jscope             0x20000158   Data           4  chassis_behaviour.o(.data)
    chassis_sin_calculate_jscope             0x2000015c   Data           4  chassis_behaviour.o(.data)
    gimbal_behaviour                         0x20000176   Data           1  gimbal_behaviour.o(.data)
    gimbal_last_behaviour                    0x20000177   Data           1  gimbal_behaviour.o(.data)
    grasp_behaviour                          0x20000178   Data           1  gimbal_behaviour.o(.data)
    Gimbal_ch2                               0x20000180   Data           4  gimbal_behaviour.o(.data)
    Gimbal_ch3                               0x20000184   Data           4  gimbal_behaviour.o(.data)
    pitch_real_jscope                        0x20000190   Data           4  gimbal_task.o(.data)
    pitch_set_jscope                         0x20000194   Data           4  gimbal_task.o(.data)
    yaw_real_jscope                          0x20000198   Data           4  gimbal_task.o(.data)
    yaw_set_jscope                           0x2000019c   Data           4  gimbal_task.o(.data)
    sec_yaw_set_jscope                       0x200001a0   Data           4  gimbal_task.o(.data)
    sec_yaw_real_jscope                      0x200001a4   Data           4  gimbal_task.o(.data)
    accel_up_jscope                          0x200001a8   Data           4  gimbal_task.o(.data)
    accel_down_jscope                        0x200001ac   Data           4  gimbal_task.o(.data)
    JSCOPE_auto_pitch_angle                  0x200001b0   Data           4  gimbal_task.o(.data)
    JSCOPE_auto_yaw_angle                    0x200001b4   Data           4  gimbal_task.o(.data)
    JSCOPE_auto_kalman_pitch_angle           0x200001b8   Data           4  gimbal_task.o(.data)
    JSCOPE_auto_kalman_yaw_angle             0x200001bc   Data           4  gimbal_task.o(.data)
    JSCOPE_auto_pid_p                        0x200001c0   Data           4  gimbal_task.o(.data)
    JSCOPE_auto_pid_i                        0x200001c4   Data           4  gimbal_task.o(.data)
    JSCOPE_auto_pid_d                        0x200001c8   Data           4  gimbal_task.o(.data)
    last_code                                0x200001d2   Data           2  rm_motor.o(.data)
    Yaw_Different_Angle                      0x200001d8   Data           4  rm_motor.o(.data)
    CAP_Timer_Handle                         0x200001dc   Data           4  timer_task.o(.data)
    Referee_Timer_Handle                     0x200001e0   Data           4  timer_task.o(.data)
    xQueueRegistry                           0x200001e4   Data          64  queue.o(.bss)
    Usart1_IMU_Rx                            0x20012f48   Data          32  usart1.o(.bss)
    Usart1_IMU_Tx                            0x20012f68   Data          32  usart1.o(.bss)
    Usart1_IMU_Tx_Buffer                     0x20012f88   Data          32  usart1.o(.bss)
    RC_Rx                                    0x20012fa8   Data          18  usart1.o(.bss)
    fifo_usart_tx_1                          0x20012fbc   Data          20  usart1.o(.bss)
    fifo_usart_rx_1                          0x20012fd0   Data          20  usart1.o(.bss)
    Usart6_Rx                                0x20012fe4   Data         512  usart6.o(.bss)
    Usart6_Tx                                0x200131e4   Data         256  usart6.o(.bss)
    Usart6_Tx_Buffer                         0x200132e4   Data         256  usart6.o(.bss)
    vL53L0_rx_buffer                         0x200133e4   Data         128  usart6.o(.bss)
    fifo_usart_tx_6                          0x20013464   Data          20  usart6.o(.bss)
    Usart2_Rx                                0x20013478   Data         256  usart2.o(.bss)
    Usart2_Tx                                0x20013578   Data         256  usart2.o(.bss)
    fifo_usart_rx_2                          0x20013678   Data          20  usart2.o(.bss)
    Usart3_Rx                                0x2001368c   Data          32  usart3.o(.bss)
    Usart3_Tx                                0x200136ac   Data          32  usart3.o(.bss)
    Usart3_Tx_Buffer                         0x200136cc   Data          32  usart3.o(.bss)
    fifo_usart_tx_3                          0x200136ec   Data          20  usart3.o(.bss)
    fifo_usart_rx_3                          0x20013700   Data          20  usart3.o(.bss)
    fifo_uart_rx_4                           0x20013714   Data          20  uart4.o(.bss)
    motor_chassis                            0x20013728   Data          80  can_1_receive.o(.bss)
    motor_fire                               0x20013778   Data          20  can_1_receive.o(.bss)
    yaw_6020                                 0x2001378c   Data          20  can_1_receive.o(.bss)
    pitch_2006                               0x200137a0   Data          20  can_1_receive.o(.bss)
    rescue_motor                             0x200137b4   Data          20  can_1_receive.o(.bss)
    rescue_clap                              0x200137c8   Data          20  can_1_receive.o(.bss)
    Supercap_receive                         0x200137dc   Data          16  can_1_receive.o(.bss)
    uplift                                   0x20013800   Data          20  can_1_receive.o(.bss)
    translation                              0x20013814   Data          20  can_1_receive.o(.bss)
    telescoping                              0x20013828   Data          20  can_1_receive.o(.bss)
    clip                                     0x2001383c   Data          20  can_1_receive.o(.bss)
    flip                                     0x20013850   Data          20  can_1_receive.o(.bss)
    motor_yaw                                0x20013878   Data          20  can_2_receive.o(.bss)
    imu_data                                 0x2001389c   Data          44  imu.o(.bss)
    PYR_rx_buffer                            0x200138c8   Data          64  imu.o(.bss)
    PYR                                      0x20013908   Data         149  imu.o(.bss)
    rc_ctrl                                  0x2001399e   Data          22  rc.o(.bss)
    vision_auto_data                         0x200139b4   Data          64  visual.o(.bss)
    VL53L0                                   0x200139f4   Data          73  vl53l0.o(.bss)
    Referee                                  0x20013a3d   Data         151  referee_deal.o(.bss)
    fire_param                               0x20013ad4   Data         148  shoot_task.o(.bss)
    chassis_control                          0x20013b68   Data        1056  chassis_task.o(.bss)
    gimbal_control                           0x20013f88   Data        4728  gimbal_task.o(.bss)
    __libspace_start                         0x20015200   Data          96  libspace.o(.bss)
    __temporary_stack_top$libspace           0x20015260   Data           0  libspace.o(.bss)



==============================================================================

Memory Map of the image

  Image Entry point : 0x08000189

  Load Region LR_IROM1 (Base: 0x08000000, Size: 0x0000ae7c, Max: 0x00080000, ABSOLUTE, COMPRESSED[0x0000acd0])

    Execution Region ER_IROM1 (Exec base: 0x08000000, Load base: 0x08000000, Size: 0x0000ac98, Max: 0x00080000, ABSOLUTE)

    Exec Addr    Load Addr    Size         Type   Attr      Idx    E Section Name        Object

    0x08000000   0x08000000   0x00000188   Data   RO            3    RESET               startup_stm32f40_41xxx.o
    0x08000188   0x08000188   0x00000008   Code   RO         9997  * !!!main             c_w.l(__main.o)
    0x08000190   0x08000190   0x00000034   Code   RO        10337    !!!scatter          c_w.l(__scatter.o)
    0x080001c4   0x080001c4   0x0000005a   Code   RO        10335    !!dczerorl2         c_w.l(__dczerorl2.o)
    0x0800021e   0x0800021e   0x00000002   PAD
    0x08000220   0x08000220   0x0000001c   Code   RO        10339    !!handler_zi        c_w.l(__scatter_zi.o)
    0x0800023c   0x0800023c   0x00000002   Code   RO        10106    .ARM.Collect$$libinit$$00000000  c_w.l(libinit.o)
    0x0800023e   0x0800023e   0x00000004   Code   RO        10107    .ARM.Collect$$libinit$$00000001  c_w.l(libinit2.o)
    0x08000242   0x08000242   0x00000000   Code   RO        10110    .ARM.Collect$$libinit$$00000004  c_w.l(libinit2.o)
    0x08000242   0x08000242   0x00000000   Code   RO        10113    .ARM.Collect$$libinit$$0000000A  c_w.l(libinit2.o)
    0x08000242   0x08000242   0x00000000   Code   RO        10115    .ARM.Collect$$libinit$$0000000C  c_w.l(libinit2.o)
    0x08000242   0x08000242   0x00000000   Code   RO        10117    .ARM.Collect$$libinit$$0000000E  c_w.l(libinit2.o)
    0x08000242   0x08000242   0x00000000   Code   RO        10120    .ARM.Collect$$libinit$$00000011  c_w.l(libinit2.o)
    0x08000242   0x08000242   0x00000000   Code   RO        10122    .ARM.Collect$$libinit$$00000013  c_w.l(libinit2.o)
    0x08000242   0x08000242   0x00000000   Code   RO        10124    .ARM.Collect$$libinit$$00000015  c_w.l(libinit2.o)
    0x08000242   0x08000242   0x00000000   Code   RO        10126    .ARM.Collect$$libinit$$00000017  c_w.l(libinit2.o)
    0x08000242   0x08000242   0x00000000   Code   RO        10128    .ARM.Collect$$libinit$$00000019  c_w.l(libinit2.o)
    0x08000242   0x08000242   0x00000000   Code   RO        10130    .ARM.Collect$$libinit$$0000001B  c_w.l(libinit2.o)
    0x08000242   0x08000242   0x00000000   Code   RO        10132    .ARM.Collect$$libinit$$0000001D  c_w.l(libinit2.o)
    0x08000242   0x08000242   0x00000000   Code   RO        10134    .ARM.Collect$$libinit$$0000001F  c_w.l(libinit2.o)
    0x08000242   0x08000242   0x00000000   Code   RO        10136    .ARM.Collect$$libinit$$00000021  c_w.l(libinit2.o)
    0x08000242   0x08000242   0x00000000   Code   RO        10138    .ARM.Collect$$libinit$$00000023  c_w.l(libinit2.o)
    0x08000242   0x08000242   0x00000000   Code   RO        10140    .ARM.Collect$$libinit$$00000025  c_w.l(libinit2.o)
    0x08000242   0x08000242   0x00000000   Code   RO        10144    .ARM.Collect$$libinit$$0000002C  c_w.l(libinit2.o)
    0x08000242   0x08000242   0x00000000   Code   RO        10146    .ARM.Collect$$libinit$$0000002E  c_w.l(libinit2.o)
    0x08000242   0x08000242   0x00000000   Code   RO        10148    .ARM.Collect$$libinit$$00000030  c_w.l(libinit2.o)
    0x08000242   0x08000242   0x00000000   Code   RO        10150    .ARM.Collect$$libinit$$00000032  c_w.l(libinit2.o)
    0x08000242   0x08000242   0x00000002   Code   RO        10151    .ARM.Collect$$libinit$$00000033  c_w.l(libinit2.o)
    0x08000244   0x08000244   0x00000002   Code   RO        10246    .ARM.Collect$$libshutdown$$00000000  c_w.l(libshutdown.o)
    0x08000246   0x08000246   0x00000000   Code   RO        10271    .ARM.Collect$$libshutdown$$00000002  c_w.l(libshutdown2.o)
    0x08000246   0x08000246   0x00000000   Code   RO        10273    .ARM.Collect$$libshutdown$$00000004  c_w.l(libshutdown2.o)
    0x08000246   0x08000246   0x00000000   Code   RO        10276    .ARM.Collect$$libshutdown$$00000007  c_w.l(libshutdown2.o)
    0x08000246   0x08000246   0x00000000   Code   RO        10279    .ARM.Collect$$libshutdown$$0000000A  c_w.l(libshutdown2.o)
    0x08000246   0x08000246   0x00000000   Code   RO        10281    .ARM.Collect$$libshutdown$$0000000C  c_w.l(libshutdown2.o)
    0x08000246   0x08000246   0x00000000   Code   RO        10284    .ARM.Collect$$libshutdown$$0000000F  c_w.l(libshutdown2.o)
    0x08000246   0x08000246   0x00000002   Code   RO        10285    .ARM.Collect$$libshutdown$$00000010  c_w.l(libshutdown2.o)
    0x08000248   0x08000248   0x00000000   Code   RO        10041    .ARM.Collect$$rtentry$$00000000  c_w.l(__rtentry.o)
    0x08000248   0x08000248   0x00000000   Code   RO        10058    .ARM.Collect$$rtentry$$00000002  c_w.l(__rtentry2.o)
    0x08000248   0x08000248   0x00000006   Code   RO        10070    .ARM.Collect$$rtentry$$00000004  c_w.l(__rtentry4.o)
    0x0800024e   0x0800024e   0x00000000   Code   RO        10060    .ARM.Collect$$rtentry$$00000009  c_w.l(__rtentry2.o)
    0x0800024e   0x0800024e   0x00000004   Code   RO        10061    .ARM.Collect$$rtentry$$0000000A  c_w.l(__rtentry2.o)
    0x08000252   0x08000252   0x00000000   Code   RO        10063    .ARM.Collect$$rtentry$$0000000C  c_w.l(__rtentry2.o)
    0x08000252   0x08000252   0x00000008   Code   RO        10064    .ARM.Collect$$rtentry$$0000000D  c_w.l(__rtentry2.o)
    0x0800025a   0x0800025a   0x00000002   Code   RO        10152    .ARM.Collect$$rtexit$$00000000  c_w.l(rtexit.o)
    0x0800025c   0x0800025c   0x00000000   Code   RO        10212    .ARM.Collect$$rtexit$$00000002  c_w.l(rtexit2.o)
    0x0800025c   0x0800025c   0x00000004   Code   RO        10213    .ARM.Collect$$rtexit$$00000003  c_w.l(rtexit2.o)
    0x08000260   0x08000260   0x00000006   Code   RO        10214    .ARM.Collect$$rtexit$$00000004  c_w.l(rtexit2.o)
    0x08000266   0x08000266   0x00000002   PAD
    0x08000268   0x08000268   0x000000b6   Code   RO         6263    .emb_text           port.o
    0x0800031e   0x0800031e   0x00000002   PAD
    0x08000320   0x08000320   0x00000040   Code   RO            4    .text               startup_stm32f40_41xxx.o
    0x08000360   0x08000360   0x000000d8   Code   RO         9906    .text               arm_cortexM4lf_math.lib(arm_cos_f32.o)
    0x08000438   0x08000438   0x000000d8   Code   RO         9953    .text               arm_cortexM4lf_math.lib(arm_sin_f32.o)
    0x08000510   0x08000510   0x00000002   Code   RO         9975    .text               c_w.l(use_no_semi_2.o)
    0x08000512   0x08000512   0x0000008a   Code   RO         9983    .text               c_w.l(rt_memcpy_v6.o)
    0x0800059c   0x0800059c   0x00000064   Code   RO         9985    .text               c_w.l(rt_memcpy_w.o)
    0x08000600   0x08000600   0x00000010   Code   RO         9987    .text               c_w.l(aeabi_memset.o)
    0x08000610   0x08000610   0x00000044   Code   RO         9989    .text               c_w.l(rt_memclr.o)
    0x08000654   0x08000654   0x0000004e   Code   RO         9991    .text               c_w.l(rt_memclr_w.o)
    0x080006a2   0x080006a2   0x00000006   Code   RO         9995    .text               c_w.l(heapauxi.o)
    0x080006a8   0x080006a8   0x00000002   Code   RO        10039    .text               c_w.l(use_no_semi.o)
    0x080006aa   0x080006aa   0x00000002   PAD
    0x080006ac   0x080006ac   0x00000008   Code   RO        10086    .text               c_w.l(libspace.o)
    0x080006b4   0x080006b4   0x0000004a   Code   RO        10089    .text               c_w.l(sys_stackheap_outer.o)
    0x080006fe   0x080006fe   0x00000012   Code   RO        10097    .text               c_w.l(exit.o)
    0x08000710   0x08000710   0x00000002   Code   RO          255    i.BusFault_Handler  stm32f4xx_it.o
    0x08000712   0x08000712   0x00000002   PAD
    0x08000714   0x08000714   0x00000048   Code   RO         7232    i.CAN1_RX0_IRQHandler  can_1_receive.o
    0x0800075c   0x0800075c   0x0000004c   Code   RO         7372    i.CAN2_RX0_IRQHandler  can_2_receive.o
    0x080007a8   0x080007a8   0x00000030   Code   RO          674    i.CAN_ClearFlag     stm32f4xx_can.o
    0x080007d8   0x080007d8   0x00000088   Code   RO          675    i.CAN_ClearITPendingBit  stm32f4xx_can.o
    0x08000860   0x08000860   0x00000038   Code   RO          677    i.CAN_DeInit        stm32f4xx_can.o
    0x08000898   0x08000898   0x000000d4   Code   RO          679    i.CAN_FilterInit    stm32f4xx_can.o
    0x0800096c   0x0800096c   0x000000cc   Code   RO          681    i.CAN_GetITStatus   stm32f4xx_can.o
    0x08000a38   0x08000a38   0x00000014   Code   RO          685    i.CAN_ITConfig      stm32f4xx_can.o
    0x08000a4c   0x08000a4c   0x00000104   Code   RO          686    i.CAN_Init          stm32f4xx_can.o
    0x08000b50   0x08000b50   0x00000082   Code   RO          689    i.CAN_Receive       stm32f4xx_can.o
    0x08000bd2   0x08000bd2   0x00000020   Code   RO          692    i.CAN_StructInit    stm32f4xx_can.o
    0x08000bf2   0x08000bf2   0x000000b6   Code   RO          694    i.CAN_Transmit      stm32f4xx_can.o
    0x08000ca8   0x08000ca8   0x00000088   Code   RO          695    i.CAN_TransmitStatus  stm32f4xx_can.o
    0x08000d30   0x08000d30   0x0000001c   Code   RO         8912    i.Chassis_Stop      chassis_behaviour.o
    0x08000d4c   0x08000d4c   0x0000000c   Code   RO          697    i.CheckITStatus     stm32f4xx_can.o
    0x08000d58   0x08000d58   0x00000040   Code   RO         7123    i.DMA1_Stream3_IRQHandler  usart3.o
    0x08000d98   0x08000d98   0x00000040   Code   RO         7177    i.DMA1_Stream4_IRQHandler  uart4.o
    0x08000dd8   0x08000dd8   0x00000044   Code   RO         6957    i.DMA2_Stream5_IRQHandler  usart1.o
    0x08000e1c   0x08000e1c   0x00000040   Code   RO         7020    i.DMA2_Stream6_IRQHandler  usart6.o
    0x08000e5c   0x08000e5c   0x00000040   Code   RO         6958    i.DMA2_Stream7_IRQHandler  usart1.o
    0x08000e9c   0x08000e9c   0x0000002c   Code   RO         1452    i.DMA_ClearFlag     stm32f4xx_dma.o
    0x08000ec8   0x08000ec8   0x0000002c   Code   RO         1453    i.DMA_ClearITPendingBit  stm32f4xx_dma.o
    0x08000ef4   0x08000ef4   0x00000018   Code   RO         1454    i.DMA_Cmd           stm32f4xx_dma.o
    0x08000f0c   0x08000f0c   0x0000012c   Code   RO         1455    i.DMA_DeInit        stm32f4xx_dma.o
    0x08001038   0x08001038   0x0000000e   Code   RO         1459    i.DMA_GetCmdStatus  stm32f4xx_dma.o
    0x08001046   0x08001046   0x00000006   Code   RO         1460    i.DMA_GetCurrDataCounter  stm32f4xx_dma.o
    0x0800104c   0x0800104c   0x00000034   Code   RO         1463    i.DMA_GetFlagStatus  stm32f4xx_dma.o
    0x08001080   0x08001080   0x00000054   Code   RO         1464    i.DMA_GetITStatus   stm32f4xx_dma.o
    0x080010d4   0x080010d4   0x00000032   Code   RO         1465    i.DMA_ITConfig      stm32f4xx_dma.o
    0x08001106   0x08001106   0x00000002   PAD
    0x08001108   0x08001108   0x00000054   Code   RO         1466    i.DMA_Init          stm32f4xx_dma.o
    0x0800115c   0x0800115c   0x00000004   Code   RO         1469    i.DMA_SetCurrDataCounter  stm32f4xx_dma.o
    0x08001160   0x08001160   0x00000022   Code   RO         1470    i.DMA_StructInit    stm32f4xx_dma.o
    0x08001182   0x08001182   0x00000002   Code   RO          256    i.DebugMon_Handler  stm32f4xx_it.o
    0x08001184   0x08001184   0x0000007c   Code   RO         2254    i.GPIO_Init         stm32f4xx_gpio.o
    0x08001200   0x08001200   0x00000020   Code   RO         2255    i.GPIO_PinAFConfig  stm32f4xx_gpio.o
    0x08001220   0x08001220   0x0000000e   Code   RO         2258    i.GPIO_ReadInputDataBit  stm32f4xx_gpio.o
    0x0800122e   0x0800122e   0x00000004   Code   RO         2261    i.GPIO_ResetBits    stm32f4xx_gpio.o
    0x08001232   0x08001232   0x00000004   Code   RO         2262    i.GPIO_SetBits      stm32f4xx_gpio.o
    0x08001236   0x08001236   0x00000002   PAD
    0x08001238   0x08001238   0x00000008   Code   RO         7747    i.Get_Auto_Control_Point  visual.o
    0x08001240   0x08001240   0x00000030   Code   RO         7915    i.Get_CRC16_Check_Sum  crc.o
    0x08001270   0x08001270   0x0000001c   Code   RO         7916    i.Get_CRC8_Check_Sum  crc.o
    0x0800128c   0x0800128c   0x00000018   Code   RO         7810    i.Get_Sensor_Val    gpio_deal.o
    0x080012a4   0x080012a4   0x000000c4   Code   RO         9322    i.Gimba_jscope_print_curve  gimbal_task.o
    0x08001368   0x08001368   0x00000080   Code   RO         8436    i.Gimbal_Location_Init  calibrate_task.o
    0x080013e8   0x080013e8   0x00000002   Code   RO          257    i.HardFault_Handler  stm32f4xx_it.o
    0x080013ea   0x080013ea   0x00000002   PAD
    0x080013ec   0x080013ec   0x00000010   Code   RO         2769    i.IWDG_Enable       stm32f4xx_iwdg.o
    0x080013fc   0x080013fc   0x00000010   Code   RO         2771    i.IWDG_ReloadCounter  stm32f4xx_iwdg.o
    0x0800140c   0x0800140c   0x0000000c   Code   RO         2772    i.IWDG_SetPrescaler  stm32f4xx_iwdg.o
    0x08001418   0x08001418   0x0000000c   Code   RO         2773    i.IWDG_SetReload    stm32f4xx_iwdg.o
    0x08001424   0x08001424   0x0000000c   Code   RO         2774    i.IWDG_WriteAccessCmd  stm32f4xx_iwdg.o
    0x08001430   0x08001430   0x00000002   Code   RO          258    i.MemManage_Handler  stm32f4xx_it.o
    0x08001432   0x08001432   0x00000002   Code   RO          259    i.NMI_Handler       stm32f4xx_it.o
    0x08001434   0x08001434   0x00000068   Code   RO          379    i.NVIC_Init         misc.o
    0x0800149c   0x0800149c   0x00000014   Code   RO          380    i.NVIC_PriorityGroupConfig  misc.o
    0x080014b0   0x080014b0   0x000000fc   Code   RO         7527    i.PYR_Deal          imu.o
    0x080015ac   0x080015ac   0x0000001c   Code   RO         3180    i.RCC_AHB1PeriphClockCmd  stm32f4xx_rcc.o
    0x080015c8   0x080015c8   0x0000001c   Code   RO         3189    i.RCC_APB1PeriphClockCmd  stm32f4xx_rcc.o
    0x080015e4   0x080015e4   0x0000001c   Code   RO         3191    i.RCC_APB1PeriphResetCmd  stm32f4xx_rcc.o
    0x08001600   0x08001600   0x0000001c   Code   RO         3192    i.RCC_APB2PeriphClockCmd  stm32f4xx_rcc.o
    0x0800161c   0x0800161c   0x0000001c   Code   RO         3194    i.RCC_APB2PeriphResetCmd  stm32f4xx_rcc.o
    0x08001638   0x08001638   0x000000a4   Code   RO         3201    i.RCC_GetClocksFreq  stm32f4xx_rcc.o
    0x080016dc   0x080016dc   0x00000008   Code   RO         7528    i.Return_PYR_t      imu.o
    0x080016e4   0x080016e4   0x00000008   Code   RO         7811    i.Return_Sensor_t   gpio_deal.o
    0x080016ec   0x080016ec   0x00000054   Code   RO         7812    i.Return_Smooth_L_Val  gpio_deal.o
    0x08001740   0x08001740   0x00000054   Code   RO         7813    i.Return_Smooth_R_Val  gpio_deal.o
    0x08001794   0x08001794   0x00000008   Code   RO         7855    i.Return_VL53L0_t   vl53l0.o
    0x0800179c   0x0800179c   0x000000b8   Code   RO          338    i.SetSysClock       system_stm32f4xx.o
    0x08001854   0x08001854   0x0000001c   Code   RO          383    i.SysTick_CLKSourceConfig  misc.o
    0x08001870   0x08001870   0x00000014   Code   RO         6562    i.SysTick_Handler   delay.o
    0x08001884   0x08001884   0x0000005c   Code   RO          340    i.SystemInit        system_stm32f4xx.o
    0x080018e0   0x080018e0   0x00000018   Code   RO         6900    i.TIM2_IRQHandler   time.o
    0x080018f8   0x080018f8   0x0000003c   Code   RO         6902    i.TIM6_DAC_IRQHandler  time.o
    0x08001934   0x08001934   0x00000018   Code   RO         4564    i.TIM_ARRPreloadConfig  stm32f4xx_tim.o
    0x0800194c   0x0800194c   0x00000006   Code   RO         4570    i.TIM_ClearFlag     stm32f4xx_tim.o
    0x08001952   0x08001952   0x00000006   Code   RO         4571    i.TIM_ClearITPendingBit  stm32f4xx_tim.o
    0x08001958   0x08001958   0x00000018   Code   RO         4576    i.TIM_Cmd           stm32f4xx_tim.o
    0x08001970   0x08001970   0x00000018   Code   RO         4597    i.TIM_GetITStatus   stm32f4xx_tim.o
    0x08001988   0x08001988   0x00000068   Code   RO         4605    i.TIM_OC1Init       stm32f4xx_tim.o
    0x080019f0   0x080019f0   0x0000000c   Code   RO         4608    i.TIM_OC1PreloadConfig  stm32f4xx_tim.o
    0x080019fc   0x080019fc   0x00000088   Code   RO         4610    i.TIM_OC2Init       stm32f4xx_tim.o
    0x08001a84   0x08001a84   0x00000014   Code   RO         4613    i.TIM_OC2PreloadConfig  stm32f4xx_tim.o
    0x08001a98   0x08001a98   0x0000007c   Code   RO         4648    i.TIM_TimeBaseInit  stm32f4xx_tim.o
    0x08001b14   0x08001b14   0x0000010c   Code   RO         7178    i.UART4_GYRO_INIT_PC11_RX_PC10_TX  uart4.o
    0x08001c20   0x08001c20   0x00000080   Code   RO         7529    i.UART4_IRQHandler  imu.o
    0x08001ca0   0x08001ca0   0x00000098   Code   RO         6959    i.USART1_IRQHandler  usart1.o
    0x08001d38   0x08001d38   0x0000006c   Code   RO         7069    i.USART2_IRQHandler  usart2.o
    0x08001da4   0x08001da4   0x0000009c   Code   RO         7124    i.USART3_IRQHandler  usart3.o
    0x08001e40   0x08001e40   0x00000078   Code   RO         7856    i.USART6_IRQHandler  vl53l0.o
    0x08001eb8   0x08001eb8   0x00000008   Code   RO         5126    i.USART_ClearFlag   stm32f4xx_usart.o
    0x08001ec0   0x08001ec0   0x00000010   Code   RO         5127    i.USART_ClearITPendingBit  stm32f4xx_usart.o
    0x08001ed0   0x08001ed0   0x00000018   Code   RO         5130    i.USART_Cmd         stm32f4xx_usart.o
    0x08001ee8   0x08001ee8   0x00000014   Code   RO         5131    i.USART_DMACmd      stm32f4xx_usart.o
    0x08001efc   0x08001efc   0x00000100   Code   RO         5132    i.USART_DeInit      stm32f4xx_usart.o
    0x08001ffc   0x08001ffc   0x00000040   Code   RO         5134    i.USART_GetITStatus  stm32f4xx_usart.o
    0x0800203c   0x0800203c   0x00000036   Code   RO         5136    i.USART_ITConfig    stm32f4xx_usart.o
    0x08002072   0x08002072   0x00000002   PAD
    0x08002074   0x08002074   0x000000bc   Code   RO         5137    i.USART_Init        stm32f4xx_usart.o
    0x08002130   0x08002130   0x00000002   Code   RO          260    i.UsageFault_Handler  stm32f4xx_it.o
    0x08002132   0x08002132   0x00000002   PAD
    0x08002134   0x08002134   0x000000b0   Code   RO         7857    i.VL53L0_Data_Deal  vl53l0.o
    0x080021e4   0x080021e4   0x00000040   Code   RO         7917    i.Verify_CRC16_Check_Sum  crc.o
    0x08002224   0x08002224   0x0000002e   Code   RO         7918    i.Verify_CRC8_Check_Sum  crc.o
    0x08002252   0x08002252   0x00000014   Code   RO        10033    i.__hardfp_fabs     m_wm.l(fabs.o)
    0x08002266   0x08002266   0x00000002   Code   RO         7070    i._sys_exit         usart2.o
    0x08002268   0x08002268   0x00000020   Code   RO         9773    i.angle_limiting_int16  rm_motor.o
    0x08002288   0x08002288   0x00000006   Code   RO         7749    i.automatic_aiming_init  visual.o
    0x0800228e   0x0800228e   0x00000002   PAD
    0x08002290   0x08002290   0x00000020   Code   RO         8437    i.calibrate_task    calibrate_task.o
    0x080022b0   0x080022b0   0x0000000c   Code   RO         8524    i.calibrate_task_hang  init.o
    0x080022bc   0x080022bc   0x0000000c   Code   RO         8525    i.calibrate_task_remove_hang  init.o
    0x080022c8   0x080022c8   0x00000058   Code   RO         8804    i.can1_cap_setmsg   chassis_app.o
    0x08002320   0x08002320   0x00000070   Code   RO         8805    i.can1_chassis_gimbal_fire  chassis_app.o
    0x08002390   0x08002390   0x00000074   Code   RO         8806    i.can1_chassis_setmsg  chassis_app.o
    0x08002404   0x08002404   0x00000054   Code   RO         9119    i.can1_flip_setmsg  gimbal_app.o
    0x08002458   0x08002458   0x00000074   Code   RO         9120    i.can1_function_setmsg  gimbal_app.o
    0x080024cc   0x080024cc   0x00000070   Code   RO         9121    i.can1_gimbal_setmsg  gimbal_app.o
    0x0800253c   0x0800253c   0x000000f0   Code   RO         6612    i.can1_mode_init    can.o
    0x0800262c   0x0800262c   0x00000060   Code   RO         8807    i.can1_rescue_setmsg  chassis_app.o
    0x0800268c   0x0800268c   0x00000054   Code   RO         8808    i.can1_spitch_setmsg  chassis_app.o
    0x080026e0   0x080026e0   0x00000054   Code   RO         8809    i.can1_syaw_setmsg  chassis_app.o
    0x08002734   0x08002734   0x00000070   Code   RO         8810    i.can2_4002_send    chassis_app.o
    0x080027a4   0x080027a4   0x00000098   Code   RO         8811    i.can2_chassis_mk_setmsg  chassis_app.o
    0x0800283c   0x0800283c   0x00000098   Code   RO         8812    i.can2_chassis_rc_setmsg  chassis_app.o
    0x080028d4   0x080028d4   0x00000078   Code   RO         9122    i.can2_gimbal_setmsg  gimbal_app.o
    0x0800294c   0x0800294c   0x00000018   Code   RO         7373    i.can2_lost_time_refresh  can_2_receive.o
    0x08002964   0x08002964   0x000000fc   Code   RO         6613    i.can2_mode_init    can.o
    0x08002a60   0x08002a60   0x00000054   Code   RO         9123    i.can2_sensor_setmsg  gimbal_app.o
    0x08002ab4   0x08002ab4   0x0000006c   Code   RO         9124    i.can2_yaw_setmsg   gimbal_app.o
    0x08002b20   0x08002b20   0x00000022   Code   RO         7489    i.cap_timer_callback  capacitor_control.o
    0x08002b42   0x08002b42   0x00000002   PAD
    0x08002b44   0x08002b44   0x0000024c   Code   RO         9016    i.chassis_accelerated_control  chassis_task.o
    0x08002d90   0x08002d90   0x00000090   Code   RO         8815    i.chassis_app_init  chassis_app.o
    0x08002e20   0x08002e20   0x00000284   Code   RO         8913    i.chassis_behaviour_mode_set  chassis_behaviour.o
    0x080030a4   0x080030a4   0x00000188   Code   RO         7233    i.chassis_can1_callback  can_1_receive.o
    0x0800322c   0x0800322c   0x0000008c   Code   RO         7374    i.chassis_can2_callback  can_2_receive.o
    0x080032b8   0x080032b8   0x00000028   Code   RO         9017    i.chassis_controlwork  chassis_task.o
    0x080032e0   0x080032e0   0x0000010c   Code   RO         9018    i.chassis_data_update  chassis_task.o
    0x080033ec   0x080033ec   0x0000007c   Code   RO         8914    i.chassis_follow    chassis_behaviour.o
    0x08003468   0x08003468   0x000000f4   Code   RO         8915    i.chassis_independent  chassis_behaviour.o
    0x0800355c   0x0800355c   0x00000270   Code   RO         9019    i.chassis_init      chassis_task.o
    0x080037cc   0x080037cc   0x0000009c   Code   RO         8916    i.chassis_mode_choose  chassis_behaviour.o
    0x08003868   0x08003868   0x000000c0   Code   RO         9020    i.chassis_pid_calc  chassis_task.o
    0x08003928   0x08003928   0x000000e4   Code   RO         7490    i.chassis_power_limit_control  capacitor_control.o
    0x08003a0c   0x08003a0c   0x00000108   Code   RO         7608    i.chassis_rc_callback  rc.o
    0x08003b14   0x08003b14   0x0000000c   Code   RO         7609    i.chassis_rc_lost_time  rc.o
    0x08003b20   0x08003b20   0x00000004   Code   RO         9021    i.chassis_remote_mode_choose  chassis_task.o
    0x08003b24   0x08003b24   0x0000006c   Code   RO         8917    i.chassis_rescue    chassis_behaviour.o
    0x08003b90   0x08003b90   0x000000c4   Code   RO         8918    i.chassis_rotation  chassis_behaviour.o
    0x08003c54   0x08003c54   0x000001ec   Code   RO         9022    i.chassis_set_remote  chassis_task.o
    0x08003e40   0x08003e40   0x00000074   Code   RO         9023    i.chassis_task      chassis_task.o
    0x08003eb4   0x08003eb4   0x00000078   Code   RO         9024    i.chassis_task_off  chassis_task.o
    0x08003f2c   0x08003f2c   0x0000003c   Code   RO         9025    i.chassis_to_gimbal  chassis_task.o
    0x08003f68   0x08003f68   0x000001a0   Code   RO         8919    i.chassis_twist     chassis_behaviour.o
    0x08004108   0x08004108   0x00000024   Code   RO         9775    i.check_codevalue   rm_motor.o
    0x0800412c   0x0800412c   0x00000094   Code   RO         9194    i.clip_behav        gimbal_behaviour.o
    0x080041c0   0x080041c0   0x00000058   Code   RO         6764    i.correct_yaw_zero  photoelectric.o
    0x08004218   0x08004218   0x00000014   Code   RO         9559    i.cos_calculate     maths.o
    0x0800422c   0x0800422c   0x00000034   Code   RO         6563    i.delay_init        delay.o
    0x08004260   0x08004260   0x00000038   Code   RO         6564    i.delay_ms          delay.o
    0x08004298   0x08004298   0x00000038   Code   RO         6565    i.delay_us          delay.o
    0x080042d0   0x080042d0   0x00000040   Code   RO         8478    i.detect_task       detect_task.o
    0x08004310   0x08004310   0x00000020   Code   RO         9430    i.fifo_init         fifo_buff.o
    0x08004330   0x08004330   0x00000052   Code   RO         9433    i.fifo_read_buff    fifo_buff.o
    0x08004382   0x08004382   0x00000056   Code   RO         9434    i.fifo_write_buff   fifo_buff.o
    0x080043d8   0x080043d8   0x000000d8   Code   RO         8673    i.fire_control      shoot_task.o
    0x080044b0   0x080044b0   0x00000060   Code   RO         8674    i.fire_param_init   shoot_task.o
    0x08004510   0x08004510   0x00000024   Code   RO         8675    i.fire_task_off     shoot_task.o
    0x08004534   0x08004534   0x00000038   Code   RO         9561    i.first_order_filter  maths.o
    0x0800456c   0x0800456c   0x00000014   Code   RO         9562    i.first_order_filter_init  maths.o
    0x08004580   0x08004580   0x00000020   Code   RO         9195    i.flap_reset        gimbal_behaviour.o
    0x080045a0   0x080045a0   0x00000128   Code   RO         9196    i.flip_behav        gimbal_behaviour.o
    0x080046c8   0x080046c8   0x00000010   Code   RO         9563    i.float_abs         maths.o
    0x080046d8   0x080046d8   0x00000020   Code   RO         9564    i.float_limit       maths.o
    0x080046f8   0x080046f8   0x00000020   Code   RO         6839    i.friction_wheel_init  pwm.o
    0x08004718   0x08004718   0x0000001a   Code   RO         9323    i.function_control  gimbal_task.o
    0x08004732   0x08004732   0x00000068   Code   RO         9324    i.function_data_update  gimbal_task.o
    0x0800479a   0x0800479a   0x00000246   Code   RO         9325    i.function_pid_calc  gimbal_task.o
    0x080049e0   0x080049e0   0x00000058   Code   RO         8676    i.gd_motor_control  shoot_task.o
    0x08004a38   0x08004a38   0x00000008   Code   RO         8920    i.get_chassis_behaviour_point  chassis_behaviour.o
    0x08004a40   0x08004a40   0x00000014   Code   RO         7234    i.get_chassis_motor_measure_point  can_1_receive.o
    0x08004a54   0x08004a54   0x00000008   Code   RO         8816    i.get_chassis_task_handle  chassis_app.o
    0x08004a5c   0x08004a5c   0x00000008   Code   RO         7235    i.get_clip_measure_point  can_1_receive.o
    0x08004a64   0x08004a64   0x00000008   Code   RO         8677    i.get_fire_control_point  shoot_task.o
    0x08004a6c   0x08004a6c   0x00000008   Code   RO         7236    i.get_fire_motor_measure_point  can_1_receive.o
    0x08004a74   0x08004a74   0x00000008   Code   RO         7237    i.get_flip_measure_point  can_1_receive.o
    0x08004a7c   0x08004a7c   0x00000008   Code   RO         9197    i.get_gimbal_behaviour_point  gimbal_behaviour.o
    0x08004a84   0x08004a84   0x00000008   Code   RO         9326    i.get_gimbal_control_point  gimbal_task.o
    0x08004a8c   0x08004a8c   0x00000008   Code   RO         9125    i.get_gimbal_task_handle  gimbal_app.o
    0x08004a94   0x08004a94   0x00000008   Code   RO         7530    i.get_imu_control_point  imu.o
    0x08004a9c   0x08004a9c   0x00000008   Code   RO         7238    i.get_pitch_gimbal_motor_measure_point  can_1_receive.o
    0x08004aa4   0x08004aa4   0x00000008   Code   RO         7610    i.get_remote_control_point  rc.o
    0x08004aac   0x08004aac   0x00000008   Code   RO         7239    i.get_rescue_clap_motor_measure_point  can_1_receive.o
    0x08004ab4   0x08004ab4   0x00000008   Code   RO         7240    i.get_rescue_motor_measure_point  can_1_receive.o
    0x08004abc   0x08004abc   0x00000008   Code   RO         8678    i.get_shoot_task_handle  shoot_task.o
    0x08004ac4   0x08004ac4   0x00000008   Code   RO         7241    i.get_spitch_motor_measure_point  can_1_receive.o
    0x08004acc   0x08004acc   0x00000008   Code   RO         7242    i.get_supercap_control_point  can_1_receive.o
    0x08004ad4   0x08004ad4   0x00000008   Code   RO         7243    i.get_syaw_motor_measure_point  can_1_receive.o
    0x08004adc   0x08004adc   0x00000004   Code   RO         8526    i.get_sys_cfg       init.o
    0x08004ae0   0x08004ae0   0x00000008   Code   RO         7244    i.get_telescoping_measure_point  can_1_receive.o
    0x08004ae8   0x08004ae8   0x00000008   Code   RO         7245    i.get_translation_measure_point  can_1_receive.o
    0x08004af0   0x08004af0   0x00000008   Code   RO         7246    i.get_uplift_measure_point  can_1_receive.o
    0x08004af8   0x08004af8   0x00000024   Code   RO         9778    i.get_yaw_different_angle  rm_motor.o
    0x08004b1c   0x08004b1c   0x00000008   Code   RO         7375    i.get_yaw_gimbal_motor_measure_point  can_2_receive.o
    0x08004b24   0x08004b24   0x00000008   Code   RO         7376    i.get_yaw_receive_measure_point  can_2_receive.o
    0x08004b2c   0x08004b2c   0x000000a4   Code   RO         9126    i.gimbal_app_init   gimbal_app.o
    0x08004bd0   0x08004bd0   0x00000124   Code   RO         9198    i.gimbal_auto       gimbal_behaviour.o
    0x08004cf4   0x08004cf4   0x00000150   Code   RO         9327    i.gimbal_automatic_work  gimbal_task.o
    0x08004e44   0x08004e44   0x000000ac   Code   RO         9199    i.gimbal_behaviour_mode_set  gimbal_behaviour.o
    0x08004ef0   0x08004ef0   0x00000128   Code   RO         7247    i.gimbal_can1_callback  can_1_receive.o
    0x08005018   0x08005018   0x00000100   Code   RO         7377    i.gimbal_can2_callback  can_2_receive.o
    0x08005118   0x08005118   0x00000034   Code   RO         9200    i.gimbal_ch_retain  gimbal_behaviour.o
    0x0800514c   0x0800514c   0x00000018   Code   RO         9201    i.gimbal_ch_set0    gimbal_behaviour.o
    0x08005164   0x08005164   0x0000027c   Code   RO         9328    i.gimbal_change_pid  gimbal_task.o
    0x080053e0   0x080053e0   0x00000354   Code   RO         9329    i.gimbal_data_init  gimbal_task.o
    0x08005734   0x08005734   0x00000138   Code   RO         9202    i.gimbal_manual     gimbal_behaviour.o
    0x0800586c   0x0800586c   0x00000108   Code   RO         9330    i.gimbal_manual_work  gimbal_task.o
    0x08005974   0x08005974   0x00000098   Code   RO         9203    i.gimbal_mode_choose  gimbal_behaviour.o
    0x08005a0c   0x08005a0c   0x0000000c   Code   RO         7378    i.gimbal_rc_lost_time  can_2_receive.o
    0x08005a18   0x08005a18   0x00000004   Code   RO         9331    i.gimbal_remote_mode_choose  gimbal_task.o
    0x08005a1c   0x08005a1c   0x000000c8   Code   RO         9332    i.gimbal_task       gimbal_task.o
    0x08005ae4   0x08005ae4   0x000000a4   Code   RO         9333    i.gimbal_task_control  gimbal_task.o
    0x08005b88   0x08005b88   0x00000098   Code   RO         9334    i.gimbal_task_off   gimbal_task.o
    0x08005c20   0x08005c20   0x00000108   Code   RO         9204    i.grasp_first       gimbal_behaviour.o
    0x08005d28   0x08005d28   0x00000098   Code   RO         9205    i.grasp_init        gimbal_behaviour.o
    0x08005dc0   0x08005dc0   0x00000060   Code   RO         9206    i.grasp_reset       gimbal_behaviour.o
    0x08005e20   0x08005e20   0x000000f4   Code   RO         9207    i.grasp_second      gimbal_behaviour.o
    0x08005f14   0x08005f14   0x000000b0   Code   RO         9208    i.grasp_third       gimbal_behaviour.o
    0x08005fc4   0x08005fc4   0x00000010   Code   RO         7531    i.gyro_usart_iwdg   imu.o
    0x08005fd4   0x08005fd4   0x00000038   Code   RO         7750    i.hex2Float         visual.o
    0x0800600c   0x0800600c   0x00000048   Code   RO         8527    i.hw_init           init.o
    0x08006054   0x08006054   0x00000008   Code   RO         7532    i.imu_control_init  imu.o
    0x0800605c   0x0800605c   0x000000f8   Code   RO         7533    i.imu_data_reception  imu.o
    0x08006154   0x08006154   0x00000096   Code   RO         9708    i.increment_pid     pid.o
    0x080061ea   0x080061ea   0x0000000a   Code   RO         9566    i.int16_t_abs       maths.o
    0x080061f4   0x080061f4   0x00000010   Code   RO         9567    i.int32_limit       maths.o
    0x08006204   0x08006204   0x00000004   Code   RO         6645    i.iwdg_feed         iwdg.o
    0x08006208   0x08006208   0x00000026   Code   RO         6646    i.iwdg_init         iwdg.o
    0x0800622e   0x0800622e   0x00000002   PAD
    0x08006230   0x08006230   0x00000034   Code   RO         6715    i.laser_init        led.o
    0x08006264   0x08006264   0x00000010   Code   RO         6716    i.laser_off         led.o
    0x08006274   0x08006274   0x00000010   Code   RO         6717    i.laser_on          led.o
    0x08006284   0x08006284   0x00000100   Code   RO         6718    i.led_init          led.o
    0x08006384   0x08006384   0x000000ac   Code   RO         9709    i.location_pid_int32  pid.o
    0x08006430   0x08006430   0x00000046   Code   RO         9571    i.loop_fp32_constrain  maths.o
    0x08006476   0x08006476   0x0000000a   Code   RO           13    i.main              main.o
    0x08006480   0x08006480   0x00000008   Code   RO         9435    i.min_fifo          fifo_buff.o
    0x08006488   0x08006488   0x000001a8   Code   RO         8921    i.mk_data_process   chassis_behaviour.o
    0x08006630   0x08006630   0x00000044   Code   RO         9209    i.mk_data_process   gimbal_behaviour.o
    0x08006674   0x08006674   0x0000003a   Code   RO         9779    i.motor_actual_position  rm_motor.o
    0x080066ae   0x080066ae   0x00000052   Code   RO         9780    i.motor_position_Stepping  rm_motor.o
    0x08006700   0x08006700   0x00000048   Code   RO         9781    i.motor_position_speed_control  rm_motor.o
    0x08006748   0x08006748   0x00000050   Code   RO         9782    i.motor_speed_control  rm_motor.o
    0x08006798   0x08006798   0x00000028   Code   RO         8528    i.normal_control    init.o
    0x080067c0   0x080067c0   0x00000028   Code   RO         8529    i.out_of_control    init.o
    0x080067e8   0x080067e8   0x00000012   Code   RO         8618    i.outctl_task       security_task.o
    0x080067fa   0x080067fa   0x00000002   PAD
    0x080067fc   0x080067fc   0x00000040   Code   RO         9711    i.pid_clear         pid.o
    0x0800683c   0x0800683c   0x0000004c   Code   RO         9712    i.pid_init          pid.o
    0x08006888   0x08006888   0x000000be   Code   RO         9713    i.pid_regulator     pid.o
    0x08006946   0x08006946   0x00000002   PAD
    0x08006948   0x08006948   0x00000070   Code   RO         5736    i.prvAddCurrentTaskToDelayedList  tasks.o
    0x080069b8   0x080069b8   0x0000008c   Code   RO         5737    i.prvAddNewTaskToReadyList  tasks.o
    0x08006a44   0x08006a44   0x00000050   Code   RO         6084    i.prvCheckForValidListAndQueue  timers.o
    0x08006a94   0x08006a94   0x00000054   Code   RO         5738    i.prvCheckTasksWaitingTermination  tasks.o
    0x08006ae8   0x08006ae8   0x00000028   Code   RO         5535    i.prvCopyDataFromQueue  queue.o
    0x08006b10   0x08006b10   0x0000006e   Code   RO         5536    i.prvCopyDataToQueue  queue.o
    0x08006b7e   0x08006b7e   0x00000014   Code   RO         5739    i.prvDeleteTCB      tasks.o
    0x08006b92   0x08006b92   0x00000002   PAD
    0x08006b94   0x08006b94   0x00000024   Code   RO         6085    i.prvGetNextExpireTime  timers.o
    0x08006bb8   0x08006bb8   0x0000004c   Code   RO         6214    i.prvHeapInit       heap_4.o
    0x08006c04   0x08006c04   0x0000002c   Code   RO         5740    i.prvIdleTask       tasks.o
    0x08006c30   0x08006c30   0x00000022   Code   RO         5538    i.prvInitialiseNewQueue  queue.o
    0x08006c52   0x08006c52   0x0000009a   Code   RO         5741    i.prvInitialiseNewTask  tasks.o
    0x08006cec   0x08006cec   0x00000048   Code   RO         6086    i.prvInitialiseNewTimer  timers.o
    0x08006d34   0x08006d34   0x00000058   Code   RO         5742    i.prvInitialiseTaskLists  tasks.o
    0x08006d8c   0x08006d8c   0x00000054   Code   RO         6215    i.prvInsertBlockIntoFreeList  heap_4.o
    0x08006de0   0x08006de0   0x00000040   Code   RO         6087    i.prvInsertTimerInActiveList  timers.o
    0x08006e20   0x08006e20   0x0000001a   Code   RO         5539    i.prvIsQueueEmpty   queue.o
    0x08006e3a   0x08006e3a   0x0000001e   Code   RO         5540    i.prvIsQueueFull    queue.o
    0x08006e58   0x08006e58   0x0000005c   Code   RO         6088    i.prvProcessExpiredTimer  timers.o
    0x08006eb4   0x08006eb4   0x000000b8   Code   RO         6089    i.prvProcessReceivedCommands  timers.o
    0x08006f6c   0x08006f6c   0x0000006c   Code   RO         6090    i.prvProcessTimerOrBlockTask  timers.o
    0x08006fd8   0x08006fd8   0x00000024   Code   RO         5744    i.prvResetNextTaskUnblockTime  tasks.o
    0x08006ffc   0x08006ffc   0x0000002c   Code   RO         6091    i.prvSampleTimeNow  timers.o
    0x08007028   0x08007028   0x0000006c   Code   RO         6092    i.prvSwitchTimerLists  timers.o
    0x08007094   0x08007094   0x0000002c   Code   RO         6264    i.prvTaskExitError  port.o
    0x080070c0   0x080070c0   0x00000038   Code   RO         5747    i.prvTaskIsTaskSuspended  tasks.o
    0x080070f8   0x080070f8   0x00000014   Code   RO         6093    i.prvTimerTask      timers.o
    0x0800710c   0x0800710c   0x0000006a   Code   RO         5541    i.prvUnlockQueue    queue.o
    0x08007176   0x08007176   0x00000002   PAD
    0x08007178   0x08007178   0x000000d4   Code   RO         6216    i.pvPortMalloc      heap_4.o
    0x0800724c   0x0800724c   0x00000018   Code   RO         5748    i.pvTaskIncrementMutexHeldCount  tasks.o
    0x08007264   0x08007264   0x00000024   Code   RO         6265    i.pxPortInitialiseStack  port.o
    0x08007288   0x08007288   0x00000064   Code   RO         7611    i.rc_data_is_error  rc.o
    0x080072ec   0x080072ec   0x0000000e   Code   RO         7612    i.rc_deadline_limit  rc.o
    0x080072fa   0x080072fa   0x00000002   PAD
    0x080072fc   0x080072fc   0x00000014   Code   RO         7613    i.rc_lost_time_refresh  rc.o
    0x08007310   0x08007310   0x00000014   Code   RO         7379    i.re_can2_shooter_heat0_speed_limit  can_2_receive.o
    0x08007324   0x08007324   0x0000000c   Code   RO         7381    i.re_chassis_gimbal_sensorL  can_2_receive.o
    0x08007330   0x08007330   0x0000000c   Code   RO         7382    i.re_chassis_gimbal_sensorR  can_2_receive.o
    0x0800733c   0x0800733c   0x0000000c   Code   RO         7986    i.referee_chassis_power_limit  referee_deal.o
    0x08007348   0x08007348   0x00000138   Code   RO         7990    i.referee_read_data  referee_deal.o
    0x08007480   0x08007480   0x0000000c   Code   RO         7994    i.referee_shooter_id1_17mm_cooling_heat  referee_deal.o
    0x0800748c   0x0800748c   0x0000000c   Code   RO         7995    i.referee_shooter_id1_17mm_cooling_limit  referee_deal.o
    0x08007498   0x08007498   0x0000000c   Code   RO         7997    i.referee_shooter_id1_17mm_speed_limit  referee_deal.o
    0x080074a4   0x080074a4   0x00000008   Code   RO         7616    i.remote_control_init  rc.o
    0x080074ac   0x080074ac   0x00000020   Code   RO         7617    i.remote_reload     rc.o
    0x080074cc   0x080074cc   0x0000006c   Code   RO         8924    i.rescue_clap       chassis_behaviour.o
    0x08007538   0x08007538   0x0000003c   Code   RO         9027    i.rescue_set_remote  chassis_task.o
    0x08007574   0x08007574   0x00000010   Code   RO         7858    i.return_vl53l0_distance  vl53l0.o
    0x08007584   0x08007584   0x00000010   Code   RO         7859    i.return_vl53l0_initdistance  vl53l0.o
    0x08007594   0x08007594   0x00000090   Code   RO         8619    i.safecheck_task    security_task.o
    0x08007624   0x08007624   0x00000034   Code   RO         6677    i.sensor_init       key.o
    0x08007658   0x08007658   0x00000028   Code   RO         8530    i.services_task     init.o
    0x08007680   0x08007680   0x000000c4   Code   RO         9028    i.sgimbal_set_remote  chassis_task.o
    0x08007744   0x08007744   0x0000002c   Code   RO         8680    i.shoot_app_init    shoot_task.o
    0x08007770   0x08007770   0x0000004c   Code   RO         8681    i.shoot_hot_limit   shoot_task.o
    0x080077bc   0x080077bc   0x000000d4   Code   RO         8682    i.shoot_task        shoot_task.o
    0x08007890   0x08007890   0x00000014   Code   RO         9576    i.sin_calculate     maths.o
    0x080078a4   0x080078a4   0x00000070   Code   RO         9577    i.sliding_mean_filter  maths.o
    0x08007914   0x08007914   0x0000001e   Code   RO         9578    i.sliding_mean_filter_init  maths.o
    0x08007932   0x08007932   0x00000002   PAD
    0x08007934   0x08007934   0x00000020   Code   RO         8683    i.snail_motor_pwm   shoot_task.o
    0x08007954   0x08007954   0x00000030   Code   RO         8531    i.start_task        init.o
    0x08007984   0x08007984   0x0000008c   Code   RO         9714    i.step_in_processing  pid.o
    0x08007a10   0x08007a10   0x000000b4   Code   RO         8532    i.sys_task          init.o
    0x08007ac4   0x08007ac4   0x00000020   Code   RO         8620    i.system_out_ctrl_protect  security_task.o
    0x08007ae4   0x08007ae4   0x0000000c   Code   RO         8771    i.system_state_return  system_state.o
    0x08007af0   0x08007af0   0x0000000c   Code   RO         8772    i.system_state_set  system_state.o
    0x08007afc   0x08007afc   0x00000038   Code   RO         8534    i.task_init         init.o
    0x08007b34   0x08007b34   0x0000009c   Code   RO         9210    i.telescoping_behav  gimbal_behaviour.o
    0x08007bd0   0x08007bd0   0x000000bc   Code   RO         6844    i.tim4_pwm_init     pwm.o
    0x08007c8c   0x08007c8c   0x00000050   Code   RO         9870    i.timer_receive_create  timer_task.o
    0x08007cdc   0x08007cdc   0x0000004c   Code   RO         9871    i.timer_send_create  timer_task.o
    0x08007d28   0x08007d28   0x00000090   Code   RO         9211    i.translation_behav  gimbal_behaviour.o
    0x08007db8   0x08007db8   0x000000ac   Code   RO         9212    i.uplift_behav      gimbal_behaviour.o
    0x08007e64   0x08007e64   0x00000006   Code   RO         7695    i.upper_machine_communication  upper_machine.o
    0x08007e6a   0x08007e6a   0x00000002   PAD
    0x08007e6c   0x08007e6c   0x00000058   Code   RO         6960    i.usart1_dma_send   usart1.o
    0x08007ec4   0x08007ec4   0x00000314   Code   RO         6961    i.usart1_init       usart1.o
    0x080081d8   0x080081d8   0x0000019c   Code   RO         7072    i.usart2_init       usart2.o
    0x08008374   0x08008374   0x00000058   Code   RO         7125    i.usart3_dma_send   usart3.o
    0x080083cc   0x080083cc   0x000001e0   Code   RO         7126    i.usart3_init       usart3.o
    0x080085ac   0x080085ac   0x000001d8   Code   RO         7022    i.usart6_init       usart6.o
    0x08008784   0x08008784   0x00000024   Code   RO         5498    i.uxListRemove      list.o
    0x080087a8   0x080087a8   0x00000002   Code   RO         8479    i.vApplicationIdleHook  detect_task.o
    0x080087aa   0x080087aa   0x00000016   Code   RO         5499    i.vListInitialise   list.o
    0x080087c0   0x080087c0   0x00000006   Code   RO         5500    i.vListInitialiseItem  list.o
    0x080087c6   0x080087c6   0x00000030   Code   RO         5501    i.vListInsert       list.o
    0x080087f6   0x080087f6   0x00000018   Code   RO         5502    i.vListInsertEnd    list.o
    0x0800880e   0x0800880e   0x00000002   PAD
    0x08008810   0x08008810   0x00000040   Code   RO         6267    i.vPortEnterCritical  port.o
    0x08008850   0x08008850   0x0000002c   Code   RO         6268    i.vPortExitCritical  port.o
    0x0800887c   0x0800887c   0x0000005c   Code   RO         6217    i.vPortFree         heap_4.o
    0x080088d8   0x080088d8   0x00000020   Code   RO         6269    i.vPortSetupTimerInterrupt  port.o
    0x080088f8   0x080088f8   0x00000054   Code   RO         6270    i.vPortValidateInterruptPriority  port.o
    0x0800894c   0x0800894c   0x00000024   Code   RO         5547    i.vQueueAddToRegistry  queue.o
    0x08008970   0x08008970   0x00000046   Code   RO         5551    i.vQueueWaitForMessageRestricted  queue.o
    0x080089b6   0x080089b6   0x00000002   PAD
    0x080089b8   0x080089b8   0x00000050   Code   RO         5756    i.vTaskDelay        tasks.o
    0x08008a08   0x08008a08   0x00000098   Code   RO         5757    i.vTaskDelayUntil   tasks.o
    0x08008aa0   0x08008aa0   0x000000ac   Code   RO         5758    i.vTaskDelete       tasks.o
    0x08008b4c   0x08008b4c   0x0000000c   Code   RO         5761    i.vTaskMissedYield  tasks.o
    0x08008b58   0x08008b58   0x00000034   Code   RO         5763    i.vTaskPlaceOnEventList  tasks.o
    0x08008b8c   0x08008b8c   0x0000003c   Code   RO         5764    i.vTaskPlaceOnEventListRestricted  tasks.o
    0x08008bc8   0x08008bc8   0x00000088   Code   RO         5766    i.vTaskPriorityInherit  tasks.o
    0x08008c50   0x08008c50   0x00000080   Code   RO         5768    i.vTaskResume       tasks.o
    0x08008cd0   0x08008cd0   0x00000024   Code   RO         5770    i.vTaskSetTimeOutState  tasks.o
    0x08008cf4   0x08008cf4   0x00000070   Code   RO         5771    i.vTaskStartScheduler  tasks.o
    0x08008d64   0x08008d64   0x000000b0   Code   RO         5772    i.vTaskSuspend      tasks.o
    0x08008e14   0x08008e14   0x00000010   Code   RO         5773    i.vTaskSuspendAll   tasks.o
    0x08008e24   0x08008e24   0x00000060   Code   RO         5774    i.vTaskSwitchContext  tasks.o
    0x08008e84   0x08008e84   0x00000064   Code   RO         9715    i.variable_integral_coefficient  pid.o
    0x08008ee8   0x08008ee8   0x00000090   Code   RO         7751    i.visual_data_reception  visual.o
    0x08008f78   0x08008f78   0x00000024   Code   RO         7752    i.visual_send_data  visual.o
    0x08008f9c   0x08008f9c   0x000000e0   Code   RO         6271    i.xPortStartScheduler  port.o
    0x0800907c   0x0800907c   0x0000002c   Code   RO         6272    i.xPortSysTickHandler  port.o
    0x080090a8   0x080090a8   0x00000044   Code   RO         5554    i.xQueueGenericCreate  queue.o
    0x080090ec   0x080090ec   0x00000188   Code   RO         5555    i.xQueueGenericReceive  queue.o
    0x08009274   0x08009274   0x0000008c   Code   RO         5556    i.xQueueGenericReset  queue.o
    0x08009300   0x08009300   0x00000164   Code   RO         5557    i.xQueueGenericSend  queue.o
    0x08009464   0x08009464   0x000000be   Code   RO         5558    i.xQueueGenericSendFromISR  queue.o
    0x08009522   0x08009522   0x00000002   PAD
    0x08009524   0x08009524   0x00000074   Code   RO         5775    i.xTaskCheckForTimeOut  tasks.o
    0x08009598   0x08009598   0x00000060   Code   RO         5776    i.xTaskCreate       tasks.o
    0x080095f8   0x080095f8   0x0000001c   Code   RO         5781    i.xTaskGetSchedulerState  tasks.o
    0x08009614   0x08009614   0x0000000c   Code   RO         5782    i.xTaskGetTickCount  tasks.o
    0x08009620   0x08009620   0x000000cc   Code   RO         5784    i.xTaskIncrementTick  tasks.o
    0x080096ec   0x080096ec   0x00000098   Code   RO         5787    i.xTaskPriorityDisinherit  tasks.o
    0x08009784   0x08009784   0x0000007c   Code   RO         5788    i.xTaskRemoveFromEventList  tasks.o
    0x08009800   0x08009800   0x000000cc   Code   RO         5790    i.xTaskResumeAll    tasks.o
    0x080098cc   0x080098cc   0x0000002e   Code   RO         6096    i.xTimerCreate      timers.o
    0x080098fa   0x080098fa   0x00000002   PAD
    0x080098fc   0x080098fc   0x00000050   Code   RO         6097    i.xTimerCreateTimerTask  timers.o
    0x0800994c   0x0800994c   0x00000068   Code   RO         6098    i.xTimerGenericCommand  timers.o
    0x080099b4   0x080099b4   0x00000030   Code   RO         6766    i.yaw_two_zero_gpio_init  photoelectric.o
    0x080099e4   0x080099e4   0x0000002c   Code   RO         6767    i.yaw_zero_gpio_init  photoelectric.o
    0x08009a10   0x08009a10   0x00000018   Code   RO         6768    i.yaw_zero_value    photoelectric.o
    0x08009a28   0x08009a28   0x00000062   Code   RO         9999    x$fpl$d2f           fz_wm.l(d2f.o)
    0x08009a8a   0x08009a8a   0x00000002   PAD
    0x08009a8c   0x08009a8c   0x00000150   Code   RO        10001    x$fpl$dadd          fz_wm.l(daddsub_clz.o)
    0x08009bdc   0x08009bdc   0x00000018   Code   RO        10046    x$fpl$dcmpinf       fz_wm.l(dcmpi.o)
    0x08009bf4   0x08009bf4   0x00000026   Code   RO        10013    x$fpl$dfltu         fz_wm.l(dflt_clz.o)
    0x08009c1a   0x08009c1a   0x00000002   PAD
    0x08009c1c   0x08009c1c   0x00000078   Code   RO        10019    x$fpl$dleqf         fz_wm.l(dleqf.o)
    0x08009c94   0x08009c94   0x00000154   Code   RO        10021    x$fpl$dmul          fz_wm.l(dmul.o)
    0x08009de8   0x08009de8   0x0000009c   Code   RO        10048    x$fpl$dnaninf       fz_wm.l(dnaninf.o)
    0x08009e84   0x08009e84   0x0000000c   Code   RO        10050    x$fpl$dretinf       fz_wm.l(dretinf.o)
    0x08009e90   0x08009e90   0x000001d4   Code   RO        10003    x$fpl$dsub          fz_wm.l(daddsub_clz.o)
    0x0800a064   0x0800a064   0x00000056   Code   RO        10025    x$fpl$f2d           fz_wm.l(f2d.o)
    0x0800a0ba   0x0800a0ba   0x0000008c   Code   RO        10052    x$fpl$fnaninf       fz_wm.l(fnaninf.o)
    0x0800a146   0x0800a146   0x0000000a   Code   RO        10193    x$fpl$fpinit        fz_wm.l(fpinit.o)
    0x0800a150   0x0800a150   0x0000000a   Code   RO        10054    x$fpl$fretinf       fz_wm.l(fretinf.o)
    0x0800a15a   0x0800a15a   0x00000000   Code   RO        10056    x$fpl$usenofp       fz_wm.l(usenofp.o)
    0x0800a15a   0x0800a15a   0x00000300   Data   RO         7920    .constdata          crc.o
    0x0800a45a   0x0800a45a   0x00000002   PAD
    0x0800a45c   0x0800a45c   0x00000410   Data   RO         9907    .constdata          arm_cortexM4lf_math.lib(arm_cos_f32.o)
    0x0800a86c   0x0800a86c   0x0000040c   Data   RO         9954    .constdata          arm_cortexM4lf_math.lib(arm_sin_f32.o)
    0x0800ac78   0x0800ac78   0x00000020   Data   RO        10333    Region$$Table       anon$$obj.o


    Execution Region RW_IRAM1 (Exec base: 0x20000000, Load base: 0x0800ac98, Size: 0x00015860, Max: 0x00020000, ABSOLUTE, COMPRESSED[0x00000038])

    Exec Addr    Load Addr    Size         Type   Attr      Idx    E Section Name        Object

    0x20000000   COMPRESSED   0x00000014   Data   RW          341    .data               system_stm32f4xx.o
    0x20000014   COMPRESSED   0x00000010   Data   RW         3233    .data               stm32f4xx_rcc.o
    0x20000024   COMPRESSED   0x0000003c   Data   RW         5793    .data               tasks.o
    0x20000060   COMPRESSED   0x00000014   Data   RW         6104    .data               timers.o
    0x20000074   COMPRESSED   0x00000018   Data   RW         6222    .data               heap_4.o
    0x2000008c   COMPRESSED   0x0000000c   Data   RW         6273    .data               port.o
    0x20000098   COMPRESSED   0x00000004   Data   RW         6567    .data               delay.o
    0x2000009c   COMPRESSED   0x00000002   Data   RW         6905    .data               time.o
    0x2000009e   COMPRESSED   0x00000002   PAD
    0x200000a0   COMPRESSED   0x0000000c   Data   RW         6964    .data               usart1.o
    0x200000ac   COMPRESSED   0x00000004   Data   RW         7026    .data               usart6.o
    0x200000b0   COMPRESSED   0x00000004   Data   RW         7074    .data               usart2.o
    0x200000b4   COMPRESSED   0x00000008   Data   RW         7129    .data               usart3.o
    0x200000bc   COMPRESSED   0x00000004   Data   RW         7250    .data               can_1_receive.o
    0x200000c0   COMPRESSED   0x0000000c   Data   RW         7387    .data               can_2_receive.o
    0x200000cc   COMPRESSED   0x00000004   Data   RW         7536    .data               imu.o
    0x200000d0   COMPRESSED   0x00000008   Data   RW         7619    .data               rc.o
    0x200000d8   COMPRESSED   0x00000004   Data   RW         7754    .data               visual.o
    0x200000dc   COMPRESSED   0x00000009   Data   RW         7814    .data               gpio_deal.o
    0x200000e5   COMPRESSED   0x00000001   Data   RW         7861    .data               vl53l0.o
    0x200000e6   COMPRESSED   0x00000002   Data   RW         7921    .data               crc.o
    0x200000e8   COMPRESSED   0x00000009   Data   RW         8015    .data               referee_deal.o
    0x200000f1   COMPRESSED   0x00000003   PAD
    0x200000f4   COMPRESSED   0x00000008   Data   RW         8438    .data               calibrate_task.o
    0x200000fc   COMPRESSED   0x0000001c   Data   RW         8535    .data               init.o
    0x20000118   COMPRESSED   0x00000010   Data   RW         8623    .data               security_task.o
    0x20000128   COMPRESSED   0x00000004   Data   RW         8686    .data               shoot_task.o
    0x2000012c   COMPRESSED   0x00000001   Data   RW         8773    .data               system_state.o
    0x2000012d   COMPRESSED   0x00000003   PAD
    0x20000130   COMPRESSED   0x00000004   Data   RW         8817    .data               chassis_app.o
    0x20000134   COMPRESSED   0x0000002c   Data   RW         8925    .data               chassis_behaviour.o
    0x20000160   COMPRESSED   0x0000000e   Data   RW         9030    .data               chassis_task.o
    0x2000016e   COMPRESSED   0x00000002   PAD
    0x20000170   COMPRESSED   0x00000004   Data   RW         9127    .data               gimbal_app.o
    0x20000174   COMPRESSED   0x00000014   Data   RW         9213    .data               gimbal_behaviour.o
    0x20000188   COMPRESSED   0x00000048   Data   RW         9336    .data               gimbal_task.o
    0x200001d0   COMPRESSED   0x0000000c   Data   RW         9784    .data               rm_motor.o
    0x200001dc   COMPRESSED   0x00000008   Data   RW         9872    .data               timer_task.o
    0x200001e4        -       0x00000040   Zero   RW         5566    .bss                queue.o
    0x20000224        -       0x000000f0   Zero   RW         5792    .bss                tasks.o
    0x20000314        -       0x00000028   Zero   RW         6103    .bss                timers.o
    0x2000033c        -       0x00012c00   Zero   RW         6221    .bss                heap_4.o
    0x20012f3c        -       0x0000000a   Zero   RW         6769    .bss                photoelectric.o
    0x20012f46   COMPRESSED   0x00000002   PAD
    0x20012f48        -       0x00000088   Zero   RW         6962    .bss                usart1.o
    0x20012fd0        -       0x00000014   Zero   RW         6963    .bss                usart1.o
    0x20012fe4        -       0x00000494   Zero   RW         7023    .bss                usart6.o
    0x20013478        -       0x00000214   Zero   RW         7073    .bss                usart2.o
    0x2001368c        -       0x00000074   Zero   RW         7127    .bss                usart3.o
    0x20013700        -       0x00000014   Zero   RW         7128    .bss                usart3.o
    0x20013714        -       0x00000014   Zero   RW         7182    .bss                uart4.o
    0x20013728        -       0x0000013c   Zero   RW         7249    .bss                can_1_receive.o
    0x20013864        -       0x00000038   Zero   RW         7385    .bss                can_2_receive.o
    0x2001389c        -       0x00000101   Zero   RW         7535    .bss                imu.o
    0x2001399d   COMPRESSED   0x00000001   PAD
    0x2001399e        -       0x00000016   Zero   RW         7618    .bss                rc.o
    0x200139b4        -       0x00000040   Zero   RW         7753    .bss                visual.o
    0x200139f4        -       0x00000049   Zero   RW         7860    .bss                vl53l0.o
    0x20013a3d        -       0x00000097   Zero   RW         8014    .bss                referee_deal.o
    0x20013ad4        -       0x00000094   Zero   RW         8685    .bss                shoot_task.o
    0x20013b68        -       0x00000420   Zero   RW         9029    .bss                chassis_task.o
    0x20013f88        -       0x00001278   Zero   RW         9335    .bss                gimbal_task.o
    0x20015200        -       0x00000060   Zero   RW        10087    .bss                c_w.l(libspace.o)
    0x20015260        -       0x00000200   Zero   RW            2    HEAP                startup_stm32f40_41xxx.o
    0x20015460        -       0x00000400   Zero   RW            1    STACK               startup_stm32f40_41xxx.o


==============================================================================

Image component sizes


      Code (inc. data)   RO Data    RW Data    ZI Data      Debug   Object Name

       160         10          0          8          0       2253   calibrate_task.o
       492         18          0          0          0       2170   can.o
       876         94          0          4        316      12286   can_1_receive.o
       568         78          0         12         56      13056   can_2_receive.o
       262         24          0          0          0       2370   capacitor_control.o
      1148        114          0          4          0      14040   chassis_app.o
      2456        142          0         44          0      15217   chassis_behaviour.o
      2760        116          0         14       1056      10790   chassis_task.o
       186         12        768          2          0       4097   crc.o
       184         14          0          4          0       2637   delay.o
        66         16          0          0          0       1209   detect_task.o
         0          0          0          0          0      11980   event_groups.o
       208          0          0          0          0       3363   fifo_buff.o
       796         84          0          4          0      13354   gimbal_app.o
      2960        188          0         20          0      15747   gimbal_behaviour.o
      3524        230          0         72       4728      18292   gimbal_task.o
       200         26          0          9          0       3248   gpio_deal.o
       464         22          0         24      76800       4919   heap_4.o
       668         66          0          4        257       5289   imu.o
       504        132          0         28          0       6989   init.o
        42          0          0          0          0       1112   iwdg.o
        52          6          0          0          0        558   key.o
       340         24          0          0          0       2219   led.o
       136          0          0          0          0       3578   list.o
        10          0          0          0          0     335383   main.o
       402          8          0          0          0       7928   maths.o
       152         16          0          0          0       2409   misc.o
       204         20          0          0         10       9942   photoelectric.o
       892         28          0          0          0       5725   pid.o
       754         84          0         12          0      11877   port.o
       220         14          0          0          0       1366   pwm.o
      1598         18          0          0         64      17313   queue.o
       458         32          0          8         22       5515   rc.o
       360         26          0          9        151       4393   referee_deal.o
       396          6          0         12          0       7688   rm_motor.o
       194         28          0         16          0      34163   security_task.o
       816         84          0          4        148       7453   shoot_task.o
        64         26        392          0       1536        936   startup_stm32f40_41xxx.o
      1428         46          0          0          0      10189   stm32f4xx_can.o
       740         78          0          0          0       9797   stm32f4xx_dma.o
       178          0          0          0          0       3883   stm32f4xx_gpio.o
        12          0          0          0          0       2917   stm32f4xx_it.o
        68         30          0          0          0       2738   stm32f4xx_iwdg.o
       304         46          0         16          0       6489   stm32f4xx_rcc.o
       480         44          0          0          0       7864   stm32f4xx_tim.o
       630         40          0          0          0       7316   stm32f4xx_usart.o
        24         12          0          1          0       1382   system_state.o
       276         34          0         20          0       2029   system_stm32f4xx.o
      2922        246          0         60        240      28606   tasks.o
        84          8          0          2          0       1888   time.o
       156         44          0          8          0       1471   timer_task.o
      1038         88          0         20         40      20358   timers.o
       332         32          0          0         20       2527   uart4.o
         6          0          0          0          0        534   upper_machine.o
      1160         82          0         12        156       6074   usart1.o
       522         36          0          4        532       4320   usart2.o
       788         64          0          8        136       4190   usart3.o
       536         36          0          4       1172       2909   usart6.o
       250         24          0          4         64       4210   visual.o
       336         52          0          1         73       3863   vl53l0.o

    ----------------------------------------------------------------------
     37884       2848       1194        484      87580     758418   Object Totals
         0          0         32          0          0          0   (incl. Generated)
        42          0          2         10          3          0   (incl. Padding)

    ----------------------------------------------------------------------

      Code (inc. data)   RO Data    RW Data    ZI Data      Debug   Library Member Name

       216         22       1040          0          0      16570   arm_cos_f32.o
       216         22       1036          0          0       1382   arm_sin_f32.o
        90          0          0          0          0          0   __dczerorl2.o
         8          0          0          0          0         68   __main.o
         0          0          0          0          0          0   __rtentry.o
        12          0          0          0          0          0   __rtentry2.o
         6          0          0          0          0          0   __rtentry4.o
        52          8          0          0          0          0   __scatter.o
        28          0          0          0          0          0   __scatter_zi.o
        16          0          0          0          0         68   aeabi_memset.o
        18          0          0          0          0         80   exit.o
         6          0          0          0          0        152   heapauxi.o
         2          0          0          0          0          0   libinit.o
         6          0          0          0          0          0   libinit2.o
         2          0          0          0          0          0   libshutdown.o
         2          0          0          0          0          0   libshutdown2.o
         8          4          0          0         96         68   libspace.o
        68          0          0          0          0         68   rt_memclr.o
        78          0          0          0          0         80   rt_memclr_w.o
       138          0          0          0          0         68   rt_memcpy_v6.o
       100          0          0          0          0         80   rt_memcpy_w.o
         2          0          0          0          0          0   rtexit.o
        10          0          0          0          0          0   rtexit2.o
        74          0          0          0          0         80   sys_stackheap_outer.o
         2          0          0          0          0         68   use_no_semi.o
         2          0          0          0          0         68   use_no_semi_2.o
        98          4          0          0          0        140   d2f.o
       804         16          0          0          0        368   daddsub_clz.o
        24          0          0          0          0        116   dcmpi.o
        38          0          0          0          0        116   dflt_clz.o
       120          4          0          0          0        140   dleqf.o
       340         12          0          0          0        152   dmul.o
       156          4          0          0          0        140   dnaninf.o
        12          0          0          0          0        116   dretinf.o
        86          4          0          0          0        132   f2d.o
       140          4          0          0          0        132   fnaninf.o
        10          0          0          0          0        116   fpinit.o
        10          0          0          0          0        116   fretinf.o
         0          0          0          0          0          0   usenofp.o
        20          0          0          0          0        124   fabs.o

    ----------------------------------------------------------------------
      3030        104       2076          0         96      20808   Library Totals
        10          0          0          0          0          0   (incl. Padding)

    ----------------------------------------------------------------------

      Code (inc. data)   RO Data    RW Data    ZI Data      Debug   Library Name

       432         44       2076          0          0      17952   arm_cortexM4lf_math.lib
       730         12          0          0         96        948   c_w.l
      1838         48          0          0          0       1784   fz_wm.l
        20          0          0          0          0        124   m_wm.l

    ----------------------------------------------------------------------
      3030        104       2076          0         96      20808   Library Totals

    ----------------------------------------------------------------------

==============================================================================


      Code (inc. data)   RO Data    RW Data    ZI Data      Debug   

     40914       2952       3270        484      87676     740610   Grand Totals
     40914       2952       3270         56      87676     740610   ELF Image Totals (compressed)
     40914       2952       3270         56          0          0   ROM Totals

==============================================================================

    Total RO  Size (Code + RO Data)                44184 (  43.15kB)
    Total RW  Size (RW Data + ZI Data)             88160 (  86.09kB)
    Total ROM Size (Code + RO Data + RW Data)      44240 (  43.20kB)

==============================================================================

