Component: ARM Compiler 5.06 update 6 (build 750) Tool: armlink [4d35ed]

==============================================================================

Section Cross References

    main.o(i.Start_Task) refers to port.o(i.vPortEnterCritical) for vPortEnterCritical
    main.o(i.Start_Task) refers to taskinit.o(i.TaskInit) for TaskInit
    main.o(i.Start_Task) refers to tasks.o(i.vTaskDelete) for vTaskDelete
    main.o(i.Start_Task) refers to port.o(i.vPortExitCritical) for vPortExitCritical
    main.o(i.Start_Task) refers to main.o(.data) for .data
    main.o(i.main) refers to hardwareinit.o(i.HardwareInit) for HardwareInit
    main.o(i.main) refers to tasks.o(i.xTaskCreate) for xTaskCreate
    main.o(i.main) refers to tasks.o(i.vTaskStartScheduler) for vTaskStartScheduler
    main.o(i.main) refers to main.o(.data) for .data
    main.o(i.main) refers to main.o(i.Start_Task) for Start_Task
    delay.o(i.delay_ms) refers to delay.o(i.delay_us) for delay_us
    hardwareinit.o(i.HardwareInit) refers to hardwareinit.o(i.HardwareMapping) for HardwareMapping
    hardwareinit.o(i.HardwareInit) refers to hardwareinit.o(.bss) for .bss
    hardwareinit.o(i.HardwareMapping) refers to gpio.o(i.LED_Init) for LED_Init
    hardwareinit.o(i.HardwareMapping) refers to hardwareinit.o(.bss) for .bss
    hardwareinit.o(i.HardwareMapping) refers to gpio.o(i.SWITCH_Init) for SWITCH_Init
    hardwareinit.o(i.HardwareMapping) refers to tim.o(i.TIM3_Init) for TIM3_Init
    hardwareinit.o(i.HardwareMapping) refers to usart.o(i.USART1_RC_INIT_PA10_RX) for USART1_RC_INIT_PA10_RX
    hardwareinit.o(i.HardwareMapping) refers to can.o(i.CAN1_Init_GPIOD_IO0_IO1) for CAN1_Init_GPIOD_IO0_IO1
    hardwareinit.o(i.HardwareMapping) refers to can.o(i.CAN2_Init_GPIOB_IO5_IO6) for CAN2_Init_GPIOB_IO5_IO6
    hardwareinit.o(i.HardwareMapping) refers to usart.o(i.UART4_GYRO_INIT_PC11_RX_PC10_TX) for UART4_GYRO_INIT_PC11_RX_PC10_TX
    hardwareinit.o(i.HardwareMapping) refers to iwdg.o(i.IWDG_Init) for IWDG_Init
    taskinit.o(i.TaskInit) refers to tasks.o(i.xTaskCreate) for xTaskCreate
    taskinit.o(i.TaskInit) refers to taskinit.o(.data) for .data
    taskinit.o(i.TaskInit) refers to remote_task.o(i.Remote_Task) for Remote_Task
    taskinit.o(i.TaskInit) refers to chassis_task.o(i.Chassis_Task) for Chassis_Task
    taskinit.o(i.TaskInit) refers to gimbal_task.o(i.Gimbal_Task) for Gimbal_Task
    taskinit.o(i.TaskInit) refers to detect_task.o(i.Detect_Task) for Detect_Task
    startup_stm32f40_41xxx.o(RESET) refers to startup_stm32f40_41xxx.o(STACK) for __initial_sp
    startup_stm32f40_41xxx.o(RESET) refers to startup_stm32f40_41xxx.o(.text) for Reset_Handler
    startup_stm32f40_41xxx.o(RESET) refers to stm32f4xx_it.o(i.NMI_Handler) for NMI_Handler
    startup_stm32f40_41xxx.o(RESET) refers to stm32f4xx_it.o(i.HardFault_Handler) for HardFault_Handler
    startup_stm32f40_41xxx.o(RESET) refers to stm32f4xx_it.o(i.MemManage_Handler) for MemManage_Handler
    startup_stm32f40_41xxx.o(RESET) refers to stm32f4xx_it.o(i.BusFault_Handler) for BusFault_Handler
    startup_stm32f40_41xxx.o(RESET) refers to stm32f4xx_it.o(i.UsageFault_Handler) for UsageFault_Handler
    startup_stm32f40_41xxx.o(RESET) refers to port.o(.emb_text) for SVC_Handler
    startup_stm32f40_41xxx.o(RESET) refers to stm32f4xx_it.o(i.DebugMon_Handler) for DebugMon_Handler
    startup_stm32f40_41xxx.o(RESET) refers to port.o(i.SysTick_Handler) for SysTick_Handler
    startup_stm32f40_41xxx.o(RESET) refers to can1_isr.o(i.CAN1_RX0_IRQHandler) for CAN1_RX0_IRQHandler
    startup_stm32f40_41xxx.o(RESET) refers to tim_isr.o(i.TIM3_IRQHandler) for TIM3_IRQHandler
    startup_stm32f40_41xxx.o(RESET) refers to gyro_isr.o(i.USART2_IRQHandler) for USART2_IRQHandler
    startup_stm32f40_41xxx.o(RESET) refers to vision_isr.o(i.USART3_IRQHandler) for USART3_IRQHandler
    startup_stm32f40_41xxx.o(RESET) refers to pyr_isr.o(i.UART4_IRQHandler) for UART4_IRQHandler
    startup_stm32f40_41xxx.o(RESET) refers to remote_isr.o(i.DMA2_Stream1_IRQHandler) for DMA2_Stream1_IRQHandler
    startup_stm32f40_41xxx.o(RESET) refers to can2_isr.o(i.CAN2_RX0_IRQHandler) for CAN2_RX0_IRQHandler
    startup_stm32f40_41xxx.o(RESET) refers to remote_isr.o(i.DMA2_Stream5_IRQHandler) for DMA2_Stream5_IRQHandler
    startup_stm32f40_41xxx.o(RESET) refers to referee_isr.o(i.USART6_IRQHandler) for USART6_IRQHandler
    startup_stm32f40_41xxx.o(.text) refers to system_stm32f4xx.o(i.SystemInit) for SystemInit
    startup_stm32f40_41xxx.o(.text) refers to entry.o(.ARM.Collect$$$$00000000) for __main
    stm32f4xx_adc.o(i.ADC_DeInit) refers to stm32f4xx_rcc.o(i.RCC_APB2PeriphResetCmd) for RCC_APB2PeriphResetCmd
    stm32f4xx_can.o(i.CAN_DeInit) refers to stm32f4xx_rcc.o(i.RCC_APB1PeriphResetCmd) for RCC_APB1PeriphResetCmd
    stm32f4xx_can.o(i.CAN_GetITStatus) refers to stm32f4xx_can.o(i.CheckITStatus) for CheckITStatus
[...]
    prvInitialiseTaskLists                   0x0800508d   Thumb Code    74  tasks.o(i.prvInitialiseTaskLists)
    i.prvInsertBlockIntoFreeList             0x080050e4   Section        0  heap_4.o(i.prvInsertBlockIntoFreeList)
    prvInsertBlockIntoFreeList               0x080050e5   Thumb Code    78  heap_4.o(i.prvInsertBlockIntoFreeList)
    i.prvInsertTimerInActiveList             0x08005138   Section        0  timers.o(i.prvInsertTimerInActiveList)
    prvInsertTimerInActiveList               0x08005139   Thumb Code    60  timers.o(i.prvInsertTimerInActiveList)
    i.prvIsQueueEmpty                        0x08005178   Section        0  queue.o(i.prvIsQueueEmpty)
    prvIsQueueEmpty                          0x08005179   Thumb Code    26  queue.o(i.prvIsQueueEmpty)
    i.prvIsQueueFull                         0x08005192   Section        0  queue.o(i.prvIsQueueFull)
    prvIsQueueFull                           0x08005193   Thumb Code    30  queue.o(i.prvIsQueueFull)
    i.prvProcessExpiredTimer                 0x080051b0   Section        0  timers.o(i.prvProcessExpiredTimer)
    prvProcessExpiredTimer                   0x080051b1   Thumb Code    88  timers.o(i.prvProcessExpiredTimer)
    i.prvProcessReceivedCommands             0x0800520c   Section        0  timers.o(i.prvProcessReceivedCommands)
    prvProcessReceivedCommands               0x0800520d   Thumb Code   180  timers.o(i.prvProcessReceivedCommands)
    i.prvProcessTimerOrBlockTask             0x080052c4   Section        0  timers.o(i.prvProcessTimerOrBlockTask)
    prvProcessTimerOrBlockTask               0x080052c5   Thumb Code   100  timers.o(i.prvProcessTimerOrBlockTask)
    i.prvResetNextTaskUnblockTime            0x08005330   Section        0  tasks.o(i.prvResetNextTaskUnblockTime)
    prvResetNextTaskUnblockTime              0x08005331   Thumb Code    30  tasks.o(i.prvResetNextTaskUnblockTime)
    i.prvSampleTimeNow                       0x08005354   Section        0  timers.o(i.prvSampleTimeNow)
    prvSampleTimeNow                         0x08005355   Thumb Code    38  timers.o(i.prvSampleTimeNow)
    i.prvSwitchTimerLists                    0x08005380   Section        0  timers.o(i.prvSwitchTimerLists)
    prvSwitchTimerLists                      0x08005381   Thumb Code   104  timers.o(i.prvSwitchTimerLists)
    i.prvTaskExitError                       0x080053ec   Section        0  port.o(i.prvTaskExitError)
    prvTaskExitError                         0x080053ed   Thumb Code    40  port.o(i.prvTaskExitError)
    i.prvTimerTask                           0x08005418   Section        0  timers.o(i.prvTimerTask)
    prvTimerTask                             0x08005419   Thumb Code    20  timers.o(i.prvTimerTask)
    i.prvUnlockQueue                         0x0800542c   Section        0  queue.o(i.prvUnlockQueue)
    prvUnlockQueue                           0x0800542d   Thumb Code   106  queue.o(i.prvUnlockQueue)
    i.pvPortMalloc                           0x08005498   Section        0  heap_4.o(i.pvPortMalloc)
    i.pvTaskIncrementMutexHeldCount          0x0800556c   Section        0  tasks.o(i.pvTaskIncrementMutexHeldCount)
    i.pxPortInitialiseStack                  0x08005584   Section        0  port.o(i.pxPortInitialiseStack)
    i.uxListRemove                           0x080055a8   Section        0  list.o(i.uxListRemove)
    i.vListInitialise                        0x080055cc   Section        0  list.o(i.vListInitialise)
    i.vListInitialiseItem                    0x080055e2   Section        0  list.o(i.vListInitialiseItem)
    i.vListInsert                            0x080055e8   Section        0  list.o(i.vListInsert)
    i.vListInsertEnd                         0x08005618   Section        0  list.o(i.vListInsertEnd)
    i.vPortEnterCritical                     0x08005630   Section        0  port.o(i.vPortEnterCritical)
    i.vPortExitCritical                      0x08005670   Section        0  port.o(i.vPortExitCritical)
    i.vPortFree                              0x0800569c   Section        0  heap_4.o(i.vPortFree)
    i.vPortSetupTimerInterrupt               0x080056f8   Section        0  port.o(i.vPortSetupTimerInterrupt)
    i.vPortValidateInterruptPriority         0x08005718   Section        0  port.o(i.vPortValidateInterruptPriority)
    i.vQueueAddToRegistry                    0x0800576c   Section        0  queue.o(i.vQueueAddToRegistry)
    i.vQueueWaitForMessageRestricted         0x08005790   Section        0  queue.o(i.vQueueWaitForMessageRestricted)
    i.vTaskDelay                             0x080057d8   Section        0  tasks.o(i.vTaskDelay)
    i.vTaskDelete                            0x08005828   Section        0  tasks.o(i.vTaskDelete)
    i.vTaskMissedYield                       0x080058d4   Section        0  tasks.o(i.vTaskMissedYield)
    i.vTaskPlaceOnEventList                  0x080058e0   Section        0  tasks.o(i.vTaskPlaceOnEventList)
    i.vTaskPlaceOnEventListRestricted        0x08005914   Section        0  tasks.o(i.vTaskPlaceOnEventListRestricted)
    i.vTaskPriorityInherit                   0x08005950   Section        0  tasks.o(i.vTaskPriorityInherit)
    i.vTaskSetTimeOutState                   0x080059d8   Section        0  tasks.o(i.vTaskSetTimeOutState)
    i.vTaskStartScheduler                    0x080059fc   Section        0  tasks.o(i.vTaskStartScheduler)
    i.vTaskSuspendAll                        0x08005a6c   Section        0  tasks.o(i.vTaskSuspendAll)
    i.vTaskSwitchContext                     0x08005a7c   Section        0  tasks.o(i.vTaskSwitchContext)
    i.xPortStartScheduler                    0x08005adc   Section        0  port.o(i.xPortStartScheduler)
    i.xQueueGenericCreate                    0x08005bbc   Section        0  queue.o(i.xQueueGenericCreate)
    i.xQueueGenericReceive                   0x08005c00   Section        0  queue.o(i.xQueueGenericReceive)
    i.xQueueGenericReset                     0x08005d88   Section        0  queue.o(i.xQueueGenericReset)
    i.xQueueGenericSend                      0x08005e14   Section        0  queue.o(i.xQueueGenericSend)
    i.xQueueGenericSendFromISR               0x08005f78   Section        0  queue.o(i.xQueueGenericSendFromISR)
    i.xTaskCheckForTimeOut                   0x08006038   Section        0  tasks.o(i.xTaskCheckForTimeOut)
    i.xTaskCreate                            0x080060ac   Section        0  tasks.o(i.xTaskCreate)
    i.xTaskGetSchedulerState                 0x0800610c   Section        0  tasks.o(i.xTaskGetSchedulerState)
    i.xTaskGetTickCount                      0x08006128   Section        0  tasks.o(i.xTaskGetTickCount)
    i.xTaskIncrementTick                     0x08006134   Section        0  tasks.o(i.xTaskIncrementTick)
    i.xTaskPriorityDisinherit                0x08006200   Section        0  tasks.o(i.xTaskPriorityDisinherit)
    i.xTaskRemoveFromEventList               0x08006298   Section        0  tasks.o(i.xTaskRemoveFromEventList)
    i.xTaskResumeAll                         0x08006314   Section        0  tasks.o(i.xTaskResumeAll)
    i.xTimerCreateTimerTask                  0x080063e4   Section        0  timers.o(i.xTimerCreateTimerTask)
    i.xTimerGenericCommand                   0x08006434   Section        0  timers.o(i.xTimerGenericCommand)
    .constdata                               0x0800649c   Section      768  crc.o(.constdata)
    .constdata                               0x0800679c   Section       72  chassismotor.o(.constdata)
    .constdata                               0x080067e4   Section     3604  triangles.o(.constdata)
    .data                                    0x20000000   Section        4  main.o(.data)
    Start_Handler                            0x20000000   Data           4  main.o(.data)
    .data                                    0x20000004   Section       16  taskinit.o(.data)
    .data                                    0x20000014   Section       16  stm32f4xx_rcc.o(.data)
    APBAHBPrescTable                         0x20000014   Data          16  stm32f4xx_rcc.o(.data)
    .data                                    0x20000024   Section       20  system_stm32f4xx.o(.data)
    .data                                    0x20000038   Section       20  timers.o(.data)
    xTimerQueue                              0x20000038   Data           4  timers.o(.data)
    xTimerTaskHandle                         0x2000003c   Data           4  timers.o(.data)
    xLastTime                                0x20000040   Data           4  timers.o(.data)
    pxCurrentTimerList                       0x20000044   Data           4  timers.o(.data)
    pxOverflowTimerList                      0x20000048   Data           4  timers.o(.data)
    .data                                    0x2000004c   Section       60  tasks.o(.data)
    uxDeletedTasksWaitingCleanUp             0x20000050   Data           4  tasks.o(.data)
    uxCurrentNumberOfTasks                   0x20000054   Data           4  tasks.o(.data)
    xTickCount                               0x20000058   Data           4  tasks.o(.data)
    uxTopReadyPriority                       0x2000005c   Data           4  tasks.o(.data)
    xSchedulerRunning                        0x20000060   Data           4  tasks.o(.data)
    uxPendedTicks                            0x20000064   Data           4  tasks.o(.data)
    xYieldPending                            0x20000068   Data           4  tasks.o(.data)
    xNumOfOverflows                          0x2000006c   Data           4  tasks.o(.data)
    uxTaskNumber                             0x20000070   Data           4  tasks.o(.data)
    xNextTaskUnblockTime                     0x20000074   Data           4  tasks.o(.data)
    xIdleTaskHandle                          0x20000078   Data           4  tasks.o(.data)
    uxSchedulerSuspended                     0x2000007c   Data           4  tasks.o(.data)
    pxDelayedTaskList                        0x20000080   Data           4  tasks.o(.data)
    pxOverflowDelayedTaskList                0x20000084   Data           4  tasks.o(.data)
    .data                                    0x20000088   Section       24  heap_4.o(.data)
    pxEnd                                    0x20000088   Data           4  heap_4.o(.data)
    xFreeBytesRemaining                      0x2000008c   Data           4  heap_4.o(.data)
    xMinimumEverFreeBytesRemaining           0x20000090   Data           4  heap_4.o(.data)
    xBlockAllocatedBit                       0x20000094   Data           4  heap_4.o(.data)
    xStart                                   0x20000098   Data           8  heap_4.o(.data)
    .data                                    0x200000a0   Section       12  port.o(.data)
    ucMaxSysCallPriority                     0x200000a0   Data           1  port.o(.data)
    uxCriticalNesting                        0x200000a4   Data           4  port.o(.data)
    ulMaxPRIGROUPValue                       0x200000a8   Data           4  port.o(.data)
    .data                                    0x200000ac   Section        8  can2_isr.o(.data)
    .data                                    0x200000b4   Section        8  tim_isr.o(.data)
    led                                      0x200000b4   Data           1  tim_isr.o(.data)
    .data                                    0x200000bc   Section        2  crc.o(.data)
    .data                                    0x200000c0   Section       20  boardcommuni.o(.data)
    .data                                    0x200000d4   Section       12  chassismotor.o(.data)
    dir                                      0x200000d4   Data           1  chassismotor.o(.data)
    lock                                     0x200000d5   Data           1  chassismotor.o(.data)
    last_dire                                0x200000d6   Data           1  chassismotor.o(.data)
    lock                                     0x200000d7   Data           1  chassismotor.o(.data)
    last_dire                                0x200000d8   Data           1  chassismotor.o(.data)
    Y_offset                                 0x200000da   Data           2  chassismotor.o(.data)
    clock                                    0x200000dc   Data           2  chassismotor.o(.data)
    clock                                    0x200000de   Data           2  chassismotor.o(.data)
    .data                                    0x200000e0   Section        1  remotedeal.o(.data)
    _s1                                      0x200000e0   Data           1  remotedeal.o(.data)
    .data                                    0x200000e2   Section        2  detect_task.o(.data)
    .data                                    0x200000e4   Section        2  mathlib.o(.data)
    MAX_I                                    0x200000e4   Data           2  mathlib.o(.data)
    .bss                                     0x200000e8   Section       44  hardwareinit.o(.bss)
    Hardware                                 0x200000e8   Data          44  hardwareinit.o(.bss)
    .bss                                     0x20000114   Section       40  timers.o(.bss)
    xActiveTimerList1                        0x20000114   Data          20  timers.o(.bss)
    xActiveTimerList2                        0x20000128   Data          20  timers.o(.bss)
    .bss                                     0x2000013c   Section      420  tasks.o(.bss)
    pxReadyTasksLists                        0x2000013c   Data         320  tasks.o(.bss)
    xDelayedTaskList1                        0x2000027c   Data          20  tasks.o(.bss)
    xDelayedTaskList2                        0x20000290   Data          20  tasks.o(.bss)
    xPendingReadyList                        0x200002a4   Data          20  tasks.o(.bss)
    xTasksWaitingTermination                 0x200002b8   Data          20  tasks.o(.bss)
    xSuspendedTaskList                       0x200002cc   Data          20  tasks.o(.bss)
    .bss                                     0x200002e0   Section       64  queue.o(.bss)
    .bss                                     0x20000320   Section    76800  heap_4.o(.bss)
    ucHeap                                   0x20000320   Data       76800  heap_4.o(.bss)
    .bss                                     0x20012f20   Section      274  usart.o(.bss)
    .bss                                     0x20013032   Section      344  can1_isr.o(.bss)
    .bss                                     0x2001318a   Section      133  can2_isr.o(.bss)
    .bss                                     0x2001320f   Section       49  gyro_isr.o(.bss)
    GYRO_G                                   0x2001320f   Data          24  gyro_isr.o(.bss)
    gyro_receive                             0x20013227   Data          25  gyro_isr.o(.bss)
    .bss                                     0x20013240   Section       31  remote_isr.o(.bss)
    .bss                                     0x2001325f   Section       63  vision_isr.o(.bss)
    Vision                                   0x2001325f   Data          31  vision_isr.o(.bss)
    VISION_DATA                              0x2001327e   Data          32  vision_isr.o(.bss)
    .bss                                     0x2001329e   Section      149  pyr_isr.o(.bss)
    .bss                                     0x20013333   Section      420  referee_isr.o(.bss)
    .bss                                     0x200134d7   Section      103  remotedeal.o(.bss)
    .bss                                     0x2001353e   Section     1226  chassis_task.o(.bss)
    .bss                                     0x20013a08   Section      208  chassis_fsm.o(.bss)
    .bss                                     0x20013ad8   Section      366  gimbal_task.o(.bss)
    STACK                                    0x20013c48   Section     1024  startup_stm32f40_41xxx.o(STACK)

    Global Symbols

    Symbol Name                              Value     Ov Type        Size  Object(Section)

    BuildAttributes$$THM_ISAv4$E$P$D$K$B$S$7EM$VFPi3$EXTD16$VFPS$VFMA$PE$A:L22UL41UL21$X:L11$S22US41US21$IEEE1$IW$USESV6$~STKCKD$USESV7$~SHL$OTIME$ROPI$EBA8$MICROLIB$REQ8$PRES8$EABIv2 0x00000000   Number         0  anon$$obj.o ABSOLUTE
    __ARM_use_no_argv                        0x00000000   Number         0  main.o ABSOLUTE
    __cpp_initialize__aeabi_                  - Undefined Weak Reference
    __cxa_finalize                            - Undefined Weak Reference
    __decompress                              - Undefined Weak Reference
    _clock_init                               - Undefined Weak Reference
    _microlib_exit                            - Undefined Weak Reference
    __Vectors_Size                           0x00000188   Number         0  startup_stm32f40_41xxx.o ABSOLUTE
    __Vectors                                0x08000000   Data           4  startup_stm32f40_41xxx.o(RESET)
    __Vectors_End                            0x08000188   Data           0  startup_stm32f40_41xxx.o(RESET)
    __main                                   0x08000189   Thumb Code     0  entry.o(.ARM.Collect$$$$00000000)
    _main_stk                                0x08000189   Thumb Code     0  entry2.o(.ARM.Collect$$$$00000001)
    _main_scatterload                        0x0800018d   Thumb Code     0  entry5.o(.ARM.Collect$$$$00000004)
    __main_after_scatterload                 0x08000191   Thumb Code     0  entry5.o(.ARM.Collect$$$$00000004)
    _main_clock                              0x08000191   Thumb Code     0  entry7b.o(.ARM.Collect$$$$00000008)
    _main_cpp_init                           0x08000191   Thumb Code     0  entry8b.o(.ARM.Collect$$$$0000000A)
    _main_init                               0x08000191   Thumb Code     0  entry9a.o(.ARM.Collect$$$$0000000B)
    __rt_final_cpp                           0x08000199   Thumb Code     0  entry10a.o(.ARM.Collect$$$$0000000D)
    __rt_final_exit                          0x08000199   Thumb Code     0  entry11a.o(.ARM.Collect$$$$0000000F)
    SVC_Handler                              0x0800019d   Thumb Code    28  port.o(.emb_text)
    __asm___6_port_c_39a90d8d__prvStartFirstTask 0x080001bd   Thumb Code    28  port.o(.emb_text)
    __asm___6_port_c_39a90d8d__prvEnableVFP  0x080001dd   Thumb Code    16  port.o(.emb_text)
    PendSV_Handler                           0x080001f1   Thumb Code    88  port.o(.emb_text)
    vPortGetIPSR                             0x0800024d   Thumb Code     6  port.o(.emb_text)
    Reset_Handler                            0x08000255   Thumb Code     8  startup_stm32f40_41xxx.o(.text)
    ADC_IRQHandler                           0x0800026f   Thumb Code     0  startup_stm32f40_41xxx.o(.text)
    CAN1_RX1_IRQHandler                      0x0800026f   Thumb Code     0  startup_stm32f40_41xxx.o(.text)
    CAN1_SCE_IRQHandler                      0x0800026f   Thumb Code     0  startup_stm32f40_41xxx.o(.text)
    CAN1_TX_IRQHandler                       0x0800026f   Thumb Code     0  startup_stm32f40_41xxx.o(.text)
    CAN2_RX1_IRQHandler                      0x0800026f   Thumb Code     0  startup_stm32f40_41xxx.o(.text)
    CAN2_SCE_IRQHandler                      0x0800026f   Thumb Code     0  startup_stm32f40_41xxx.o(.text)
    CAN2_TX_IRQHandler                       0x0800026f   Thumb Code     0  startup_stm32f40_41xxx.o(.text)
    CRYP_IRQHandler                          0x0800026f   Thumb Code     0  startup_stm32f40_41xxx.o(.text)
    DCMI_IRQHandler                          0x0800026f   Thumb Code     0  startup_stm32f40_41xxx.o(.text)
    DMA1_Stream0_IRQHandler                  0x0800026f   Thumb Code     0  startup_stm32f40_41xxx.o(.text)
    DMA1_Stream1_IRQHandler                  0x0800026f   Thumb Code     0  startup_stm32f40_41xxx.o(.text)
    DMA1_Stream2_IRQHandler                  0x0800026f   Thumb Code     0  startup_stm32f40_41xxx.o(.text)
    DMA1_Stream3_IRQHandler                  0x0800026f   Thumb Code     0  startup_stm32f40_41xxx.o(.text)
    DMA1_Stream4_IRQHandler                  0x0800026f   Thumb Code     0  startup_stm32f40_41xxx.o(.text)
    DMA1_Stream5_IRQHandler                  0x0800026f   Thumb Code     0  startup_stm32f40_41xxx.o(.text)
    DMA1_Stream6_IRQHandler                  0x0800026f   Thumb Code     0  startup_stm32f40_41xxx.o(.text)
    DMA1_Stream7_IRQHandler                  0x0800026f   Thumb Code     0  startup_stm32f40_41xxx.o(.text)
    DMA2_Stream0_IRQHandler                  0x0800026f   Thumb Code     0  startup_stm32f40_41xxx.o(.text)
    DMA2_Stream2_IRQHandler                  0x0800026f   Thumb Code     0  startup_stm32f40_41xxx.o(.text)
    DMA2_Stream3_IRQHandler                  0x0800026f   Thumb Code     0  startup_stm32f40_41xxx.o(.text)
    DMA2_Stream4_IRQHandler                  0x0800026f   Thumb Code     0  startup_stm32f40_41xxx.o(.text)
    DMA2_Stream6_IRQHandler                  0x0800026f   Thumb Code     0  startup_stm32f40_41xxx.o(.text)
    DMA2_Stream7_IRQHandler                  0x0800026f   Thumb Code     0  startup_stm32f40_41xxx.o(.text)
    ETH_IRQHandler                           0x0800026f   Thumb Code     0  startup_stm32f40_41xxx.o(.text)
    ETH_WKUP_IRQHandler                      0x0800026f   Thumb Code     0  startup_stm32f40_41xxx.o(.text)
    EXTI0_IRQHandler                         0x0800026f   Thumb Code     0  startup_stm32f40_41xxx.o(.text)
    EXTI15_10_IRQHandler                     0x0800026f   Thumb Code     0  startup_stm32f40_41xxx.o(.text)
    EXTI1_IRQHandler                         0x0800026f   Thumb Code     0  startup_stm32f40_41xxx.o(.text)
    EXTI2_IRQHandler                         0x0800026f   Thumb Code     0  startup_stm32f40_41xxx.o(.text)
    EXTI3_IRQHandler                         0x0800026f   Thumb Code     0  startup_stm32f40_41xxx.o(.text)
    EXTI4_IRQHandler                         0x0800026f   Thumb Code     0  startup_stm32f40_41xxx.o(.text)
    EXTI9_5_IRQHandler                       0x0800026f   Thumb Code     0  startup_stm32f40_41xxx.o(.text)
    FLASH_IRQHandler                         0x0800026f   Thumb Code     0  startup_stm32f40_41xxx.o(.text)
    FPU_IRQHandler                           0x0800026f   Thumb Code     0  startup_stm32f40_41xxx.o(.text)
    FSMC_IRQHandler                          0x0800026f   Thumb Code     0  startup_stm32f40_41xxx.o(.text)
    HASH_RNG_IRQHandler                      0x0800026f   Thumb Code     0  startup_stm32f40_41xxx.o(.text)
    I2C1_ER_IRQHandler                       0x0800026f   Thumb Code     0  startup_stm32f40_41xxx.o(.text)
    I2C1_EV_IRQHandler                       0x0800026f   Thumb Code     0  startup_stm32f40_41xxx.o(.text)
    I2C2_ER_IRQHandler                       0x0800026f   Thumb Code     0  startup_stm32f40_41xxx.o(.text)
    I2C2_EV_IRQHandler                       0x0800026f   Thumb Code     0  startup_stm32f40_41xxx.o(.text)
    I2C3_ER_IRQHandler                       0x0800026f   Thumb Code     0  startup_stm32f40_41xxx.o(.text)
    I2C3_EV_IRQHandler                       0x0800026f   Thumb Code     0  startup_stm32f40_41xxx.o(.text)
    OTG_FS_IRQHandler                        0x0800026f   Thumb Code     0  startup_stm32f40_41xxx.o(.text)
    OTG_FS_WKUP_IRQHandler                   0x0800026f   Thumb Code     0  startup_stm32f40_41xxx.o(.text)
    OTG_HS_EP1_IN_IRQHandler                 0x0800026f   Thumb Code     0  startup_stm32f40_41xxx.o(.text)
    OTG_HS_EP1_OUT_IRQHandler                0x0800026f   Thumb Code     0  startup_stm32f40_41xxx.o(.text)
    OTG_HS_IRQHandler                        0x0800026f   Thumb Code     0  startup_stm32f40_41xxx.o(.text)
    OTG_HS_WKUP_IRQHandler                   0x0800026f   Thumb Code     0  startup_stm32f40_41xxx.o(.text)
    PVD_IRQHandler                           0x0800026f   Thumb Code     0  startup_stm32f40_41xxx.o(.text)
    RCC_IRQHandler                           0x0800026f   Thumb Code     0  startup_stm32f40_41xxx.o(.text)
    RTC_Alarm_IRQHandler                     0x0800026f   Thumb Code     0  startup_stm32f40_41xxx.o(.text)
    RTC_WKUP_IRQHandler                      0x0800026f   Thumb Code     0  startup_stm32f40_41xxx.o(.text)
    SDIO_IRQHandler                          0x0800026f   Thumb Code     0  startup_stm32f40_41xxx.o(.text)
    SPI1_IRQHandler                          0x0800026f   Thumb Code     0  startup_stm32f40_41xxx.o(.text)
    SPI2_IRQHandler                          0x0800026f   Thumb Code     0  startup_stm32f40_41xxx.o(.text)
    SPI3_IRQHandler                          0x0800026f   Thumb Code     0  startup_stm32f40_41xxx.o(.text)
    TAMP_STAMP_IRQHandler                    0x0800026f   Thumb Code     0  startup_stm32f40_41xxx.o(.text)
    TIM1_BRK_TIM9_IRQHandler                 0x0800026f   Thumb Code     0  startup_stm32f40_41xxx.o(.text)
    TIM1_CC_IRQHandler                       0x0800026f   Thumb Code     0  startup_stm32f40_41xxx.o(.text)
    TIM1_TRG_COM_TIM11_IRQHandler            0x0800026f   Thumb Code     0  startup_stm32f40_41xxx.o(.text)
    TIM1_UP_TIM10_IRQHandler                 0x0800026f   Thumb Code     0  startup_stm32f40_41xxx.o(.text)
    TIM2_IRQHandler                          0x0800026f   Thumb Code     0  startup_stm32f40_41xxx.o(.text)
    TIM4_IRQHandler                          0x0800026f   Thumb Code     0  startup_stm32f40_41xxx.o(.text)
    TIM5_IRQHandler                          0x0800026f   Thumb Code     0  startup_stm32f40_41xxx.o(.text)
    TIM6_DAC_IRQHandler                      0x0800026f   Thumb Code     0  startup_stm32f40_41xxx.o(.text)
    TIM7_IRQHandler                          0x0800026f   Thumb Code     0  startup_stm32f40_41xxx.o(.text)
    TIM8_BRK_TIM12_IRQHandler                0x0800026f   Thumb Code     0  startup_stm32f40_41xxx.o(.text)
    TIM8_CC_IRQHandler                       0x0800026f   Thumb Code     0  startup_stm32f40_41xxx.o(.text)
    TIM8_TRG_COM_TIM14_IRQHandler            0x0800026f   Thumb Code     0  startup_stm32f40_41xxx.o(.text)
    TIM8_UP_TIM13_IRQHandler                 0x0800026f   Thumb Code     0  startup_stm32f40_41xxx.o(.text)
    UART5_IRQHandler                         0x0800026f   Thumb Code     0  startup_stm32f40_41xxx.o(.text)
    USART1_IRQHandler                        0x0800026f   Thumb Code     0  startup_stm32f40_41xxx.o(.text)
    WWDG_IRQHandler                          0x0800026f   Thumb Code     0  startup_stm32f40_41xxx.o(.text)
    __aeabi_memcpy                           0x08000279   Thumb Code    36  memcpya.o(.text)
    __aeabi_memcpy4                          0x08000279   Thumb Code     0  memcpya.o(.text)
    __aeabi_memcpy8                          0x08000279   Thumb Code     0  memcpya.o(.text)
    __aeabi_memset                           0x0800029d   Thumb Code    14  memseta.o(.text)
    __aeabi_memset4                          0x0800029d   Thumb Code     0  memseta.o(.text)
    __aeabi_memset8                          0x0800029d   Thumb Code     0  memseta.o(.text)
    __aeabi_memclr                           0x080002ab   Thumb Code     4  memseta.o(.text)
    __aeabi_memclr4                          0x080002ab   Thumb Code     0  memseta.o(.text)
    __aeabi_memclr8                          0x080002ab   Thumb Code     0  memseta.o(.text)
    _memset$wrapper                          0x080002af   Thumb Code    18  memseta.o(.text)
    __aeabi_dmul                             0x080002c1   Thumb Code   228  dmul.o(.text)
    __aeabi_ddiv                             0x080003a5   Thumb Code   222  ddiv.o(.text)
    __aeabi_i2d                              0x08000483   Thumb Code    34  dflti.o(.text)
    __aeabi_ui2d                             0x080004a5   Thumb Code    26  dfltui.o(.text)
    __aeabi_d2f                              0x080004bf   Thumb Code    56  d2f.o(.text)
    __I$use$fp                               0x080004f7   Thumb Code     0  iusefp.o(.text)
    _float_round                             0x080004f7   Thumb Code    18  fepilogue.o(.text)
    _float_epilogue                          0x08000509   Thumb Code    92  fepilogue.o(.text)
    _double_round                            0x08000565   Thumb Code    30  depilogue.o(.text)
    _double_epilogue                         0x08000583   Thumb Code   156  depilogue.o(.text)
    __scatterload                            0x08000621   Thumb Code    28  init.o(.text)
    __scatterload_rt2                        0x08000621   Thumb Code     0  init.o(.text)
    __aeabi_llsl                             0x08000645   Thumb Code    30  llshl.o(.text)
    _ll_shift_l                              0x08000645   Thumb Code     0  llshl.o(.text)
    __aeabi_llsr                             0x08000663   Thumb Code    32  llushr.o(.text)
    _ll_ushift_r                             0x08000663   Thumb Code     0  llushr.o(.text)
    BoardCommuni_DataUpdate                  0x08000685   Thumb Code    44  boardcommuni.o(i.BoardCommuni_DataUpdate)
    BoardCommuni_Init                        0x080006b5   Thumb Code    18  boardcommuni.o(i.BoardCommuni_Init)
    BusFault_Handler                         0x080006cd   Thumb Code     2  stm32f4xx_it.o(i.BusFault_Handler)
    CAN1_201_To_204_SEND                     0x080006d1   Thumb Code   110  can1_isr.o(i.CAN1_201_To_204_SEND)
    CAN1_205_To_206_SEND                     0x08000745   Thumb Code    90  can1_isr.o(i.CAN1_205_To_206_SEND)
    CAN1_207_To_208_SEND                     0x080007a5   Thumb Code    90  can1_isr.o(i.CAN1_207_To_208_SEND)
    CAN1_Init_GPIOD_IO0_IO1                  0x08000805   Thumb Code   234  can.o(i.CAN1_Init_GPIOD_IO0_IO1)
    CAN1_RX0_IRQHandler                      0x080008f9   Thumb Code   440  can1_isr.o(i.CAN1_RX0_IRQHandler)
    CAN1_SEND_6020_7                         0x08000ac1   Thumb Code   104  can1_isr.o(i.CAN1_SEND_6020_7)
    CAN2_205_To_208_SEND                     0x08000b2d   Thumb Code   110  can2_isr.o(i.CAN2_205_To_208_SEND)
    CAN2_Init_GPIOB_IO5_IO6                  0x08000ba1   Thumb Code   236  can.o(i.CAN2_Init_GPIOB_IO5_IO6)
    CAN2_RX0_IRQHandler                      0x08000c95   Thumb Code   152  can2_isr.o(i.CAN2_RX0_IRQHandler)
    CAN2_To_Board                            0x08000d39   Thumb Code   114  can2_isr.o(i.CAN2_To_Board)
    CAN_ClearFlag                            0x08000db1   Thumb Code    44  stm32f4xx_can.o(i.CAN_ClearFlag)
    CAN_ClearITPendingBit                    0x08000de1   Thumb Code   132  stm32f4xx_can.o(i.CAN_ClearITPendingBit)
    CAN_DATA_Encoder_Deal                    0x08000e69   Thumb Code   334  encoder.o(i.CAN_DATA_Encoder_Deal)
    CAN_DATA_Speed_Deal                      0x08000fc1   Thumb Code    14  encoder.o(i.CAN_DATA_Speed_Deal)
    CAN_DeInit                               0x08000fd1   Thumb Code    52  stm32f4xx_can.o(i.CAN_DeInit)
    CAN_FilterInit                           0x08001009   Thumb Code   202  stm32f4xx_can.o(i.CAN_FilterInit)
    CAN_GetITStatus                          0x080010dd   Thumb Code   200  stm32f4xx_can.o(i.CAN_GetITStatus)
    CAN_ITConfig                             0x080011a9   Thumb Code    20  stm32f4xx_can.o(i.CAN_ITConfig)
    CAN_Init                                 0x080011bd   Thumb Code   260  stm32f4xx_can.o(i.CAN_Init)
    CAN_Receive                              0x080012c1   Thumb Code   130  stm32f4xx_can.o(i.CAN_Receive)
    CAN_StructInit                           0x08001343   Thumb Code    32  stm32f4xx_can.o(i.CAN_StructInit)
    CAN_Transmit                             0x08001363   Thumb Code   182  stm32f4xx_can.o(i.CAN_Transmit)
    CAN_TransmitStatus                       0x08001419   Thumb Code   116  stm32f4xx_can.o(i.CAN_TransmitStatus)
    Chassis_Auto_Drive                       0x080014d5   Thumb Code   552  chassismotor.o(i.Chassis_Auto_Drive)
    Chassis_Barrier                          0x0800170d   Thumb Code   242  chassismotor.o(i.Chassis_Barrier)
    Chassis_FSM_Init                         0x08001805   Thumb Code   190  chassis_fsm.o(i.Chassis_FSM_Init)
    Chassis_Indepen_Drive                    0x08001905   Thumb Code   612  chassismotor.o(i.Chassis_Indepen_Drive)
    Chassis_Poweroff_Drive                   0x08001c25   Thumb Code    36  chassismotor.o(i.Chassis_Poweroff_Drive)
    Chassis_Rescue                           0x08001c49   Thumb Code   328  chassismotor.o(i.Chassis_Rescue)
    Chassis_Rotation_Drive                   0x08001d9d   Thumb Code   530  chassismotor.o(i.Chassis_Rotation_Drive)
    Chassis_Straight_Drive                   0x08001fb5   Thumb Code   204  chassismotor.o(i.Chassis_Straight_Drive)
    Chassis_Task                             0x08002089   Thumb Code    40  chassis_task.o(i.Chassis_Task)
    Chassis_Wiggle_Drive                     0x080020b5   Thumb Code   732  chassismotor.o(i.Chassis_Wiggle_Drive)
    DMA2_Stream1_IRQHandler                  0x080023a9   Thumb Code    48  remote_isr.o(i.DMA2_Stream1_IRQHandler)
    DMA2_Stream5_IRQHandler                  0x080023e9   Thumb Code    48  remote_isr.o(i.DMA2_Stream5_IRQHandler)
    DMA_ClearFlag                            0x08002429   Thumb Code    32  stm32f4xx_dma.o(i.DMA_ClearFlag)
    DMA_ClearITPendingBit                    0x08002455   Thumb Code    32  stm32f4xx_dma.o(i.DMA_ClearITPendingBit)
    DMA_Cmd                                  0x08002481   Thumb Code    24  stm32f4xx_dma.o(i.DMA_Cmd)
    DMA_DeInit                               0x08002499   Thumb Code   278  stm32f4xx_dma.o(i.DMA_DeInit)
    DMA_GetCmdStatus                         0x080025c5   Thumb Code    14  stm32f4xx_dma.o(i.DMA_GetCmdStatus)
    DMA_GetCurrDataCounter                   0x080025d3   Thumb Code     6  stm32f4xx_dma.o(i.DMA_GetCurrDataCounter)
    DMA_GetFlagStatus                        0x080025d9   Thumb Code    40  stm32f4xx_dma.o(i.DMA_GetFlagStatus)
    DMA_ITConfig                             0x0800260d   Thumb Code    50  stm32f4xx_dma.o(i.DMA_ITConfig)
    DMA_Init                                 0x08002641   Thumb Code    80  stm32f4xx_dma.o(i.DMA_Init)
    DMA_SetCurrDataCounter                   0x08002695   Thumb Code     4  stm32f4xx_dma.o(i.DMA_SetCurrDataCounter)
    Dead_Zone                                0x08002699   Thumb Code    20  mathlib.o(i.Dead_Zone)
    DebugMon_Handler                         0x080026ad   Thumb Code     2  stm32f4xx_it.o(i.DebugMon_Handler)
    Detect_Task                              0x080026b1   Thumb Code   186  detect_task.o(i.Detect_Task)
    EncoderValZero                           0x0800277d   Thumb Code    46  encoder.o(i.EncoderValZero)
    FSM_Deal                                 0x080027ab   Thumb Code    80  fsm.o(i.FSM_Deal)
    First_Order                              0x080027fb   Thumb Code    56  filterlib.o(i.First_Order)
    First_Order_Init                         0x08002833   Thumb Code    16  filterlib.o(i.First_Order_Init)
    GPIO_Init                                0x0800289b   Thumb Code   124  stm32f4xx_gpio.o(i.GPIO_Init)
    GPIO_PinAFConfig                         0x08002917   Thumb Code    32  stm32f4xx_gpio.o(i.GPIO_PinAFConfig)
    GPIO_ResetBits                           0x08002937   Thumb Code     4  stm32f4xx_gpio.o(i.GPIO_ResetBits)
    GPIO_SetBits                             0x0800293b   Thumb Code     4  stm32f4xx_gpio.o(i.GPIO_SetBits)
    GPIO_ToggleBits                          0x0800293f   Thumb Code     8  stm32f4xx_gpio.o(i.GPIO_ToggleBits)
    Get_CRC16_Check_Sum                      0x08002971   Thumb Code    44  crc.o(i.Get_CRC16_Check_Sum)
    Get_CRC8_Check_Sum                       0x080029a1   Thumb Code    24  crc.o(i.Get_CRC8_Check_Sum)
    Gimbal_Task                              0x080029bd   Thumb Code    28  gimbal_task.o(i.Gimbal_Task)
    HardFault_Handler                        0x080029dd   Thumb Code     2  stm32f4xx_it.o(i.HardFault_Handler)
    HardwareInit                             0x080029e1   Thumb Code    70  hardwareinit.o(i.HardwareInit)
    IWDG_Enable                              0x08002a75   Thumb Code    10  stm32f4xx_iwdg.o(i.IWDG_Enable)
    IWDG_Init                                0x08002a85   Thumb Code    38  iwdg.o(i.IWDG_Init)
    IWDG_ReloadCounter                       0x08002aad   Thumb Code    10  stm32f4xx_iwdg.o(i.IWDG_ReloadCounter)
    IWDG_SetPrescaler                        0x08002abd   Thumb Code     6  stm32f4xx_iwdg.o(i.IWDG_SetPrescaler)
    IWDG_SetReload                           0x08002ac9   Thumb Code     6  stm32f4xx_iwdg.o(i.IWDG_SetReload)
    IWDG_WriteAccessCmd                      0x08002ad5   Thumb Code     6  stm32f4xx_iwdg.o(i.IWDG_WriteAccessCmd)
    LED_Init                                 0x08002f0d   Thumb Code    94  gpio.o(i.LED_Init)
    MemManage_Handler                        0x08002f75   Thumb Code     2  stm32f4xx_it.o(i.MemManage_Handler)
    MotorValZero                             0x08002f79   Thumb Code    98  motor.o(i.MotorValZero)
    NMI_Handler                              0x08002fe1   Thumb Code     2  stm32f4xx_it.o(i.NMI_Handler)
    NVIC_Init                                0x08002fe5   Thumb Code    98  misc.o(i.NVIC_Init)
    PID_DEAL                                 0x0800307d   Thumb Code   312  pid.o(i.PID_DEAL)
    PID_INIT                                 0x080031b9   Thumb Code    66  pid.o(i.PID_INIT)
    PY_Motor                                 0x080033a9   Thumb Code   328  gimbalmotor.o(i.PY_Motor)
    PY_Motor_Init                            0x08003509   Thumb Code   254  gimbalmotor.o(i.PY_Motor_Init)
    RCC_AHB1PeriphClockCmd                   0x08003629   Thumb Code    22  stm32f4xx_rcc.o(i.RCC_AHB1PeriphClockCmd)
    RCC_APB1PeriphClockCmd                   0x08003645   Thumb Code    22  stm32f4xx_rcc.o(i.RCC_APB1PeriphClockCmd)
    RCC_APB1PeriphResetCmd                   0x08003661   Thumb Code    22  stm32f4xx_rcc.o(i.RCC_APB1PeriphResetCmd)
    RCC_APB2PeriphClockCmd                   0x0800367d   Thumb Code    22  stm32f4xx_rcc.o(i.RCC_APB2PeriphClockCmd)
    RCC_APB2PeriphResetCmd                   0x08003699   Thumb Code    22  stm32f4xx_rcc.o(i.RCC_APB2PeriphResetCmd)
    RCC_GetClocksFreq                        0x080036b5   Thumb Code   146  stm32f4xx_rcc.o(i.RCC_GetClocksFreq)
    RETURN_MAX                               0x08003829   Thumb Code    66  mathlib.o(i.RETURN_MAX)
    RefereeDataDeal                          0x080039a5   Thumb Code   210  referee_isr.o(i.RefereeDataDeal)
    Remote_Data_Deal                         0x08003a7d   Thumb Code    58  remotedeal.o(i.Remote_Data_Deal)
    Remote_Data_Init                         0x08003ac1   Thumb Code   108  remotedeal.o(i.Remote_Data_Init)
    Remote_Task                              0x08003b9d   Thumb Code    24  remote_task.o(i.Remote_Task)
    Return_CAN2_Board_Data                   0x08003bd1   Thumb Code     4  can2_isr.o(i.Return_CAN2_Board_Data)
    Return_Can1_201_208_Encoder              0x08003bd9   Thumb Code    66  can1_isr.o(i.Return_Can1_201_208_Encoder)
    Return_Can2_206_Encoder                  0x08003c25   Thumb Code     4  can2_isr.o(i.Return_Can2_206_Encoder)
    Return_Chassis_FSM                       0x08003c2d   Thumb Code     4  chassis_fsm.o(i.Return_Chassis_FSM)
    Return_PYR_t                             0x08003c35   Thumb Code     4  pyr_isr.o(i.Return_PYR_t)
    Return_RemoteDeal_Point                  0x08003c3d   Thumb Code     4  remotedeal.o(i.Return_RemoteDeal_Point)
    Return_Remote_Point                      0x08003c45   Thumb Code     4  remote_isr.o(i.Return_Remote_Point)
    SWITCH_Init                              0x08003c9d   Thumb Code    46  gpio.o(i.SWITCH_Init)
    Send_Ctrl_To_Board                       0x08003cd1   Thumb Code    40  boardcommuni.o(i.Send_Ctrl_To_Board)
    Send_RC_To_Board                         0x08003cfd   Thumb Code   108  boardcommuni.o(i.Send_RC_To_Board)
    StateChange                              0x08003e45   Thumb Code    12  fsm.o(i.StateChange)
    SysTick_Handler                          0x08003e51   Thumb Code    38  port.o(i.SysTick_Handler)
    SystemInit                               0x08003e7d   Thumb Code    74  system_stm32f4xx.o(i.SystemInit)
    TIM3_IRQHandler                          0x08003ed9   Thumb Code   124  tim_isr.o(i.TIM3_IRQHandler)
    TIM3_Init                                0x08003f61   Thumb Code    88  tim.o(i.TIM3_Init)
    TIM_ClearITPendingBit                    0x08003fbd   Thumb Code     6  stm32f4xx_tim.o(i.TIM_ClearITPendingBit)
    TIM_Cmd                                  0x08003fc3   Thumb Code    24  stm32f4xx_tim.o(i.TIM_Cmd)
    TIM_GetITStatus                          0x08003fdb   Thumb Code    24  stm32f4xx_tim.o(i.TIM_GetITStatus)
    TIM_ITConfig                             0x08003ff3   Thumb Code    20  stm32f4xx_tim.o(i.TIM_ITConfig)
    TIM_TimeBaseInit                         0x08004009   Thumb Code    96  stm32f4xx_tim.o(i.TIM_TimeBaseInit)
    TaskInit                                 0x080040bd   Thumb Code    92  taskinit.o(i.TaskInit)
    UART4_GYRO_INIT_PC11_RX_PC10_TX          0x08004161   Thumb Code   248  usart.o(i.UART4_GYRO_INIT_PC11_RX_PC10_TX)
    UART4_IRQHandler                         0x0800426d   Thumb Code   112  pyr_isr.o(i.UART4_IRQHandler)
    USART1_RC_INIT_PA10_RX                   0x080042ed   Thumb Code   250  usart.o(i.USART1_RC_INIT_PA10_RX)
    USART2_IRQHandler                        0x08004401   Thumb Code   104  gyro_isr.o(i.USART2_IRQHandler)
    USART3_IRQHandler                        0x08004479   Thumb Code   110  vision_isr.o(i.USART3_IRQHandler)
    USART6_IRQHandler                        0x080044f9   Thumb Code   112  referee_isr.o(i.USART6_IRQHandler)
    USART_Cmd                                0x08004579   Thumb Code    24  stm32f4xx_usart.o(i.USART_Cmd)
    USART_DMACmd                             0x08004591   Thumb Code    20  stm32f4xx_usart.o(i.USART_DMACmd)
    USART_DeInit                             0x080045a5   Thumb Code   224  stm32f4xx_usart.o(i.USART_DeInit)
    USART_GetITStatus                        0x080046a5   Thumb Code    64  stm32f4xx_usart.o(i.USART_GetITStatus)
    USART_ITConfig                           0x080046e5   Thumb Code    54  stm32f4xx_usart.o(i.USART_ITConfig)
    USART_Init                               0x0800471d   Thumb Code   180  stm32f4xx_usart.o(i.USART_Init)
    UsageFault_Handler                       0x08004805   Thumb Code     2  stm32f4xx_it.o(i.UsageFault_Handler)
    Verify_CRC16_Check_Sum                   0x080048c1   Thumb Code    60  crc.o(i.Verify_CRC16_Check_Sum)
    Verify_CRC8_Check_Sum                    0x08004901   Thumb Code    46  crc.o(i.Verify_CRC8_Check_Sum)
    Wheel_Motor_Init                         0x08004931   Thumb Code   316  chassismotor.o(i.Wheel_Motor_Init)
    __scatterload_copy                       0x08004aed   Thumb Code    14  handlers.o(i.__scatterload_copy)
    __scatterload_null                       0x08004afb   Thumb Code     2  handlers.o(i.__scatterload_null)
    __scatterload_zeroinit                   0x08004afd   Thumb Code    14  handlers.o(i.__scatterload_zeroinit)
    cos_calculate                            0x08004b0d   Thumb Code   156  triangles.o(i.cos_calculate)
    float_abs                                0x08004bc1   Thumb Code    16  mathlib.o(i.float_abs)
    int16_t_abs                              0x08004c99   Thumb Code    10  mathlib.o(i.int16_t_abs)
    limit                                    0x08004ca3   Thumb Code    16  mathlib.o(i.limit)
    main                                     0x08004cb5   Thumb Code    34  main.o(i.main)
    pvPortMalloc                             0x08005499   Thumb Code   208  heap_4.o(i.pvPortMalloc)
    pvTaskIncrementMutexHeldCount            0x0800556d   Thumb Code    20  tasks.o(i.pvTaskIncrementMutexHeldCount)
    pxPortInitialiseStack                    0x08005585   Thumb Code    30  port.o(i.pxPortInitialiseStack)
    uxListRemove                             0x080055a9   Thumb Code    36  list.o(i.uxListRemove)
    vListInitialise                          0x080055cd   Thumb Code    22  list.o(i.vListInitialise)
    vListInitialiseItem                      0x080055e3   Thumb Code     6  list.o(i.vListInitialiseItem)
    vListInsert                              0x080055e9   Thumb Code    48  list.o(i.vListInsert)
    vListInsertEnd                           0x08005619   Thumb Code    24  list.o(i.vListInsertEnd)
    vPortEnterCritical                       0x08005631   Thumb Code    54  port.o(i.vPortEnterCritical)
    vPortExitCritical                        0x08005671   Thumb Code    38  port.o(i.vPortExitCritical)
    vPortFree                                0x0800569d   Thumb Code    88  heap_4.o(i.vPortFree)
    vPortSetupTimerInterrupt                 0x080056f9   Thumb Code    26  port.o(i.vPortSetupTimerInterrupt)
    vPortValidateInterruptPriority           0x08005719   Thumb Code    74  port.o(i.vPortValidateInterruptPriority)
    vQueueAddToRegistry                      0x0800576d   Thumb Code    32  queue.o(i.vQueueAddToRegistry)
    vQueueWaitForMessageRestricted           0x08005791   Thumb Code    70  queue.o(i.vQueueWaitForMessageRestricted)
    vTaskDelay                               0x080057d9   Thumb Code    70  tasks.o(i.vTaskDelay)
    vTaskDelete                              0x08005829   Thumb Code   156  tasks.o(i.vTaskDelete)
    vTaskMissedYield                         0x080058d5   Thumb Code     8  tasks.o(i.vTaskMissedYield)
    vTaskPlaceOnEventList                    0x080058e1   Thumb Code    46  tasks.o(i.vTaskPlaceOnEventList)
    vTaskPlaceOnEventListRestricted          0x08005915   Thumb Code    54  tasks.o(i.vTaskPlaceOnEventListRestricted)
    vTaskPriorityInherit                     0x08005951   Thumb Code   126  tasks.o(i.vTaskPriorityInherit)
    vTaskSetTimeOutState                     0x080059d9   Thumb Code    32  tasks.o(i.vTaskSetTimeOutState)
    vTaskStartScheduler                      0x080059fd   Thumb Code    94  tasks.o(i.vTaskStartScheduler)
    vTaskSuspendAll                          0x08005a6d   Thumb Code    10  tasks.o(i.vTaskSuspendAll)
    vTaskSwitchContext                       0x08005a7d   Thumb Code    86  tasks.o(i.vTaskSwitchContext)
    xPortStartScheduler                      0x08005add   Thumb Code   204  port.o(i.xPortStartScheduler)
    xQueueGenericCreate                      0x08005bbd   Thumb Code    68  queue.o(i.xQueueGenericCreate)
    xQueueGenericReceive                     0x08005c01   Thumb Code   388  queue.o(i.xQueueGenericReceive)
    xQueueGenericReset                       0x08005d89   Thumb Code   134  queue.o(i.xQueueGenericReset)
    xQueueGenericSend                        0x08005e15   Thumb Code   352  queue.o(i.xQueueGenericSend)
    xQueueGenericSendFromISR                 0x08005f79   Thumb Code   190  queue.o(i.xQueueGenericSendFromISR)
    xTaskCheckForTimeOut                     0x08006039   Thumb Code   112  tasks.o(i.xTaskCheckForTimeOut)
    xTaskCreate                              0x080060ad   Thumb Code    96  tasks.o(i.xTaskCreate)
    xTaskGetSchedulerState                   0x0800610d   Thumb Code    24  tasks.o(i.xTaskGetSchedulerState)
    xTaskGetTickCount                        0x08006129   Thumb Code     6  tasks.o(i.xTaskGetTickCount)
    xTaskIncrementTick                       0x08006135   Thumb Code   196  tasks.o(i.xTaskIncrementTick)
    xTaskPriorityDisinherit                  0x08006201   Thumb Code   144  tasks.o(i.xTaskPriorityDisinherit)
    xTaskRemoveFromEventList                 0x08006299   Thumb Code   112  tasks.o(i.xTaskRemoveFromEventList)
    xTaskResumeAll                           0x08006315   Thumb Code   190  tasks.o(i.xTaskResumeAll)
    xTimerCreateTimerTask                    0x080063e5   Thumb Code    62  timers.o(i.xTimerCreateTimerTask)
    xTimerGenericCommand                     0x08006435   Thumb Code    98  timers.o(i.xTimerGenericCommand)
    CRC8_TAB                                 0x0800649c   Data         256  crc.o(.constdata)
    wCRC_Table                               0x0800659c   Data         512  crc.o(.constdata)
    Trigonometric_Functions                  0x080067e4   Data        3604  triangles.o(.constdata)
    Region$$Table$$Base                      0x080075f8   Number         0  anon$$obj.o(Region$$Table)
    Region$$Table$$Limit                     0x08007618   Number         0  anon$$obj.o(Region$$Table)
    Chassis_Handler                          0x20000004   Data           4  taskinit.o(.data)
    Remote_Handler                           0x20000008   Data           4  taskinit.o(.data)
    Gimbal_Handler                           0x2000000c   Data           4  taskinit.o(.data)
    Detect_Handler                           0x20000010   Data           4  taskinit.o(.data)
    SystemCoreClock                          0x20000024   Data           4  system_stm32f4xx.o(.data)
    AHBPrescTable                            0x20000028   Data          16  system_stm32f4xx.o(.data)
    pxCurrentTCB                             0x2000004c   Data           4  tasks.o(.data)
    can2_board_buffer                        0x200000ac   Data           8  can2_isr.o(.data)
    TIM3_I                                   0x200000b6   Data           2  tim_isr.o(.data)
    TIM3_sec                                 0x200000b8   Data           2  tim_isr.o(.data)
    TIM3_min                                 0x200000ba   Data           2  tim_isr.o(.data)
    CRC_INIT                                 0x200000bc   Data           2  crc.o(.data)
    Smooth_L                                 0x200000c0   Data           1  boardcommuni.o(.data)
    Smooth_R                                 0x200000c1   Data           1  boardcommuni.o(.data)
    rc                                       0x200000c4   Data           4  boardcommuni.o(.data)
    Can2_temp                                0x200000c8   Data           4  boardcommuni.o(.data)
    temp                                     0x200000cc   Data           8  boardcommuni.o(.data)
    feed                                     0x200000e2   Data           2  detect_task.o(.data)
    xQueueRegistry                           0x200002e0   Data          64  queue.o(.bss)
    dbus_rx_buffer                           0x20012f20   Data          25  usart.o(.bss)
    gyro_rx_buffer                           0x20012f39   Data          25  usart.o(.bss)
    referee_rx_buffer                        0x20012f52   Data         128  usart.o(.bss)
    vision_rx_buffer                         0x20012fd2   Data          32  usart.o(.bss)
    PYR_rx_buffer                            0x20012ff2   Data          64  usart.o(.bss)
    can1_201_204_buffer                      0x20013032   Data          16  can1_isr.o(.bss)
    can1_205_208_buffer                      0x20013042   Data          16  can1_isr.o(.bss)
    can1_encoder_201                         0x20013052   Data          39  can1_isr.o(.bss)
    can1_encoder_202                         0x20013079   Data          39  can1_isr.o(.bss)
    can1_encoder_203                         0x200130a0   Data          39  can1_isr.o(.bss)
    can1_encoder_204                         0x200130c7   Data          39  can1_isr.o(.bss)
    can1_encoder_205                         0x200130ee   Data          39  can1_isr.o(.bss)
    can1_encoder_206                         0x20013115   Data          39  can1_isr.o(.bss)
    can1_encoder_207                         0x2001313c   Data          39  can1_isr.o(.bss)
    can1_encoder_208                         0x20013163   Data          39  can1_isr.o(.bss)
    can2_205_208_buffer                      0x2001318a   Data          16  can2_isr.o(.bss)
    can2_encoder_205                         0x2001319a   Data          39  can2_isr.o(.bss)
    can2_encoder_206                         0x200131c1   Data          39  can2_isr.o(.bss)
    can2_encoder_207                         0x200131e8   Data          39  can2_isr.o(.bss)
    RC                                       0x20013240   Data          31  remote_isr.o(.bss)
    PYR                                      0x2001329e   Data         149  pyr_isr.o(.bss)
    REFEREE                                  0x20013333   Data         420  referee_isr.o(.bss)
    REMOTE                                   0x200134d7   Data         103  remotedeal.o(.bss)
    Chassis                                  0x2001353e   Data        1226  chassis_task.o(.bss)
    Chassis_FSM                              0x20013a08   Data          16  chassis_fsm.o(.bss)
    OFFLINE                                  0x20013a18   Data          12  chassis_fsm.o(.bss)
    INDEPEN                                  0x20013a24   Data          12  chassis_fsm.o(.bss)
    WIGGLE                                   0x20013a30   Data          12  chassis_fsm.o(.bss)
    ROTATION                                 0x20013a3c   Data          12  chassis_fsm.o(.bss)
    KEYBOARD                                 0x20013a48   Data          12  chassis_fsm.o(.bss)
    CTRL_GRASP                               0x20013a54   Data          12  chassis_fsm.o(.bss)
    RESCUE                                   0x20013a60   Data          12  chassis_fsm.o(.bss)
    Chassis_State_Table                      0x20013a6c   Data         108  chassis_fsm.o(.bss)
    G                                        0x20013ad8   Data         366  gimbal_task.o(.bss)
    __initial_sp                             0x20014048   Data           0  startup_stm32f40_41xxx.o(STACK)



==============================================================================

Memory Map of the image

  Image Entry point : 0x08000189

  Load Region LR_IROM1 (Base: 0x08000000, Size: 0x00007700, Max: 0x00080000, ABSOLUTE)

    Execution Region ER_IROM1 (Exec base: 0x08000000, Load base: 0x08000000, Size: 0x00007618, Max: 0x00080000, ABSOLUTE)

    Exec Addr    Load Addr    Size         Type   Attr      Idx    E Section Name        Object

    0x08000000   0x08000000   0x00000188   Data   RO          440    RESET               startup_stm32f40_41xxx.o
    0x08000188   0x08000188   0x00000000   Code   RO         7678  * .ARM.Collect$$$$00000000  mc_w.l(entry.o)
    0x08000188   0x08000188   0x00000004   Code   RO         7725    .ARM.Collect$$$$00000001  mc_w.l(entry2.o)
    0x0800018c   0x0800018c   0x00000004   Code   RO         7728    .ARM.Collect$$$$00000004  mc_w.l(entry5.o)
    0x08000190   0x08000190   0x00000000   Code   RO         7730    .ARM.Collect$$$$00000008  mc_w.l(entry7b.o)
    0x08000190   0x08000190   0x00000000   Code   RO         7732    .ARM.Collect$$$$0000000A  mc_w.l(entry8b.o)
    0x08000190   0x08000190   0x00000008   Code   RO         7733    .ARM.Collect$$$$0000000B  mc_w.l(entry9a.o)
    0x08000198   0x08000198   0x00000000   Code   RO         7735    .ARM.Collect$$$$0000000D  mc_w.l(entry10a.o)
    0x08000198   0x08000198   0x00000000   Code   RO         7737    .ARM.Collect$$$$0000000F  mc_w.l(entry11a.o)
    0x08000198   0x08000198   0x00000004   Code   RO         7726    .ARM.Collect$$$$00002712  mc_w.l(entry2.o)
    0x0800019c   0x0800019c   0x000000b6   Code   RO         6127    .emb_text           port.o
    0x08000252   0x08000252   0x00000002   PAD
    0x08000254   0x08000254   0x00000024   Code   RO          441    .text               startup_stm32f40_41xxx.o
    0x08000278   0x08000278   0x00000024   Code   RO         7681    .text               mc_w.l(memcpya.o)
    0x0800029c   0x0800029c   0x00000024   Code   RO         7683    .text               mc_w.l(memseta.o)
    0x080002c0   0x080002c0   0x000000e4   Code   RO         7715    .text               mf_w.l(dmul.o)
    0x080003a4   0x080003a4   0x000000de   Code   RO         7717    .text               mf_w.l(ddiv.o)
    0x08000482   0x08000482   0x00000022   Code   RO         7719    .text               mf_w.l(dflti.o)
    0x080004a4   0x080004a4   0x0000001a   Code   RO         7721    .text               mf_w.l(dfltui.o)
    0x080004be   0x080004be   0x00000038   Code   RO         7723    .text               mf_w.l(d2f.o)
    0x080004f6   0x080004f6   0x00000000   Code   RO         7741    .text               mc_w.l(iusefp.o)
    0x080004f6   0x080004f6   0x0000006e   Code   RO         7742    .text               mf_w.l(fepilogue.o)
    0x08000564   0x08000564   0x000000ba   Code   RO         7744    .text               mf_w.l(depilogue.o)
    0x0800061e   0x0800061e   0x00000002   PAD
    0x08000620   0x08000620   0x00000024   Code   RO         7746    .text               mc_w.l(init.o)
    0x08000644   0x08000644   0x0000001e   Code   RO         7748    .text               mc_w.l(llshl.o)
    0x08000662   0x08000662   0x00000020   Code   RO         7750    .text               mc_w.l(llushr.o)
    0x08000682   0x08000682   0x00000002   PAD
    0x08000684   0x08000684   0x00000030   Code   RO         6915    i.BoardCommuni_DataUpdate  boardcommuni.o
    0x080006b4   0x080006b4   0x00000018   Code   RO         6916    i.BoardCommuni_Init  boardcommuni.o
    0x080006cc   0x080006cc   0x00000002   Code   RO         5181    i.BusFault_Handler  stm32f4xx_it.o
    0x080006ce   0x080006ce   0x00000002   PAD
    0x080006d0   0x080006d0   0x00000074   Code   RO         6411    i.CAN1_201_To_204_SEND  can1_isr.o
    0x08000744   0x08000744   0x00000060   Code   RO         6412    i.CAN1_205_To_206_SEND  can1_isr.o
    0x080007a4   0x080007a4   0x00000060   Code   RO         6414    i.CAN1_207_To_208_SEND  can1_isr.o
    0x08000804   0x08000804   0x000000f4   Code   RO         6207    i.CAN1_Init_GPIOD_IO0_IO1  can.o
    0x080008f8   0x080008f8   0x000001c8   Code   RO         6415    i.CAN1_RX0_IRQHandler  can1_isr.o
    0x08000ac0   0x08000ac0   0x0000006c   Code   RO         6416    i.CAN1_SEND_6020_7  can1_isr.o
    0x08000b2c   0x08000b2c   0x00000074   Code   RO         6477    i.CAN2_205_To_208_SEND  can2_isr.o
    0x08000ba0   0x08000ba0   0x000000f4   Code   RO         6209    i.CAN2_Init_GPIOB_IO5_IO6  can.o
    0x08000c94   0x08000c94   0x000000a4   Code   RO         6478    i.CAN2_RX0_IRQHandler  can2_isr.o
    0x08000d38   0x08000d38   0x00000078   Code   RO         6479    i.CAN2_To_Board     can2_isr.o
    0x08000db0   0x08000db0   0x00000030   Code   RO          734    i.CAN_ClearFlag     stm32f4xx_can.o
    0x08000de0   0x08000de0   0x00000088   Code   RO          735    i.CAN_ClearITPendingBit  stm32f4xx_can.o
    0x08000e68   0x08000e68   0x00000158   Code   RO         6548    i.CAN_DATA_Encoder_Deal  encoder.o
    0x08000fc0   0x08000fc0   0x0000000e   Code   RO         6549    i.CAN_DATA_Speed_Deal  encoder.o
    0x08000fce   0x08000fce   0x00000002   PAD
    0x08000fd0   0x08000fd0   0x00000038   Code   RO          737    i.CAN_DeInit        stm32f4xx_can.o
    0x08001008   0x08001008   0x000000d4   Code   RO          739    i.CAN_FilterInit    stm32f4xx_can.o
    0x080010dc   0x080010dc   0x000000cc   Code   RO          741    i.CAN_GetITStatus   stm32f4xx_can.o
    0x080011a8   0x080011a8   0x00000014   Code   RO          745    i.CAN_ITConfig      stm32f4xx_can.o
    0x080011bc   0x080011bc   0x00000104   Code   RO          746    i.CAN_Init          stm32f4xx_can.o
    0x080012c0   0x080012c0   0x00000082   Code   RO          749    i.CAN_Receive       stm32f4xx_can.o
    0x08001342   0x08001342   0x00000020   Code   RO          752    i.CAN_StructInit    stm32f4xx_can.o
    0x08001362   0x08001362   0x000000b6   Code   RO          754    i.CAN_Transmit      stm32f4xx_can.o
    0x08001418   0x08001418   0x00000088   Code   RO          755    i.CAN_TransmitStatus  stm32f4xx_can.o
    0x080014a0   0x080014a0   0x00000020   Code   RO         7278    i.CTRL_GRASP_Prepare  chassis_fsm.o
    0x080014c0   0x080014c0   0x00000014   Code   RO         7279    i.CTRL_GRASP_State  chassis_fsm.o
    0x080014d4   0x080014d4   0x00000238   Code   RO         6956    i.Chassis_Auto_Drive  chassismotor.o
    0x0800170c   0x0800170c   0x000000f8   Code   RO         6957    i.Chassis_Barrier   chassismotor.o
    0x08001804   0x08001804   0x00000100   Code   RO         7280    i.Chassis_FSM_Init  chassis_fsm.o
    0x08001904   0x08001904   0x00000268   Code   RO         6958    i.Chassis_Indepen_Drive  chassismotor.o
    0x08001b6c   0x08001b6c   0x00000080   Code   RO         7244    i.Chassis_Init      chassis_task.o
    0x08001bec   0x08001bec   0x00000038   Code   RO         7281    i.Chassis_Normal_bhv  chassis_fsm.o
    0x08001c24   0x08001c24   0x00000024   Code   RO         6959    i.Chassis_Poweroff_Drive  chassismotor.o
    0x08001c48   0x08001c48   0x00000154   Code   RO         6960    i.Chassis_Rescue    chassismotor.o
    0x08001d9c   0x08001d9c   0x00000218   Code   RO         6961    i.Chassis_Rotation_Drive  chassismotor.o
    0x08001fb4   0x08001fb4   0x000000d4   Code   RO         6962    i.Chassis_Straight_Drive  chassismotor.o
    0x08002088   0x08002088   0x0000002c   Code   RO         7245    i.Chassis_Task      chassis_task.o
    0x080020b4   0x080020b4   0x000002e8   Code   RO         6963    i.Chassis_Wiggle_Drive  chassismotor.o
    0x0800239c   0x0800239c   0x0000000c   Code   RO          757    i.CheckITStatus     stm32f4xx_can.o
    0x080023a8   0x080023a8   0x00000040   Code   RO         6659    i.DMA2_Stream1_IRQHandler  remote_isr.o
    0x080023e8   0x080023e8   0x00000040   Code   RO         6660    i.DMA2_Stream5_IRQHandler  remote_isr.o
    0x08002428   0x08002428   0x0000002c   Code   RO         1434    i.DMA_ClearFlag     stm32f4xx_dma.o
    0x08002454   0x08002454   0x0000002c   Code   RO         1435    i.DMA_ClearITPendingBit  stm32f4xx_dma.o
    0x08002480   0x08002480   0x00000018   Code   RO         1436    i.DMA_Cmd           stm32f4xx_dma.o
    0x08002498   0x08002498   0x0000012c   Code   RO         1437    i.DMA_DeInit        stm32f4xx_dma.o
    0x080025c4   0x080025c4   0x0000000e   Code   RO         1441    i.DMA_GetCmdStatus  stm32f4xx_dma.o
    0x080025d2   0x080025d2   0x00000006   Code   RO         1442    i.DMA_GetCurrDataCounter  stm32f4xx_dma.o
    0x080025d8   0x080025d8   0x00000034   Code   RO         1445    i.DMA_GetFlagStatus  stm32f4xx_dma.o
    0x0800260c   0x0800260c   0x00000032   Code   RO         1447    i.DMA_ITConfig      stm32f4xx_dma.o
    0x0800263e   0x0800263e   0x00000002   PAD
    0x08002640   0x08002640   0x00000054   Code   RO         1448    i.DMA_Init          stm32f4xx_dma.o
    0x08002694   0x08002694   0x00000004   Code   RO         1451    i.DMA_SetCurrDataCounter  stm32f4xx_dma.o
    0x08002698   0x08002698   0x00000014   Code   RO         7553    i.Dead_Zone         mathlib.o
    0x080026ac   0x080026ac   0x00000002   Code   RO         5182    i.DebugMon_Handler  stm32f4xx_it.o
    0x080026ae   0x080026ae   0x00000002   PAD
    0x080026b0   0x080026b0   0x000000cc   Code   RO         7441    i.Detect_Task       detect_task.o
    0x0800277c   0x0800277c   0x0000002e   Code   RO         6550    i.EncoderValZero    encoder.o
    0x080027aa   0x080027aa   0x00000050   Code   RO         7506    i.FSM_Deal          fsm.o
    0x080027fa   0x080027fa   0x00000038   Code   RO         7526    i.First_Order       filterlib.o
    0x08002832   0x08002832   0x00000010   Code   RO         7527    i.First_Order_Init  filterlib.o
    0x08002842   0x08002842   0x00000058   Code   RO         6812    i.GAME_STATUS       referee_isr.o
    0x0800289a   0x0800289a   0x0000007c   Code   RO         2170    i.GPIO_Init         stm32f4xx_gpio.o
    0x08002916   0x08002916   0x00000020   Code   RO         2171    i.GPIO_PinAFConfig  stm32f4xx_gpio.o
    0x08002936   0x08002936   0x00000004   Code   RO         2177    i.GPIO_ResetBits    stm32f4xx_gpio.o
    0x0800293a   0x0800293a   0x00000004   Code   RO         2178    i.GPIO_SetBits      stm32f4xx_gpio.o
    0x0800293e   0x0800293e   0x00000008   Code   RO         2180    i.GPIO_ToggleBits   stm32f4xx_gpio.o
    0x08002946   0x08002946   0x00000002   PAD
    0x08002948   0x08002948   0x00000028   Code   RO         7282    i.GRASP_RC_bhv      chassis_fsm.o
    0x08002970   0x08002970   0x00000030   Code   RO         6868    i.Get_CRC16_Check_Sum  crc.o
    0x080029a0   0x080029a0   0x0000001c   Code   RO         6869    i.Get_CRC8_Check_Sum  crc.o
    0x080029bc   0x080029bc   0x00000020   Code   RO         7465    i.Gimbal_Task       gimbal_task.o
    0x080029dc   0x080029dc   0x00000002   Code   RO         5183    i.HardFault_Handler  stm32f4xx_it.o
    0x080029de   0x080029de   0x00000002   PAD
    0x080029e0   0x080029e0   0x0000004c   Code   RO          312    i.HardwareInit      hardwareinit.o
    0x08002a2c   0x08002a2c   0x00000048   Code   RO          313    i.HardwareMapping   hardwareinit.o
    0x08002a74   0x08002a74   0x00000010   Code   RO         2665    i.IWDG_Enable       stm32f4xx_iwdg.o
    0x08002a84   0x08002a84   0x00000026   Code   RO         6383    i.IWDG_Init         iwdg.o
    0x08002aaa   0x08002aaa   0x00000002   PAD
    0x08002aac   0x08002aac   0x00000010   Code   RO         2667    i.IWDG_ReloadCounter  stm32f4xx_iwdg.o
    0x08002abc   0x08002abc   0x0000000c   Code   RO         2668    i.IWDG_SetPrescaler  stm32f4xx_iwdg.o
    0x08002ac8   0x08002ac8   0x0000000c   Code   RO         2669    i.IWDG_SetReload    stm32f4xx_iwdg.o
    0x08002ad4   0x08002ad4   0x0000000c   Code   RO         2670    i.IWDG_WriteAccessCmd  stm32f4xx_iwdg.o
    0x08002ae0   0x08002ae0   0x00000014   Code   RO         7283    i.Indepen_Prepare   chassis_fsm.o
    0x08002af4   0x08002af4   0x00000014   Code   RO         7284    i.Indepen_State     chassis_fsm.o
    0x08002b08   0x08002b08   0x00000014   Code   RO         7285    i.KeyBoard_Prepare  chassis_fsm.o
    0x08002b1c   0x08002b1c   0x0000010c   Code   RO         7286    i.KeyBoard_State    chassis_fsm.o
    0x08002c28   0x08002c28   0x000002e4   Code   RO         7134    i.Key_Mouse_Deal    remotedeal.o
    0x08002f0c   0x08002f0c   0x00000068   Code   RO         6245    i.LED_Init          gpio.o
    0x08002f74   0x08002f74   0x00000002   Code   RO         5184    i.MemManage_Handler  stm32f4xx_it.o
    0x08002f76   0x08002f76   0x00000002   PAD
    0x08002f78   0x08002f78   0x00000068   Code   RO         7071    i.MotorValZero      motor.o
    0x08002fe0   0x08002fe0   0x00000002   Code   RO         5185    i.NMI_Handler       stm32f4xx_it.o
    0x08002fe2   0x08002fe2   0x00000002   PAD
    0x08002fe4   0x08002fe4   0x00000068   Code   RO          447    i.NVIC_Init         misc.o
    0x0800304c   0x0800304c   0x0000001c   Code   RO         7287    i.Offline_Prepare   chassis_fsm.o
    0x08003068   0x08003068   0x00000014   Code   RO         7288    i.Offline_State     chassis_fsm.o
    0x0800307c   0x0800307c   0x0000013c   Code   RO         7092    i.PID_DEAL          pid.o
    0x080031b8   0x080031b8   0x00000042   Code   RO         7095    i.PID_INIT          pid.o
    0x080031fa   0x080031fa   0x0000009a   Code   RO         6813    i.POWER_HEAT        referee_isr.o
    0x08003294   0x08003294   0x00000114   Code   RO         6778    i.PYR_Deal          pyr_isr.o
    0x080033a8   0x080033a8   0x00000160   Code   RO         7039    i.PY_Motor          gimbalmotor.o
    0x08003508   0x08003508   0x00000114   Code   RO         7040    i.PY_Motor_Init     gimbalmotor.o
    0x0800361c   0x0800361c   0x0000000c   Code   RO         7289    i.PowerOff_bhv      chassis_fsm.o
    0x08003628   0x08003628   0x0000001c   Code   RO         3034    i.RCC_AHB1PeriphClockCmd  stm32f4xx_rcc.o
    0x08003644   0x08003644   0x0000001c   Code   RO         3043    i.RCC_APB1PeriphClockCmd  stm32f4xx_rcc.o
    0x08003660   0x08003660   0x0000001c   Code   RO         3045    i.RCC_APB1PeriphResetCmd  stm32f4xx_rcc.o
    0x0800367c   0x0800367c   0x0000001c   Code   RO         3046    i.RCC_APB2PeriphClockCmd  stm32f4xx_rcc.o
    0x08003698   0x08003698   0x0000001c   Code   RO         3048    i.RCC_APB2PeriphResetCmd  stm32f4xx_rcc.o
    0x080036b4   0x080036b4   0x000000a0   Code   RO         3055    i.RCC_GetClocksFreq  stm32f4xx_rcc.o
    0x08003754   0x08003754   0x000000d4   Code   RO         6661    i.RC_Deal           remote_isr.o
    0x08003828   0x08003828   0x00000048   Code   RO         7557    i.RETURN_MAX        mathlib.o
    0x08003870   0x08003870   0x000000b6   Code   RO         6814    i.ROBOT_STATUS      referee_isr.o
    0x08003926   0x08003926   0x00000002   PAD
    0x08003928   0x08003928   0x0000007c   Code   RO         7135    i.Rc_Deal           remotedeal.o
    0x080039a4   0x080039a4   0x000000d8   Code   RO         6815    i.RefereeDataDeal   referee_isr.o
    0x08003a7c   0x08003a7c   0x00000044   Code   RO         7136    i.Remote_Data_Deal  remotedeal.o
    0x08003ac0   0x08003ac0   0x00000074   Code   RO         7137    i.Remote_Data_Init  remotedeal.o
    0x08003b34   0x08003b34   0x00000068   Code   RO         7138    i.Remote_Data_Zero  remotedeal.o
    0x08003b9c   0x08003b9c   0x00000018   Code   RO         7488    i.Remote_Task       remote_task.o
    0x08003bb4   0x08003bb4   0x00000002   Code   RO         7290    i.Rescue_Prepare    chassis_fsm.o
    0x08003bb6   0x08003bb6   0x00000002   PAD
    0x08003bb8   0x08003bb8   0x00000014   Code   RO         7291    i.Rescue_State      chassis_fsm.o
    0x08003bcc   0x08003bcc   0x00000002   Code   RO         7292    i.Rescue_bhv        chassis_fsm.o
    0x08003bce   0x08003bce   0x00000002   PAD
    0x08003bd0   0x08003bd0   0x00000008   Code   RO         6480    i.Return_CAN2_Board_Data  can2_isr.o
    0x08003bd8   0x08003bd8   0x0000004c   Code   RO         6418    i.Return_Can1_201_208_Encoder  can1_isr.o
    0x08003c24   0x08003c24   0x00000008   Code   RO         6483    i.Return_Can2_206_Encoder  can2_isr.o
    0x08003c2c   0x08003c2c   0x00000008   Code   RO         7293    i.Return_Chassis_FSM  chassis_fsm.o
    0x08003c34   0x08003c34   0x00000008   Code   RO         6779    i.Return_PYR_t      pyr_isr.o
    0x08003c3c   0x08003c3c   0x00000008   Code   RO         7139    i.Return_RemoteDeal_Point  remotedeal.o
    0x08003c44   0x08003c44   0x00000008   Code   RO         6662    i.Return_Remote_Point  remote_isr.o
    0x08003c4c   0x08003c4c   0x00000028   Code   RO         7294    i.Rotation_Normal_bhv  chassis_fsm.o
    0x08003c74   0x08003c74   0x00000014   Code   RO         7295    i.Rotation_Prepare  chassis_fsm.o
    0x08003c88   0x08003c88   0x00000014   Code   RO         7296    i.Rotation_State    chassis_fsm.o
    0x08003c9c   0x08003c9c   0x00000034   Code   RO         6247    i.SWITCH_Init       gpio.o
    0x08003cd0   0x08003cd0   0x0000002c   Code   RO         6917    i.Send_Ctrl_To_Board  boardcommuni.o
    0x08003cfc   0x08003cfc   0x00000070   Code   RO         6918    i.Send_RC_To_Board  boardcommuni.o
    0x08003d6c   0x08003d6c   0x000000b8   Code   RO         5234    i.SetSysClock       system_stm32f4xx.o
    0x08003e24   0x08003e24   0x00000020   Code   RO            3    i.Start_Task        main.o
    0x08003e44   0x08003e44   0x0000000c   Code   RO         7507    i.StateChange       fsm.o
    0x08003e50   0x08003e50   0x0000002c   Code   RO         6128    i.SysTick_Handler   port.o
    0x08003e7c   0x08003e7c   0x0000005c   Code   RO         5236    i.SystemInit        system_stm32f4xx.o
    0x08003ed8   0x08003ed8   0x00000088   Code   RO         6699    i.TIM3_IRQHandler   tim_isr.o
    0x08003f60   0x08003f60   0x0000005c   Code   RO         6286    i.TIM3_Init         tim.o
    0x08003fbc   0x08003fbc   0x00000006   Code   RO         4376    i.TIM_ClearITPendingBit  stm32f4xx_tim.o
    0x08003fc2   0x08003fc2   0x00000018   Code   RO         4381    i.TIM_Cmd           stm32f4xx_tim.o
    0x08003fda   0x08003fda   0x00000018   Code   RO         4402    i.TIM_GetITStatus   stm32f4xx_tim.o
    0x08003ff2   0x08003ff2   0x00000014   Code   RO         4406    i.TIM_ITConfig      stm32f4xx_tim.o
    0x08004006   0x08004006   0x00000002   PAD
    0x08004008   0x08004008   0x0000007c   Code   RO         4453    i.TIM_TimeBaseInit  stm32f4xx_tim.o
    0x08004084   0x08004084   0x00000038   Code   RO         6726    i.TURN_FLOAT        vision_isr.o
    0x080040bc   0x080040bc   0x000000a4   Code   RO          361    i.TaskInit          taskinit.o
    0x08004160   0x08004160   0x0000010c   Code   RO         6314    i.UART4_GYRO_INIT_PC11_RX_PC10_TX  usart.o
    0x0800426c   0x0800426c   0x00000080   Code   RO         6780    i.UART4_IRQHandler  pyr_isr.o
    0x080042ec   0x080042ec   0x00000114   Code   RO         6315    i.USART1_RC_INIT_PA10_RX  usart.o
    0x08004400   0x08004400   0x00000078   Code   RO         6611    i.USART2_IRQHandler  gyro_isr.o
    0x08004478   0x08004478   0x00000080   Code   RO         6727    i.USART3_IRQHandler  vision_isr.o
    0x080044f8   0x080044f8   0x00000080   Code   RO         6817    i.USART6_IRQHandler  referee_isr.o
    0x08004578   0x08004578   0x00000018   Code   RO         4931    i.USART_Cmd         stm32f4xx_usart.o
    0x08004590   0x08004590   0x00000014   Code   RO         4932    i.USART_DMACmd      stm32f4xx_usart.o
    0x080045a4   0x080045a4   0x00000100   Code   RO         4933    i.USART_DeInit      stm32f4xx_usart.o
    0x080046a4   0x080046a4   0x00000040   Code   RO         4935    i.USART_GetITStatus  stm32f4xx_usart.o
    0x080046e4   0x080046e4   0x00000036   Code   RO         4937    i.USART_ITConfig    stm32f4xx_usart.o
    0x0800471a   0x0800471a   0x00000002   PAD
    0x0800471c   0x0800471c   0x000000bc   Code   RO         4938    i.USART_Init        stm32f4xx_usart.o
    0x080047d8   0x080047d8   0x0000002c   Code   RO         7297    i.Upper_Device_bhv  chassis_fsm.o
    0x08004804   0x08004804   0x00000002   Code   RO         5186    i.UsageFault_Handler  stm32f4xx_it.o
    0x08004806   0x08004806   0x00000002   PAD
    0x08004808   0x08004808   0x000000b8   Code   RO         6728    i.VISION_DATA_DEAL  vision_isr.o
    0x080048c0   0x080048c0   0x00000040   Code   RO         6870    i.Verify_CRC16_Check_Sum  crc.o
    0x08004900   0x08004900   0x0000002e   Code   RO         6871    i.Verify_CRC8_Check_Sum  crc.o
    0x0800492e   0x0800492e   0x00000002   PAD
    0x08004930   0x08004930   0x0000016c   Code   RO         6964    i.Wheel_Motor_Init  chassismotor.o
    0x08004a9c   0x08004a9c   0x00000028   Code   RO         7298    i.Wiggle_Normal_bhv  chassis_fsm.o
    0x08004ac4   0x08004ac4   0x00000014   Code   RO         7299    i.Wiggle_Prepare    chassis_fsm.o
    0x08004ad8   0x08004ad8   0x00000014   Code   RO         7300    i.Wiggle_State      chassis_fsm.o
    0x08004aec   0x08004aec   0x0000000e   Code   RO         7754    i.__scatterload_copy  mc_w.l(handlers.o)
    0x08004afa   0x08004afa   0x00000002   Code   RO         7755    i.__scatterload_null  mc_w.l(handlers.o)
    0x08004afc   0x08004afc   0x0000000e   Code   RO         7756    i.__scatterload_zeroinit  mc_w.l(handlers.o)
    0x08004b0a   0x08004b0a   0x00000002   PAD
    0x08004b0c   0x08004b0c   0x000000b4   Code   RO         7651    i.cos_calculate     triangles.o
    0x08004bc0   0x08004bc0   0x00000010   Code   RO         7559    i.float_abs         mathlib.o
    0x08004bd0   0x08004bd0   0x000000c8   Code   RO         6612    i.gyro_deal         gyro_isr.o
    0x08004c98   0x08004c98   0x0000000a   Code   RO         7562    i.int16_t_abs       mathlib.o
    0x08004ca2   0x08004ca2   0x00000010   Code   RO         7563    i.limit             mathlib.o
    0x08004cb2   0x08004cb2   0x00000002   PAD
    0x08004cb4   0x08004cb4   0x00000038   Code   RO            4    i.main              main.o
    0x08004cec   0x08004cec   0x00000070   Code   RO         5545    i.prvAddCurrentTaskToDelayedList  tasks.o
    0x08004d5c   0x08004d5c   0x0000008c   Code   RO         5546    i.prvAddNewTaskToReadyList  tasks.o
    0x08004de8   0x08004de8   0x00000050   Code   RO         5374    i.prvCheckForValidListAndQueue  timers.o
    0x08004e38   0x08004e38   0x00000054   Code   RO         5547    i.prvCheckTasksWaitingTermination  tasks.o
    0x08004e8c   0x08004e8c   0x00000028   Code   RO         5885    i.prvCopyDataFromQueue  queue.o
    0x08004eb4   0x08004eb4   0x0000006e   Code   RO         5886    i.prvCopyDataToQueue  queue.o
    0x08004f22   0x08004f22   0x00000014   Code   RO         5548    i.prvDeleteTCB      tasks.o
    0x08004f36   0x08004f36   0x00000002   PAD
    0x08004f38   0x08004f38   0x00000024   Code   RO         5375    i.prvGetNextExpireTime  timers.o
    0x08004f5c   0x08004f5c   0x0000004c   Code   RO         6078    i.prvHeapInit       heap_4.o
    0x08004fa8   0x08004fa8   0x00000028   Code   RO         5549    i.prvIdleTask       tasks.o
    0x08004fd0   0x08004fd0   0x00000022   Code   RO         5888    i.prvInitialiseNewQueue  queue.o
    0x08004ff2   0x08004ff2   0x0000009a   Code   RO         5550    i.prvInitialiseNewTask  tasks.o
    0x0800508c   0x0800508c   0x00000058   Code   RO         5551    i.prvInitialiseTaskLists  tasks.o
    0x080050e4   0x080050e4   0x00000054   Code   RO         6079    i.prvInsertBlockIntoFreeList  heap_4.o
    0x08005138   0x08005138   0x00000040   Code   RO         5377    i.prvInsertTimerInActiveList  timers.o
    0x08005178   0x08005178   0x0000001a   Code   RO         5889    i.prvIsQueueEmpty   queue.o
    0x08005192   0x08005192   0x0000001e   Code   RO         5890    i.prvIsQueueFull    queue.o
    0x080051b0   0x080051b0   0x0000005c   Code   RO         5378    i.prvProcessExpiredTimer  timers.o
    0x0800520c   0x0800520c   0x000000b8   Code   RO         5379    i.prvProcessReceivedCommands  timers.o
    0x080052c4   0x080052c4   0x0000006c   Code   RO         5380    i.prvProcessTimerOrBlockTask  timers.o
    0x08005330   0x08005330   0x00000024   Code   RO         5553    i.prvResetNextTaskUnblockTime  tasks.o
    0x08005354   0x08005354   0x0000002c   Code   RO         5381    i.prvSampleTimeNow  timers.o
    0x08005380   0x08005380   0x0000006c   Code   RO         5382    i.prvSwitchTimerLists  timers.o
    0x080053ec   0x080053ec   0x0000002c   Code   RO         6129    i.prvTaskExitError  port.o
    0x08005418   0x08005418   0x00000014   Code   RO         5383    i.prvTimerTask      timers.o
    0x0800542c   0x0800542c   0x0000006a   Code   RO         5891    i.prvUnlockQueue    queue.o
    0x08005496   0x08005496   0x00000002   PAD
    0x08005498   0x08005498   0x000000d4   Code   RO         6080    i.pvPortMalloc      heap_4.o
    0x0800556c   0x0800556c   0x00000018   Code   RO         5556    i.pvTaskIncrementMutexHeldCount  tasks.o
    0x08005584   0x08005584   0x00000024   Code   RO         6130    i.pxPortInitialiseStack  port.o
    0x080055a8   0x080055a8   0x00000024   Code   RO         5507    i.uxListRemove      list.o
    0x080055cc   0x080055cc   0x00000016   Code   RO         5508    i.vListInitialise   list.o
    0x080055e2   0x080055e2   0x00000006   Code   RO         5509    i.vListInitialiseItem  list.o
    0x080055e8   0x080055e8   0x00000030   Code   RO         5510    i.vListInsert       list.o
    0x08005618   0x08005618   0x00000018   Code   RO         5511    i.vListInsertEnd    list.o
    0x08005630   0x08005630   0x00000040   Code   RO         6132    i.vPortEnterCritical  port.o
    0x08005670   0x08005670   0x0000002c   Code   RO         6133    i.vPortExitCritical  port.o
    0x0800569c   0x0800569c   0x0000005c   Code   RO         6081    i.vPortFree         heap_4.o
    0x080056f8   0x080056f8   0x00000020   Code   RO         6134    i.vPortSetupTimerInterrupt  port.o
    0x08005718   0x08005718   0x00000054   Code   RO         6135    i.vPortValidateInterruptPriority  port.o
    0x0800576c   0x0800576c   0x00000024   Code   RO         5897    i.vQueueAddToRegistry  queue.o
    0x08005790   0x08005790   0x00000046   Code   RO         5901    i.vQueueWaitForMessageRestricted  queue.o
    0x080057d6   0x080057d6   0x00000002   PAD
    0x080057d8   0x080057d8   0x00000050   Code   RO         5564    i.vTaskDelay        tasks.o
    0x08005828   0x08005828   0x000000ac   Code   RO         5566    i.vTaskDelete       tasks.o
    0x080058d4   0x080058d4   0x0000000c   Code   RO         5569    i.vTaskMissedYield  tasks.o
    0x080058e0   0x080058e0   0x00000034   Code   RO         5571    i.vTaskPlaceOnEventList  tasks.o
    0x08005914   0x08005914   0x0000003c   Code   RO         5572    i.vTaskPlaceOnEventListRestricted  tasks.o
    0x08005950   0x08005950   0x00000088   Code   RO         5574    i.vTaskPriorityInherit  tasks.o
    0x080059d8   0x080059d8   0x00000024   Code   RO         5578    i.vTaskSetTimeOutState  tasks.o
    0x080059fc   0x080059fc   0x00000070   Code   RO         5579    i.vTaskStartScheduler  tasks.o
    0x08005a6c   0x08005a6c   0x00000010   Code   RO         5581    i.vTaskSuspendAll   tasks.o
    0x08005a7c   0x08005a7c   0x00000060   Code   RO         5582    i.vTaskSwitchContext  tasks.o
    0x08005adc   0x08005adc   0x000000e0   Code   RO         6136    i.xPortStartScheduler  port.o
    0x08005bbc   0x08005bbc   0x00000044   Code   RO         5904    i.xQueueGenericCreate  queue.o
    0x08005c00   0x08005c00   0x00000188   Code   RO         5905    i.xQueueGenericReceive  queue.o
    0x08005d88   0x08005d88   0x0000008c   Code   RO         5906    i.xQueueGenericReset  queue.o
    0x08005e14   0x08005e14   0x00000164   Code   RO         5907    i.xQueueGenericSend  queue.o
    0x08005f78   0x08005f78   0x000000be   Code   RO         5908    i.xQueueGenericSendFromISR  queue.o
    0x08006036   0x08006036   0x00000002   PAD
    0x08006038   0x08006038   0x00000074   Code   RO         5583    i.xTaskCheckForTimeOut  tasks.o
    0x080060ac   0x080060ac   0x00000060   Code   RO         5584    i.xTaskCreate       tasks.o
    0x0800610c   0x0800610c   0x0000001c   Code   RO         5588    i.xTaskGetSchedulerState  tasks.o
    0x08006128   0x08006128   0x0000000c   Code   RO         5589    i.xTaskGetTickCount  tasks.o
    0x08006134   0x08006134   0x000000cc   Code   RO         5591    i.xTaskIncrementTick  tasks.o
    0x08006200   0x08006200   0x00000098   Code   RO         5594    i.xTaskPriorityDisinherit  tasks.o
    0x08006298   0x08006298   0x0000007c   Code   RO         5595    i.xTaskRemoveFromEventList  tasks.o
    0x08006314   0x08006314   0x000000d0   Code   RO         5597    i.xTaskResumeAll    tasks.o
    0x080063e4   0x080063e4   0x00000050   Code   RO         5387    i.xTimerCreateTimerTask  timers.o
    0x08006434   0x08006434   0x00000068   Code   RO         5388    i.xTimerGenericCommand  timers.o
    0x0800649c   0x0800649c   0x00000300   Data   RO         6873    .constdata          crc.o
    0x0800679c   0x0800679c   0x00000048   Data   RO         6965    .constdata          chassismotor.o
    0x080067e4   0x080067e4   0x00000e14   Data   RO         7653    .constdata          triangles.o
    0x080075f8   0x080075f8   0x00000020   Data   RO         7752    Region$$Table       anon$$obj.o


    Execution Region RW_IRAM1 (Exec base: 0x20000000, Load base: 0x08007618, Size: 0x00014048, Max: 0x00020000, ABSOLUTE)

    Exec Addr    Load Addr    Size         Type   Attr      Idx    E Section Name        Object

    0x20000000   0x08007618   0x00000004   Data   RW            5    .data               main.o
    0x20000004   0x0800761c   0x00000010   Data   RW          362    .data               taskinit.o
    0x20000014   0x0800762c   0x00000010   Data   RW         3087    .data               stm32f4xx_rcc.o
    0x20000024   0x0800763c   0x00000014   Data   RW         5237    .data               system_stm32f4xx.o
    0x20000038   0x08007650   0x00000014   Data   RW         5394    .data               timers.o
    0x2000004c   0x08007664   0x0000003c   Data   RW         5600    .data               tasks.o
    0x20000088   0x080076a0   0x00000018   Data   RW         6086    .data               heap_4.o
    0x200000a0   0x080076b8   0x0000000c   Data   RW         6137    .data               port.o
    0x200000ac   0x080076c4   0x00000008   Data   RW         6486    .data               can2_isr.o
    0x200000b4   0x080076cc   0x00000008   Data   RW         6700    .data               tim_isr.o
    0x200000bc   0x080076d4   0x00000002   Data   RW         6874    .data               crc.o
    0x200000be   0x080076d6   0x00000002   PAD
    0x200000c0   0x080076d8   0x00000014   Data   RW         6919    .data               boardcommuni.o
    0x200000d4   0x080076ec   0x0000000c   Data   RW         6966    .data               chassismotor.o
    0x200000e0   0x080076f8   0x00000001   Data   RW         7141    .data               remotedeal.o
    0x200000e1   0x080076f9   0x00000001   PAD
    0x200000e2   0x080076fa   0x00000002   Data   RW         7442    .data               detect_task.o
    0x200000e4   0x080076fc   0x00000002   Data   RW         7566    .data               mathlib.o
    0x200000e6   0x080076fe   0x00000002   PAD
    0x200000e8        -       0x0000002c   Zero   RW          314    .bss                hardwareinit.o
    0x20000114        -       0x00000028   Zero   RW         5393    .bss                timers.o
    0x2000013c        -       0x000001a4   Zero   RW         5599    .bss                tasks.o
    0x200002e0        -       0x00000040   Zero   RW         5916    .bss                queue.o
    0x20000320        -       0x00012c00   Zero   RW         6085    .bss                heap_4.o
    0x20012f20        -       0x00000112   Zero   RW         6322    .bss                usart.o
    0x20013032        -       0x00000158   Zero   RW         6419    .bss                can1_isr.o
    0x2001318a        -       0x00000085   Zero   RW         6485    .bss                can2_isr.o
    0x2001320f        -       0x00000031   Zero   RW         6615    .bss                gyro_isr.o
    0x20013240        -       0x0000001f   Zero   RW         6663    .bss                remote_isr.o
    0x2001325f        -       0x0000003f   Zero   RW         6731    .bss                vision_isr.o
    0x2001329e        -       0x00000095   Zero   RW         6781    .bss                pyr_isr.o
    0x20013333        -       0x000001a4   Zero   RW         6818    .bss                referee_isr.o
    0x200134d7        -       0x00000067   Zero   RW         7140    .bss                remotedeal.o
    0x2001353e        -       0x000004ca   Zero   RW         7246    .bss                chassis_task.o
    0x20013a08        -       0x000000d0   Zero   RW         7301    .bss                chassis_fsm.o
    0x20013ad8        -       0x0000016e   Zero   RW         7466    .bss                gimbal_task.o
    0x20013c46   0x080076fe   0x00000002   PAD
    0x20013c48        -       0x00000400   Zero   RW          438    STACK               startup_stm32f40_41xxx.o


==============================================================================

Image component sizes


      Code (inc. data)   RO Data    RW Data    ZI Data      Debug   Object Name

       228         18          0         20          0       3652   boardcommuni.o
       488         18          0          0          0       2224   can.o
       948         58          0          0        344       6322   can1_isr.o
       416         32          0          8        133       4583   can2_isr.o
      1028        228          0          0        208      13671   chassis_fsm.o
       172         52          0          0       1226       3133   chassis_task.o
      3664        112         72         12          0       9744   chassismotor.o
       186         12        768          2          0       4217   crc.o
       204         18          0          2          0       1009   detect_task.o
       404         10          0          0          0       2711   encoder.o
         0          0          0          0          0      12044   event_groups.o
        72          0          0          0          0       1661   filterlib.o
        92          0          0          0          0       1801   fsm.o
        32          4          0          0        366        886   gimbal_task.o
       628         46          0          0          0       2136   gimbalmotor.o
       156         16          0          0          0       1245   gpio.o
       320         24          0          0         49       2478   gyro_isr.o
       148         42          0          0         44       2223   hardwareinit.o
       464         22          0         24      76800       4847   heap_4.o
        38          0          0          0          0        684   iwdg.o
       136          0          0          0          0       3538   list.o
        88         28          0          4          0     315127   main.o
       134          6          0          2          0       3687   mathlib.o
       104          6          0          0          0       1156   misc.o
       104          6          0          0          0       1051   motor.o
       382          4          0          0          0       2270   pid.o
       754         84          0         12          0      11933   port.o
       412         52          0          0        149       2804   pyr_isr.o
      1598         18          0          0         64      14905   queue.o
       768         22          0          0        420       8116   referee_isr.o
       348         40          0          0         31       3283   remote_isr.o
        24          0          0          0          0        614   remote_task.o
      1160         40          0          1        103       4925   remotedeal.o
        36          8        392          0       1024        896   startup_stm32f40_41xxx.o
      1428         46          0          0          0      10265   stm32f4xx_can.o
       622         62          0          0          0       8402   stm32f4xx_dma.o
       172          0          0          0          0       3745   stm32f4xx_gpio.o
        12          0          0          0          0       3109   stm32f4xx_it.o
        68         30          0          0          0       2810   stm32f4xx_iwdg.o
       300         44          0         16          0       6445   stm32f4xx_rcc.o
       198         28          0          0          0       4142   stm32f4xx_tim.o
       606         40          0          0          0       6016   stm32f4xx_usart.o
       276         34          0         20          0       2037   system_stm32f4xx.o
       164         72          0         16          0       8026   taskinit.o
      2410        216          0         60        420      25231   tasks.o
        92          4          0          0          0        740   tim.o
       136         12          0          8          0       1025   tim_isr.o
       920         88          0         20         40      20999   timers.o
       180         24       3604          0          0       1518   triangles.o
       544         46          0          0        274       2724   usart.o
       368         34          0          0         63       3500   vision_isr.o

    ----------------------------------------------------------------------
     24276       1806       4868        232      81760     566310   Object Totals
         0          0         32          0          0          0   (incl. Generated)
        44          0          0          5          2          0   (incl. Padding)

    ----------------------------------------------------------------------

      Code (inc. data)   RO Data    RW Data    ZI Data      Debug   Library Member Name

         0          0          0          0          0          0   entry.o
         0          0          0          0          0          0   entry10a.o
         0          0          0          0          0          0   entry11a.o
         8          4          0          0          0          0   entry2.o
         4          0          0          0          0          0   entry5.o
         0          0          0          0          0          0   entry7b.o
         0          0          0          0          0          0   entry8b.o
         8          4          0          0          0          0   entry9a.o
        30          0          0          0          0          0   handlers.o
        36          8          0          0          0         68   init.o
         0          0          0          0          0          0   iusefp.o
        30          0          0          0          0         68   llshl.o
        32          0          0          0          0         68   llushr.o
        36          0          0          0          0         68   memcpya.o
        36          0          0          0          0        108   memseta.o
        56          0          0          0          0         88   d2f.o
       222          0          0          0          0        100   ddiv.o
       186          0          0          0          0        176   depilogue.o
        34          0          0          0          0         76   dflti.o
        26          0          0          0          0         76   dfltui.o
       228          0          0          0          0         96   dmul.o
       110          0          0          0          0        168   fepilogue.o

    ----------------------------------------------------------------------
      1088         16          0          0          0       1160   Library Totals
         6          0          0          0          0          0   (incl. Padding)

    ----------------------------------------------------------------------

      Code (inc. data)   RO Data    RW Data    ZI Data      Debug   Library Name

       220         16          0          0          0        380   mc_w.l
       862          0          0          0          0        780   mf_w.l

    ----------------------------------------------------------------------
      1088         16          0          0          0       1160   Library Totals

    ----------------------------------------------------------------------

==============================================================================


      Code (inc. data)   RO Data    RW Data    ZI Data      Debug   

     25364       1822       4868        232      81760     544454   Grand Totals
     25364       1822       4868        232      81760     544454   ELF Image Totals
     25364       1822       4868        232          0          0   ROM Totals

==============================================================================

    Total RO  Size (Code + RO Data)                30232 (  29.52kB)
    Total RW  Size (RW Data + ZI Data)             81992 (  80.07kB)
    Total ROM Size (Code + RO Data + RW Data)      30464 (  29.75kB)

==============================================================================

